../Drivers/STM32WBxx_HAL_Driver/Inc/stm32wbxx_ll_system.h:2223:26:LL_FLASH_GetUDN	4	static
../Drivers/STM32WBxx_HAL_Driver/Inc/stm32wbxx_ll_system.h:2235:26:LL_FLASH_GetDeviceID	4	static
../Drivers/STM32WBxx_HAL_Driver/Inc/stm32wbxx_ll_system.h:2247:26:LL_FLASH_GetSTCompanyID	4	static
../STM32_WPAN/App/app_ble.c:1786:6:APP_BLE_Init	80	static
../STM32_WPAN/App/app_ble.c:1922:28:SVCCTL_App_Notification	120	static
../STM32_WPAN/App/app_ble.c:2276:10:getServerSerialNumber	4	static
../STM32_WPAN/App/app_ble.c:2280:6:setTargetSerialNumber	16	static
../STM32_WPAN/App/app_ble.c:2287:6:validateSerialNumber	16	static
../STM32_WPAN/App/app_ble.c:2296:22:APP_BLE_Get_Client_Connection_Status	16	static
../STM32_WPAN/App/app_ble.c:2305:6:APP_BLE_Key_Button1_Action	8	static
../STM32_WPAN/App/app_ble.c:2321:6:APP_BLE_Key_Button2_Action	4	static
../STM32_WPAN/App/app_ble.c:2325:6:APP_BLE_Key_Button3_Action	4	static
../STM32_WPAN/App/app_ble.c:2334:13:Ble_Tl_Init	16	static
../STM32_WPAN/App/app_ble.c:2345:13:Ble_Hci_Gap_Gatt_Init	72	static
../STM32_WPAN/App/app_ble.c:2559:13:Scan_Request	16	static
../STM32_WPAN/App/app_ble.c:2601:13:Connect_Request	48	static
../STM32_WPAN/App/app_ble.c:2646:13:Switch_OFF_GPIO	4	static
../STM32_WPAN/App/app_ble.c:2653:16:BleGetBdAddress	32	static
../STM32_WPAN/App/app_ble.c:2702:6:getClientStatus	16	static
../STM32_WPAN/App/app_ble.c:2746:6:hci_notify_asynch_evt	16	static
../STM32_WPAN/App/app_ble.c:2752:6:hci_cmd_resp_release	16	static
../STM32_WPAN/App/app_ble.c:2758:6:hci_cmd_resp_wait	16	static
../STM32_WPAN/App/app_ble.c:2764:13:BLE_UserEvtRx	24	static
../STM32_WPAN/App/app_ble.c:2784:13:BLE_StatusNot	24	static
../STM32_WPAN/App/app_ble.c:2813:6:SVCCTL_ResumeUserEventFlow	8	static
