../STM32_WPAN/App/app_ble.c:2780:13:BLE_UserEvtRx	8	static
../STM32_WPAN/App/app_ble.c:2617:13:Connect_Request	48	static
../STM32_WPAN/App/app_ble.c:2575:13:Scan_Request	8	static
../STM32_WPAN/App/app_ble.c:2800:13:BLE_StatusNot	0	static
../STM32_WPAN/App/app_ble.c:2662:13:Switch_OFF_GPIO	0	static
../STM32_WPAN/App/app_ble.c:1797:6:APP_BLE_Init	120	static
../STM32_WPAN/App/app_ble.c:1933:28:SVCCTL_App_Notification	40	static
../STM32_WPAN/App/app_ble.c:2292:10:getServerSerialNumber	0	static
../STM32_WPAN/App/app_ble.c:2296:6:setTargetSerialNumber	0	static
../STM32_WPAN/App/app_ble.c:2303:6:validateSerialNumber	0	static
../STM32_WPAN/App/app_ble.c:2312:22:APP_BLE_Get_Client_Connection_Status	0	static
../STM32_WPAN/App/app_ble.c:2321:6:APP_BLE_Key_Button1_Action	8	static
../STM32_WPAN/App/app_ble.c:2337:6:APP_BLE_Key_Button2_Action	0	static
../STM32_WPAN/App/app_ble.c:2341:6:APP_BLE_Key_Button3_Action	0	static
../STM32_WPAN/App/app_ble.c:2718:6:getClientStatus	0	static
../STM32_WPAN/App/app_ble.c:2762:6:hci_notify_asynch_evt	0	static
../STM32_WPAN/App/app_ble.c:2768:6:hci_cmd_resp_release	0	static
../STM32_WPAN/App/app_ble.c:2774:6:hci_cmd_resp_wait	0	static
../STM32_WPAN/App/app_ble.c:2829:6:SVCCTL_ResumeUserEventFlow	0	static
../STM32_WPAN/App/app_ble.c:2844:6:APP_BLE_Disconnect	0	static
../STM32_WPAN/App/app_ble.c:2869:6:getBleStatus	8	static
