../Drivers/STM32WBxx_HAL_Driver/Inc/stm32wbxx_ll_system.h:2223:26:LL_FLASH_GetUDN	4	static
../Drivers/STM32WBxx_HAL_Driver/Inc/stm32wbxx_ll_system.h:2235:26:LL_FLASH_GetDeviceID	4	static
../Drivers/STM32WBxx_HAL_Driver/Inc/stm32wbxx_ll_system.h:2247:26:LL_FLASH_GetSTCompanyID	4	static
../STM32_WPAN/App/app_ble.c:385:6:APP_BLE_Init	80	static
../STM32_WPAN/App/app_ble.c:546:28:SVCCTL_App_Notification	56	static
../STM32_WPAN/App/app_ble.c:866:22:APP_BLE_Get_Server_Connection_Status	4	static
../STM32_WPAN/App/app_ble.c:872:6:APP_BLE_Key_Button1_Action	8	static
../STM32_WPAN/App/app_ble.c:877:6:APP_BLE_DeltaT_Action	8	static
../STM32_WPAN/App/app_ble.c:881:6:APP_BLE_Key_Button2_Action	4	static
../STM32_WPAN/App/app_ble.c:890:6:APP_BLE_Key_Button3_Action	4	static
../STM32_WPAN/App/app_ble.c:901:13:Ble_Tl_Init	16	static
../STM32_WPAN/App/app_ble.c:912:13:Ble_Hci_Gap_Gatt_Init	72	static
../STM32_WPAN/App/app_ble.c:1186:13:Adv_Request	56	static
../STM32_WPAN/App/app_ble.c:1276:16:BleGetBdAddress	32	static
../STM32_WPAN/App/app_ble.c:1333:13:Adv_Cancel	16	static
../STM32_WPAN/App/app_ble.c:1364:13:Adv_Cancel_Req	8	static
../STM32_WPAN/App/app_ble.c:1379:13:Switch_OFF_GPIO	4	static
../STM32_WPAN/App/app_ble.c:1444:6:hci_notify_asynch_evt	16	static
../STM32_WPAN/App/app_ble.c:1451:6:hci_cmd_resp_release	16	static
../STM32_WPAN/App/app_ble.c:1458:6:hci_cmd_resp_wait	16	static
../STM32_WPAN/App/app_ble.c:1465:13:BLE_UserEvtRx	24	static
../STM32_WPAN/App/app_ble.c:1485:13:BLE_StatusNot	24	static
../STM32_WPAN/App/app_ble.c:1524:6:SVCCTL_ResumeUserEventFlow	8	static
