../Drivers/STM32WBxx_HAL_Driver/Inc/stm32wbxx_ll_system.h:2223:26:LL_FLASH_GetUDN	4	static
../Drivers/STM32WBxx_HAL_Driver/Inc/stm32wbxx_ll_system.h:2235:26:LL_FLASH_GetDeviceID	4	static
../Drivers/STM32WBxx_HAL_Driver/Inc/stm32wbxx_ll_system.h:2247:26:LL_FLASH_GetSTCompanyID	4	static
../STM32_WPAN/App/app_ble.c:390:6:APP_BLE_Init	80	static
../STM32_WPAN/App/app_ble.c:551:28:SVCCTL_App_Notification	56	static
../STM32_WPAN/App/app_ble.c:871:22:APP_BLE_Get_Server_Connection_Status	4	static
../STM32_WPAN/App/app_ble.c:877:6:getBleStatus	24	static
../STM32_WPAN/App/app_ble.c:943:6:APP_BLE_Key_Button1_Action	8	static
../STM32_WPAN/App/app_ble.c:948:6:APP_BLE_DeltaT_Action	8	static
../STM32_WPAN/App/app_ble.c:952:6:APP_BLE_Key_Button2_Action	4	static
../STM32_WPAN/App/app_ble.c:961:6:APP_BLE_Key_Button3_Action	4	static
../STM32_WPAN/App/app_ble.c:972:13:Ble_Tl_Init	16	static
../STM32_WPAN/App/app_ble.c:983:13:Ble_Hci_Gap_Gatt_Init	72	static
../STM32_WPAN/App/app_ble.c:1257:13:Adv_Request	56	static
../STM32_WPAN/App/app_ble.c:1347:16:BleGetBdAddress	32	static
../STM32_WPAN/App/app_ble.c:1404:13:Adv_Cancel	16	static
../STM32_WPAN/App/app_ble.c:1435:13:Adv_Cancel_Req	8	static
../STM32_WPAN/App/app_ble.c:1450:13:Switch_OFF_GPIO	4	static
../STM32_WPAN/App/app_ble.c:1515:6:hci_notify_asynch_evt	16	static
../STM32_WPAN/App/app_ble.c:1522:6:hci_cmd_resp_release	16	static
../STM32_WPAN/App/app_ble.c:1529:6:hci_cmd_resp_wait	16	static
../STM32_WPAN/App/app_ble.c:1536:13:BLE_UserEvtRx	24	static
../STM32_WPAN/App/app_ble.c:1556:13:BLE_StatusNot	24	static
../STM32_WPAN/App/app_ble.c:1595:6:SVCCTL_ResumeUserEventFlow	8	static
../STM32_WPAN/App/app_ble.c:1603:6:Advert_Request	8	static
