../STM32_WPAN/App/app_ble.c:1390:13:Switch_OFF_GPIO	0	static
../STM32_WPAN/App/app_ble.c:1375:13:Adv_Cancel_Req	8	static
../STM32_WPAN/App/app_ble.c:1344:13:Adv_Cancel	8	static
../STM32_WPAN/App/app_ble.c:912:13:Ble_Tl_Init	16	static
../STM32_WPAN/App/app_ble.c:1476:13:BLE_UserEvtRx	8	static
../STM32_WPAN/App/app_ble.c:1496:13:BLE_StatusNot	8	static
../STM32_WPAN/App/app_ble.c:1287:16:BleGetBdAddress	8	static
../STM32_WPAN/App/app_ble.c:923:13:Ble_Hci_Gap_Gatt_Init	48	static
../STM32_WPAN/App/app_ble.c:1197:13:Adv_Request	48	static
../STM32_WPAN/App/app_ble.c:390:6:APP_BLE_Init	80	static
../STM32_WPAN/App/app_ble.c:556:28:SVCCTL_App_Notification	24	static
../STM32_WPAN/App/app_ble.c:876:22:APP_BLE_Get_Server_Connection_Status	0	static
../STM32_WPAN/App/app_ble.c:883:6:APP_BLE_Key_Button1_Action	8	static
../STM32_WPAN/App/app_ble.c:888:6:APP_BLE_DeltaT_Action	8	static
../STM32_WPAN/App/app_ble.c:892:6:APP_BLE_Key_Button2_Action	0	static
../STM32_WPAN/App/app_ble.c:901:6:APP_BLE_Key_Button3_Action	0	static
../STM32_WPAN/App/app_ble.c:1455:6:hci_notify_asynch_evt	8	static
../STM32_WPAN/App/app_ble.c:1462:6:hci_cmd_resp_release	8	static
../STM32_WPAN/App/app_ble.c:1469:6:hci_cmd_resp_wait	8	static
../STM32_WPAN/App/app_ble.c:1535:6:SVCCTL_ResumeUserEventFlow	8	static
../STM32_WPAN/App/app_ble.c:1543:6:Advert_Request	8	static
../STM32_WPAN/App/app_ble.c:2844:6:APP_BLE_Disconnect	8	static
../STM32_WPAN/App/app_ble.c:2869:6:getBleStatus	16	static
