../STM32_WPAN/App/app_ble.c:1370:13:Adv_Cancel_Req	0	static
../STM32_WPAN/App/app_ble.c:1471:13:BLE_UserEvtRx	8	static
../STM32_WPAN/App/app_ble.c:1339:13:Adv_Cancel	8	static
../STM32_WPAN/App/app_ble.c:1491:13:BLE_StatusNot	0	static
../STM32_WPAN/App/app_ble.c:1385:13:Switch_OFF_GPIO	0	static
../STM32_WPAN/App/app_ble.c:390:6:APP_BLE_Init	120	static
../STM32_WPAN/App/app_ble.c:551:28:SVCCTL_App_Notification	64	static
../STM32_WPAN/App/app_ble.c:871:22:APP_BLE_Get_Server_Connection_Status	0	static
../STM32_WPAN/App/app_ble.c:878:6:APP_BLE_Key_Button1_Action	0	static
../STM32_WPAN/App/app_ble.c:883:6:APP_BLE_DeltaT_Action	0	static
../STM32_WPAN/App/app_ble.c:887:6:APP_BLE_Key_Button2_Action	0	static
../STM32_WPAN/App/app_ble.c:896:6:APP_BLE_Key_Button3_Action	0	static
../STM32_WPAN/App/app_ble.c:1450:6:hci_notify_asynch_evt	0	static
../STM32_WPAN/App/app_ble.c:1457:6:hci_cmd_resp_release	0	static
../STM32_WPAN/App/app_ble.c:1464:6:hci_cmd_resp_wait	0	static
../STM32_WPAN/App/app_ble.c:1530:6:SVCCTL_ResumeUserEventFlow	0	static
../STM32_WPAN/App/app_ble.c:1538:6:Advert_Request	48	static
../STM32_WPAN/App/app_ble.c:2839:6:APP_BLE_Disconnect	0	static
../STM32_WPAN/App/app_ble.c:2864:6:getBleStatus	8	static
