../STM32_WPAN/App/p2p_client_app.c:288:30:Event_Handler	0	static
../STM32_WPAN/App/p2p_client_app.c:686:6:Button_Trigger_Received	0	static
../STM32_WPAN/App/p2p_client_app.c:702:6:Update_Service	0	static
../STM32_WPAN/App/p2p_client_app.c:183:6:P2PC_APP_Init	8	static
../STM32_WPAN/App/p2p_client_app.c:221:6:P2PC_APP_Notification	0	static
../STM32_WPAN/App/p2p_client_app.c:269:6:P2PC_APP_SW1_Button_Action	8	static
../STM32_WPAN/App/p2p_client_app.c:645:7:GetDeltaTData	0	static
../STM32_WPAN/App/p2p_client_app.c:651:9:P2P_Client_APP_Get_State	0	static
