../lvgl/src/core/lv_group.c:45:6:lv_group_init	8	static
../lvgl/src/core/lv_group.c:50:6:lv_group_deinit	8	static
../lvgl/src/core/lv_group.c:55:14:lv_group_create	16	static
../lvgl/src/core/lv_group.c:74:6:lv_group_delete	32	static
../lvgl/src/core/lv_group.c:106:6:lv_group_set_default	16	static
../lvgl/src/core/lv_group.c:111:14:lv_group_get_default	4	static
../lvgl/src/core/lv_group.c:116:6:lv_group_add_obj	24	static
../lvgl/src/core/lv_group.c:142:6:lv_group_swap_obj	32	static
../lvgl/src/core/lv_group.c:162:6:lv_group_remove_obj	32	static
../lvgl/src/core/lv_group.c:203:6:lv_group_remove_all_objs	32	static
../lvgl/src/core/lv_group.c:223:6:lv_group_focus_obj	40	static
../lvgl/src/core/lv_group.c:256:6:lv_group_focus_next	24	static
../lvgl/src/core/lv_group.c:267:6:lv_group_focus_prev	24	static
../lvgl/src/core/lv_group.c:278:6:lv_group_focus_freeze	16	static
../lvgl/src/core/lv_group.c:286:13:lv_group_send_data	24	static
../lvgl/src/core/lv_group.c:298:6:lv_group_set_focus_cb	16	static
../lvgl/src/core/lv_group.c:305:6:lv_group_set_edge_cb	16	static
../lvgl/src/core/lv_group.c:312:6:lv_group_set_editing	40	static
../lvgl/src/core/lv_group.c:330:6:lv_group_set_refocus_policy	16	static
../lvgl/src/core/lv_group.c:336:6:lv_group_set_wrap	16	static
../lvgl/src/core/lv_group.c:342:12:lv_group_get_focused	16	static
../lvgl/src/core/lv_group.c:350:21:lv_group_get_focus_cb	16	static
../lvgl/src/core/lv_group.c:356:20:lv_group_get_edge_cb	16	static
../lvgl/src/core/lv_group.c:362:6:lv_group_get_editing	16	static
../lvgl/src/core/lv_group.c:368:6:lv_group_get_wrap	16	static
../lvgl/src/core/lv_group.c:374:10:lv_group_get_obj_count	16	static
../lvgl/src/core/lv_group.c:380:12:lv_group_get_obj_by_index	24	static
../lvgl/src/core/lv_group.c:394:10:lv_group_get_count	8	static
../lvgl/src/core/lv_group.c:399:15:lv_group_by_index	24	static
../lvgl/src/core/lv_group.c:417:13:lv_group_refocus	24	static
../lvgl/src/core/lv_group.c:431:13:focus_next_core	56	static
../lvgl/src/core/lv_group.c:514:21:get_indev	32	static
