../lvgl/src/core/lv_obj_draw.c:399:24:get_layer_opa	16	static
../lvgl/src/core/lv_obj_style_gen.h:226:26:lv_obj_get_style_bg_color_filtered	32	static
../lvgl/src/core/lv_obj_style_gen.h:244:26:lv_obj_get_style_bg_grad_color_filtered	32	static
../lvgl/src/core/lv_obj_style_gen.h:328:26:lv_obj_get_style_border_color_filtered	32	static
../lvgl/src/core/lv_obj_style_gen.h:370:26:lv_obj_get_style_outline_color_filtered	32	static
../lvgl/src/core/lv_obj_style_gen.h:544:26:lv_obj_get_style_text_color_filtered	32	static
../lvgl/src/core/lv_obj_style_gen.h:304:26:lv_obj_get_style_bg_image_recolor_filtered	32	static
../lvgl/src/core/lv_obj_style_gen.h:418:26:lv_obj_get_style_shadow_color_filtered	32	static
../lvgl/src/core/lv_obj_style_gen.h:442:26:lv_obj_get_style_image_recolor_filtered	32	static
../lvgl/src/core/lv_obj_style_gen.h:490:26:lv_obj_get_style_line_color_filtered	32	static
../lvgl/src/core/lv_obj_style_gen.h:520:26:lv_obj_get_style_arc_color_filtered	32	static
../lvgl/src/core/lv_obj_draw.c:434:21:image_apply_layer_recolor	32	static
../lvgl/src/core/lv_obj_draw.c:415:19:normal_apply_layer_recolor	32	static
../lvgl/src/core/lv_obj_draw.c:48:6:lv_obj_init_draw_rect_dsc	48	static
../lvgl/src/core/lv_obj_draw.c:168:6:lv_obj_init_draw_label_dsc	24	static
../lvgl/src/core/lv_obj_draw.c:206:6:lv_obj_init_draw_image_dsc	48	static
../lvgl/src/core/lv_obj_draw.c:246:6:lv_obj_init_draw_line_dsc	24	static
../lvgl/src/core/lv_obj_draw.c:287:6:lv_obj_init_draw_arc_dsc	24	static
../lvgl/src/core/lv_obj_draw.c:322:9:lv_obj_calculate_ext_draw_size	32	static
../lvgl/src/core/lv_obj_draw.c:382:9:lv_obj_get_ext_draw_size	0	static
../lvgl/src/core/lv_obj_draw.c:358:6:lv_obj_refresh_ext_draw_size	24	static
../lvgl/src/core/lv_obj_draw.c:388:17:lv_obj_get_layer_type	0	static
