../lvgl/src/core/lv_obj_pos.c:1261:13:transform_point_array	80	static
../lvgl/src/core/lv_obj_pos.c:817:6:lv_obj_get_transformed_area.constprop	56	static
../lvgl/src/core/lv_obj_pos.c:579:9:lv_obj_get_content_height.part.0	32	static
../lvgl/src/core/lv_obj_pos.c:569:9:lv_obj_get_content_width.part.0	32	static
../lvgl/src/core/lv_obj_pos.c:589:6:lv_obj_get_content_coords.part.0	32	static
../lvgl/src/core/lv_obj_pos.c:111:16:calc_dynamic_height	64	static
../lvgl/src/core/lv_obj_pos.c:87:16:calc_dynamic_width	64	static
../lvgl/src/core/lv_obj_pos.c:51:6:lv_obj_set_pos	24	static
../lvgl/src/core/lv_obj_pos.c:59:6:lv_obj_set_x	24	static
../lvgl/src/core/lv_obj_pos.c:73:6:lv_obj_set_y	24	static
../lvgl/src/core/lv_obj_pos.c:225:6:lv_obj_set_size	24	static
../lvgl/src/core/lv_obj_pos.c:233:6:lv_obj_set_width	24	static
../lvgl/src/core/lv_obj_pos.c:246:6:lv_obj_set_height	24	static
../lvgl/src/core/lv_obj_pos.c:259:6:lv_obj_set_content_width	32	static
../lvgl/src/core/lv_obj_pos.c:266:6:lv_obj_set_content_height	32	static
../lvgl/src/core/lv_obj_pos.c:273:6:lv_obj_set_layout	8	static
../lvgl/src/core/lv_obj_pos.c:282:6:lv_obj_is_layout_positioned	24	static
../lvgl/src/core/lv_obj_pos.c:294:6:lv_obj_mark_layout_as_dirty	8	static
../lvgl/src/core/lv_obj_pos.c:329:6:lv_obj_set_align	0	static
../lvgl/src/core/lv_obj_pos.c:334:6:lv_obj_align	24	static
../lvgl/src/core/lv_obj_pos.c:490:6:lv_obj_get_coords	4	static
../lvgl/src/core/lv_obj_pos.c:497:9:lv_obj_get_x	32	static
../lvgl/src/core/lv_obj_pos.c:514:9:lv_obj_get_x2	32	static
../lvgl/src/core/lv_obj_pos.c:521:9:lv_obj_get_y	32	static
../lvgl/src/core/lv_obj_pos.c:538:9:lv_obj_get_y2	32	static
../lvgl/src/core/lv_obj_pos.c:545:9:lv_obj_get_x_aligned	16	static
../lvgl/src/core/lv_obj_pos.c:550:9:lv_obj_get_y_aligned	16	static
../lvgl/src/core/lv_obj_pos.c:555:9:lv_obj_get_width	0	static
../lvgl/src/core/lv_obj_pos.c:562:9:lv_obj_get_height	0	static
../lvgl/src/core/lv_obj_pos.c:569:9:lv_obj_get_content_width	0	static
../lvgl/src/core/lv_obj_pos.c:579:9:lv_obj_get_content_height	0	static
../lvgl/src/core/lv_obj_pos.c:589:6:lv_obj_get_content_coords	0	static
../lvgl/src/core/lv_obj_pos.c:601:9:lv_obj_get_self_width	16	static
../lvgl/src/core/lv_obj_pos.c:608:9:lv_obj_get_self_height	16	static
../lvgl/src/core/lv_obj_pos.c:615:6:lv_obj_refresh_self_size	24	static
../lvgl/src/core/lv_obj_pos.c:777:6:lv_obj_move_children_by	128	static
../lvgl/src/core/lv_obj_pos.c:798:6:lv_obj_transform_point_array	32	static
../lvgl/src/core/lv_obj_pos.c:793:6:lv_obj_transform_point	0	static
../lvgl/src/core/lv_obj_pos.c:817:6:lv_obj_get_transformed_area	56	static
../lvgl/src/core/lv_obj_pos.c:878:6:lv_obj_area_is_visible	56	static
../lvgl/src/core/lv_obj_pos.c:834:6:lv_obj_invalidate_area	32	static
../lvgl/src/core/lv_obj_pos.c:862:6:lv_obj_invalidate.part.0	48	static
../lvgl/src/core/lv_obj_pos.c:137:6:lv_obj_refr_size	72	static
../lvgl/src/core/lv_obj_pos.c:708:6:lv_obj_move_to	72	static
../lvgl/src/core/lv_obj_pos.c:625:6:lv_obj_refr_pos.part.0	64	static
../lvgl/src/core/lv_obj_pos.c:625:6:lv_obj_refr_pos	24	static
../lvgl/src/core/lv_obj_pos.c:1236:13:layout_update_core	24	static
../lvgl/src/core/lv_obj_pos.c:340:6:lv_obj_align_to	56	static
../lvgl/src/core/lv_obj_pos.c:307:6:lv_obj_update_layout	32	static
../lvgl/src/core/lv_obj_pos.c:862:6:lv_obj_invalidate	48	static
../lvgl/src/core/lv_obj_pos.c:930:6:lv_obj_is_visible	24	static
../lvgl/src/core/lv_obj_pos.c:945:6:lv_obj_set_ext_click_area	16	static
../lvgl/src/core/lv_obj_pos.c:953:6:lv_obj_get_click_area	8	static
../lvgl/src/core/lv_obj_pos.c:961:6:lv_obj_hit_test	40	static
../lvgl/src/core/lv_obj_pos.c:981:9:lv_clamp_width	4	static
../lvgl/src/core/lv_obj_pos.c:988:9:lv_clamp_height	4	static
../lvgl/src/core/lv_obj_pos.c:995:6:lv_obj_center	16	static
../lvgl/src/core/lv_obj_pos.c:1000:6:lv_obj_set_transform	0	static
../lvgl/src/core/lv_obj_pos.c:1034:6:lv_obj_reset_transform	0	static
../lvgl/src/core/lv_obj_pos.c:1063:21:lv_obj_get_transform	0	static
