../lvgl/src/core/../misc/lv_style.h:489:30:lv_style_get_prop_inlined	8	static
../lvgl/src/core/lv_obj_style.c:789:23:get_prop_core	48	static
../lvgl/src/core/lv_obj_style.c:1157:23:get_selector_style_prop	24	static
../lvgl/src/core/lv_obj_style.c:895:13:trans_delete	32	static
../lvgl/src/core/lv_obj_style.c:1134:13:style_has_flag	32	static
../lvgl/src/core/lv_obj_style.c:872:13:refresh_children_style	24	static
../lvgl/src/core/lv_obj_style.c:724:21:get_local_style	24	static
../lvgl/src/core/lv_obj_style.c:762:25:get_trans_style	16	static
../lvgl/src/core/lv_obj_style.c:1124:13:fade_anim_cb	8	static
../lvgl/src/core/lv_obj_style.c:84:6:lv_obj_style_init	8	static
../lvgl/src/core/lv_obj_style.c:89:6:lv_obj_style_deinit	8	static
../lvgl/src/core/lv_obj_style.c:340:6:lv_obj_style_get_disabled	4	static
../lvgl/src/core/lv_obj_style.c:354:6:lv_obj_enable_style_refresh	0	static
../lvgl/src/core/lv_obj_style.c:359:18:lv_obj_get_style_prop	16	static
../lvgl/src/core/lv_obj_style.c:1055:24:calculate_layer_type	16	static
../lvgl/src/core/lv_obj_style.c:373:6:lv_obj_has_style_prop	16	static
../lvgl/src/core/lv_obj_style.c:415:16:lv_obj_get_local_style_prop	16	static
../lvgl/src/core/lv_obj_style.c:509:18:lv_obj_style_apply_color_filter	16	static
../lvgl/src/core/lv_obj_style.c:526:22:lv_obj_style_state_compare	40	static
../lvgl/src/core/lv_obj_style.c:587:6:lv_obj_fade_in	112	static
../lvgl/src/core/lv_obj_style.c:600:6:lv_obj_fade_out	120	static
../lvgl/src/core/lv_obj_style.c:612:17:lv_obj_calculate_style_text_align	24	static
../lvgl/src/core/lv_obj_style.c:620:10:lv_obj_get_style_opa_recursive	24	static
../lvgl/src/core/lv_obj_style.c:668:6:lv_obj_update_layer_type	16	static
../lvgl/src/core/lv_obj_style.c:275:6:lv_obj_refresh_style	40	static
../lvgl/src/core/lv_obj_style.c:157:6:lv_obj_replace_style	48	static
../lvgl/src/core/lv_obj_style.c:203:6:lv_obj_remove_style	32	static
../lvgl/src/core/lv_obj_style.c:256:6:lv_obj_remove_style_all	8	static
../lvgl/src/core/lv_obj_style.c:1017:13:trans_anim_completed_cb	24	static
../lvgl/src/core/lv_obj_style.c:98:6:lv_obj_add_style	24	static
../lvgl/src/core/lv_obj_style.c:850:13:report_style_change_core	24	static
../lvgl/src/core/lv_obj_style.c:261:6:lv_obj_report_style_change	16	static
../lvgl/src/core/lv_obj_style.c:323:6:lv_obj_style_set_disabled	16	static
../lvgl/src/core/lv_obj_style.c:386:6:lv_obj_set_local_style_prop	32	static
../lvgl/src/core/lv_obj_style.c:429:6:lv_obj_remove_local_style_prop	24	static
../lvgl/src/core/lv_obj_style.c:1129:13:fade_in_anim_completed	8	static
../lvgl/src/core/lv_obj_style.c:454:6:lv_obj_style_create_transition	136	static
../lvgl/src/core/lv_obj_style.c:994:13:trans_anim_start_cb	16	static
../lvgl/src/core/lv_obj_style.c:929:13:trans_anim_cb	32	static
../lvgl/src/core/lv_obj_style.c:678:14:lv_obj_style_apply_recolor	40	static
../lvgl/src/core/lv_obj_style.c:689:14:lv_obj_get_style_recolor_recursive	40	static
