../lvgl/src/core/lv_refr.c:1428:13:wait_for_flushing	8	static
../lvgl/src/core/lv_refr.c:1402:13:call_flush_cb	32	static
../lvgl/src/core/lv_refr.c:1173:13:alpha_test_area_on_obj	24	static
../lvgl/src/core/lv_refr.c:608:13:lv_refr_join_area	48	static
../lvgl/src/core/lv_refr.c:647:13:refr_sync_areas	136	static
../lvgl/src/core/lv_refr.c:1312:17:get_max_row	32	static
../lvgl/src/core/lv_refr.c:1360:13:draw_buf_flush	16	static
../lvgl/src/core/lv_refr.c:832:13:layer_reshape_draw_buf	32	static
../lvgl/src/core/lv_refr.c:1129:20:layer_get_area	80	static
../lvgl/src/core/lv_refr.c:80:6:lv_refr_init	0	static
../lvgl/src/core/lv_refr.c:84:6:lv_refr_deinit	0	static
../lvgl/src/core/lv_refr.c:265:6:lv_inv_area	48	static
../lvgl/src/core/lv_refr.c:342:16:lv_refr_get_disp_refreshing	0	static
../lvgl/src/core/lv_refr.c:351:6:lv_refr_set_disp_refreshing	0	static
../lvgl/src/core/lv_refr.c:451:12:lv_refr_get_top_obj	32	static
../lvgl/src/core/lv_refr.c:488:6:lv_obj_refr	232	static
../lvgl/src/core/lv_refr.c:105:6:lv_obj_redraw	312	static
../lvgl/src/core/lv_refr.c:1076:13:refr_obj_and_children	32	static
../lvgl/src/core/lv_refr.c:953:13:refr_configured_layer	40	static
../lvgl/src/core/lv_refr.c:848:13:refr_area	64	static
../lvgl/src/core/lv_refr.c:749:13:refr_invalid_areas	64	static
../lvgl/src/core/lv_refr.c:356:6:lv_display_refr_timer	8	static
../lvgl/src/core/lv_refr.c:88:6:lv_refr_now	8	static
