../lvgl/src/libs/gif/AnimatedGIF/src/gif.c:177:16:seekMem	0	static
../lvgl/src/libs/gif/AnimatedGIF/src/gif.c:712:12:GIFGetMoreData	24	static
../lvgl/src/libs/gif/AnimatedGIF/src/gif.c:746:13:DrawCooked	32	static
../lvgl/src/libs/gif/AnimatedGIF/src/gif.c:1059:12:LZWCopyBytes	20	static
../lvgl/src/libs/gif/AnimatedGIF/src/gif.c:1136:12:DecodeLZWTurbo	144	static
../lvgl/src/libs/gif/AnimatedGIF/src/gif.c:163:16:readMem	16	static
../lvgl/src/libs/gif/AnimatedGIF/src/gif.c:243:12:GIFParseInfo	48	static
../lvgl/src/libs/gif/AnimatedGIF/src/gif.c:224:12:GIFInit	8	static
../lvgl/src/libs/gif/AnimatedGIF/src/gif.c:190:16:seekFile	8	static
../lvgl/src/libs/gif/AnimatedGIF/src/gif.c:185:13:closeFile	8	static
../lvgl/src/libs/gif/AnimatedGIF/src/gif.c:199:16:readFile	16	static
../lvgl/src/libs/gif/AnimatedGIF/src/gif.c:1030:13:DrawNewPixels	24	static
../lvgl/src/libs/gif/AnimatedGIF/src/gif.c:1271:13:GIFMakePels	72	static
../lvgl/src/libs/gif/AnimatedGIF/src/gif.c:1412:12:DecodeLZW	72	static
../lvgl/src/libs/gif/AnimatedGIF/src/gif.c:40:5:GIF_openRAM	16	static
../lvgl/src/libs/gif/AnimatedGIF/src/gif.c:53:5:GIF_openFile	24	static
../lvgl/src/libs/gif/AnimatedGIF/src/gif.c:71:6:GIF_close	8	static
../lvgl/src/libs/gif/AnimatedGIF/src/gif.c:77:6:GIF_begin	16	static
../lvgl/src/libs/gif/AnimatedGIF/src/gif.c:83:6:GIF_reset	8	static
../lvgl/src/libs/gif/AnimatedGIF/src/gif.c:94:5:GIF_playFrame	16	static
../lvgl/src/libs/gif/AnimatedGIF/src/gif.c:127:5:GIF_getCanvasWidth	0	static
../lvgl/src/libs/gif/AnimatedGIF/src/gif.c:132:5:GIF_getCanvasHeight	0	static
../lvgl/src/libs/gif/AnimatedGIF/src/gif.c:137:5:GIF_getLoopCount	0	static
../lvgl/src/libs/gif/AnimatedGIF/src/gif.c:142:5:GIF_getComment	24	static
../lvgl/src/libs/gif/AnimatedGIF/src/gif.c:155:5:GIF_getLastError	0	static
../lvgl/src/libs/gif/AnimatedGIF/src/gif.c:519:5:GIF_getInfo	56	static
