../lvgl/src/others/sysmon/lv_sysmon.c:375:13:mem_update_timer_cb	8	static
../lvgl/src/others/sysmon/lv_sysmon.c:207:13:perf_monitor_disp_event_cb	16	static
../lvgl/src/others/sysmon/lv_sysmon.c:258:13:perf_dump_info	24	static
../lvgl/src/others/sysmon/lv_sysmon.c:309:13:perf_update_timer_cb	8	static
../lvgl/src/others/sysmon/lv_sysmon.c:316:13:perf_observer_cb	32	static
../lvgl/src/others/sysmon/lv_sysmon.c:382:13:mem_observer_cb	32	static
../lvgl/src/others/sysmon/lv_sysmon.c:65:6:lv_sysmon_builtin_init	16	static
../lvgl/src/others/sysmon/lv_sysmon.c:75:6:lv_sysmon_builtin_deinit	0	static
../lvgl/src/others/sysmon/lv_sysmon.c:82:12:lv_sysmon_create	16	static
../lvgl/src/others/sysmon/lv_sysmon.c:102:6:lv_sysmon_show_performance	16	static
../lvgl/src/others/sysmon/lv_sysmon.c:131:6:lv_sysmon_hide_performance	8	static
../lvgl/src/others/sysmon/lv_sysmon.c:142:6:lv_sysmon_performance_dump	8	static
../lvgl/src/others/sysmon/lv_sysmon.c:152:6:lv_sysmon_performance_resume	8	static
../lvgl/src/others/sysmon/lv_sysmon.c:157:6:lv_sysmon_performance_pause	8	static
../lvgl/src/others/sysmon/lv_sysmon.c:166:6:lv_sysmon_show_memory	16	static
../lvgl/src/others/sysmon/lv_sysmon.c:188:6:lv_sysmon_hide_memory	8	static
