../Core/Src/app_entry.c:335:13:APPE_SysStatusNot	0	static
../Core/Src/app_entry.c:350:13:APPE_SysUserEvtRx	48	static
../Core/Src/app_entry.c:91:6:MX_APPE_Config	8	static
../Core/Src/app_entry.c:136:6:Init_Smps	0	static
../Core/Src/app_entry.c:154:6:Init_Exti	0	static
../Core/Src/app_entry.c:111:6:MX_APPE_Init	40	static
../Core/Src/app_entry.c:516:6:HAL_Delay	16	static,ignoring_inline_asm
../Core/Src/app_entry.c:545:6:MX_APPE_Process	0	static
../Core/Src/app_entry.c:556:6:UTIL_SEQ_Idle	0	static
../Core/Src/app_entry.c:564:6:shci_notify_asynch_evt	0	static
../Core/Src/app_entry.c:570:6:shci_cmd_resp_release	0	static
../Core/Src/app_entry.c:576:6:shci_cmd_resp_wait	0	static
