C:/Users/jaowe/Documents/Projects/DeltaTPlus_STM32WB55RG_Workspace/DeltaTPlus_STM32WB55RG_090525/Adafruit_GFX_Library-1.12.0/Adafruit_GFX.h:166:8:void Adafruit_GFX::setTextWrap(bool)	16	static
C:/Users/jaowe/Documents/Projects/DeltaTPlus_STM32WB55RG_Workspace/DeltaTPlus_STM32WB55RG_090525/Adafruit_GFX_Library-1.12.0/Adafruit_GFX.h:197:11:int16_t Adafruit_GFX::width() const	16	static
C:/Users/jaowe/Documents/Projects/DeltaTPlus_STM32WB55RG_Workspace/DeltaTPlus_STM32WB55RG_090525/Adafruit_GFX_Library-1.12.0/Adafruit_GFX.h:205:11:int16_t Adafruit_GFX::height() const	16	static
C:/Users/jaowe/Documents/Projects/DeltaTPlus_STM32WB55RG_Workspace/DeltaTPlus_STM32WB55RG_090525/Adafruit_GFX_Library-1.12.0/Adafruit_GFX.h:387:13:uint16_t* GFXcanvas16::getBuffer() const	16	static
../Screen/Screen.cpp:3:6:void Screen::setup()	32	static
../Screen/Screen.cpp:30:6:void Screen::stateMachine()	16	static
../Screen/Screen.cpp:73:6:void Screen::writeCanvas()	24	static
../Screen/Screen.cpp:107:7:float Screen::radians(float)	16	static
