../lvgl/src/others/observer/lv_observer.c:1038:13:subject_set_string_free_user_data_event_cb	8	static
../lvgl/src/others/observer/lv_observer.c:929:13:bind_style_observer_cb	8	static
../lvgl/src/others/observer/lv_observer.c:938:13:obj_flag_observer_cb	4	static
../lvgl/src/others/observer/lv_observer.c:965:13:obj_state_observer_cb	4	static
../lvgl/src/others/observer/lv_observer.c:558:6:lv_subject_notify.part.0	16	static
../lvgl/src/others/observer/lv_observer.c:889:13:group_notify_cb	0	static
../lvgl/src/others/observer/lv_observer.c:1000:13:lv_subject_notify_if_changed	8	static
../lvgl/src/others/observer/lv_observer.c:850:13:subject_increment_cb	16	static
../lvgl/src/others/observer/lv_observer.c:829:13:subject_set_int_cb	8	static
../lvgl/src/others/observer/lv_observer.c:820:13:subject_toggle_cb	8	static
../lvgl/src/others/observer/lv_observer.c:992:13:obj_value_changed_event_cb	16	static
../lvgl/src/others/observer/lv_observer.c:844:13:subject_set_string_cb	16	static
../lvgl/src/others/observer/lv_observer.c:896:13:unsubscribe_on_delete_cb	8	static
../lvgl/src/others/observer/lv_observer.c:107:6:lv_subject_init_int	16	static
../lvgl/src/others/observer/lv_observer.c:118:6:lv_subject_set_int	8	static
../lvgl/src/others/observer/lv_observer.c:132:9:lv_subject_get_int	0	static
../lvgl/src/others/observer/lv_observer.c:142:9:lv_subject_get_previous_int	0	static
../lvgl/src/others/observer/lv_observer.c:152:6:lv_subject_set_min_value_int	0	static
../lvgl/src/others/observer/lv_observer.c:162:6:lv_subject_set_max_value_int	0	static
../lvgl/src/others/observer/lv_observer.c:242:6:lv_subject_init_string	24	static
../lvgl/src/others/observer/lv_observer.c:256:6:lv_subject_copy_string	16	static
../lvgl/src/others/observer/lv_observer.c:273:6:lv_subject_snprintf	20	static
../lvgl/src/others/observer/lv_observer.c:295:14:lv_subject_get_string	0	static
../lvgl/src/others/observer/lv_observer.c:305:14:lv_subject_get_previous_string	0	static
../lvgl/src/others/observer/lv_observer.c:315:6:lv_subject_init_pointer	16	static
../lvgl/src/others/observer/lv_observer.c:324:6:lv_subject_set_pointer	8	static
../lvgl/src/others/observer/lv_observer.c:336:14:lv_subject_get_pointer	0	static
../lvgl/src/others/observer/lv_observer.c:346:14:lv_subject_get_previous_pointer	0	static
../lvgl/src/others/observer/lv_observer.c:356:6:lv_subject_init_color	16	static
../lvgl/src/others/observer/lv_observer.c:365:6:lv_subject_set_color	16	static
../lvgl/src/others/observer/lv_observer.c:377:12:lv_subject_get_color	8	static
../lvgl/src/others/observer/lv_observer.c:387:12:lv_subject_get_previous_color	8	static
../lvgl/src/others/observer/lv_observer.c:397:6:lv_subject_init_group	32	static
../lvgl/src/others/observer/lv_observer.c:412:6:lv_subject_deinit	16	static
../lvgl/src/others/observer/lv_observer.c:425:16:lv_subject_get_group_element	0	static
../lvgl/src/others/observer/lv_observer.c:438:17:lv_subject_add_observer	24	static
../lvgl/src/others/observer/lv_observer.c:447:17:lv_subject_add_observer_obj	24	static
../lvgl/src/others/observer/lv_observer.c:477:17:lv_subject_add_observer_with_target	24	static
../lvgl/src/others/observer/lv_observer.c:503:6:lv_observer_remove	8	static
../lvgl/src/others/observer/lv_observer.c:522:6:lv_obj_remove_from_subject	24	static
../lvgl/src/others/observer/lv_observer.c:551:8:lv_observer_get_target	0	static
../lvgl/src/others/observer/lv_observer.c:558:6:lv_subject_notify	0	static
../lvgl/src/others/observer/lv_observer.c:579:6:lv_obj_add_subject_increment_event	32	static
../lvgl/src/others/observer/lv_observer.c:601:6:lv_obj_add_subject_toggle_event	0	static
../lvgl/src/others/observer/lv_observer.c:610:6:lv_obj_add_subject_set_int_event	24	static
../lvgl/src/others/observer/lv_observer.c:654:6:lv_obj_add_subject_set_string_event	24	static
../lvgl/src/others/observer/lv_observer.c:678:17:lv_obj_bind_style	24	static
../lvgl/src/others/observer/lv_observer.c:707:17:lv_obj_bind_flag_if_eq	24	static
../lvgl/src/others/observer/lv_observer.c:713:17:lv_obj_bind_flag_if_not_eq	24	static
../lvgl/src/others/observer/lv_observer.c:719:17:lv_obj_bind_flag_if_gt	24	static
../lvgl/src/others/observer/lv_observer.c:726:17:lv_obj_bind_flag_if_ge	24	static
../lvgl/src/others/observer/lv_observer.c:733:17:lv_obj_bind_flag_if_lt	24	static
../lvgl/src/others/observer/lv_observer.c:740:17:lv_obj_bind_flag_if_le	24	static
../lvgl/src/others/observer/lv_observer.c:748:17:lv_obj_bind_state_if_eq	24	static
../lvgl/src/others/observer/lv_observer.c:755:17:lv_obj_bind_state_if_not_eq	24	static
../lvgl/src/others/observer/lv_observer.c:762:17:lv_obj_bind_state_if_gt	24	static
../lvgl/src/others/observer/lv_observer.c:770:17:lv_obj_bind_state_if_ge	24	static
../lvgl/src/others/observer/lv_observer.c:777:17:lv_obj_bind_state_if_lt	24	static
../lvgl/src/others/observer/lv_observer.c:786:17:lv_obj_bind_state_if_le	24	static
../lvgl/src/others/observer/lv_observer.c:796:17:lv_obj_bind_checked	24	static
../lvgl/src/others/observer/lv_observer.c:805:12:lv_observer_get_target_obj	0	static
../lvgl/src/others/observer/lv_observer.c:810:8:lv_observer_get_user_data	0	static
