../lvgl/src/misc/lv_rb.c:355:23:rb_find_leaf_parent	16	static
../lvgl/src/misc/lv_rb.c:374:13:rb_right_rotate	0	static
../lvgl/src/misc/lv_rb.c:399:13:rb_left_rotate	0	static
../lvgl/src/misc/lv_rb.c:424:13:rb_insert_color	24	static
../lvgl/src/misc/lv_rb.c:485:13:rb_delete_color	16	static
../lvgl/src/misc/lv_rb.c:333:23:rb_create_node	16	static
../lvgl/src/misc/lv_rb.c:47:6:lv_rb_init	16	static
../lvgl/src/misc/lv_rb.c:103:16:lv_rb_find	16	static
../lvgl/src/misc/lv_rb.c:66:16:lv_rb_insert	24	static
../lvgl/src/misc/lv_rb.c:257:6:lv_rb_destroy	16	static
../lvgl/src/misc/lv_rb.c:311:16:lv_rb_minimum_from	0	static
../lvgl/src/misc/lv_rb.c:129:8:lv_rb_remove_node	16	static
../lvgl/src/misc/lv_rb.c:210:8:lv_rb_remove	8	static
../lvgl/src/misc/lv_rb.c:242:6:lv_rb_drop	8	static
../lvgl/src/misc/lv_rb.c:227:6:lv_rb_drop_node	8	static
../lvgl/src/misc/lv_rb.c:293:16:lv_rb_minimum	8	static
../lvgl/src/misc/lv_rb.c:320:16:lv_rb_maximum_from	0	static
../lvgl/src/misc/lv_rb.c:302:16:lv_rb_maximum	8	static
