../lvgl/src/misc/lv_text_private.h:128:20:lv_text_is_a_word	0	static
../lvgl/src/misc/lv_text.c:542:16:lv_text_utf8_size	0	static
../lvgl/src/misc/lv_text.c:560:17:lv_text_unicode_to_utf8	8	static
../lvgl/src/misc/lv_text.c:624:17:lv_text_utf8_next	16	static
../lvgl/src/misc/lv_text.c:704:17:lv_text_utf8_prev	32	static
../lvgl/src/misc/lv_text.c:737:17:lv_text_utf8_get_byte_id	24	static
../lvgl/src/misc/lv_text.c:757:17:lv_text_utf8_get_char_id	24	static
../lvgl/src/misc/lv_text.c:776:17:lv_text_utf8_get_length	24	static
../lvgl/src/misc/lv_text.c:596:17:lv_text_utf8_conv_wc	24	static
../lvgl/src/misc/lv_text.c:91:6:lv_text_attributes_init	8	static
../lvgl/src/misc/lv_text.c:150:6:lv_text_is_cmd	0	static
../lvgl/src/misc/lv_text.c:212:17:lv_text_get_next_word	64	static
../lvgl/src/misc/lv_text.c:332:10:lv_text_get_next_line	64	static
../lvgl/src/misc/lv_text.c:447:6:lv_text_ins	24	static
../lvgl/src/misc/lv_text.c:468:6:lv_text_cut	24	static
../lvgl/src/misc/lv_text.c:484:8:lv_text_set_text_vfmt	32	static
../lvgl/src/misc/lv_text.c:526:6:lv_text_encoded_letter_next_2	24	static
../lvgl/src/misc/lv_text.c:406:9:lv_text_get_width	40	static
../lvgl/src/misc/lv_text.c:96:6:lv_text_get_size	40	static
