../lvgl/src/libs/qrcode/lv_qrcode.c:235:13:lv_qrcode_destructor	8	static
../lvgl/src/libs/qrcode/lv_qrcode.c:247:16:get_satisfied_size	32	static
../lvgl/src/libs/qrcode/lv_qrcode.c:53:12:lv_qrcode_create	8	static
../lvgl/src/libs/qrcode/lv_qrcode.c:61:6:lv_qrcode_set_size	16	static
../lvgl/src/libs/qrcode/lv_qrcode.c:81:6:lv_qrcode_set_dark_color	8	static
../lvgl/src/libs/qrcode/lv_qrcode.c:88:6:lv_qrcode_set_light_color	8	static
../lvgl/src/libs/qrcode/lv_qrcode.c:223:13:lv_qrcode_constructor	16	static
../lvgl/src/libs/qrcode/lv_qrcode.c:95:13:lv_qrcode_update	104	static
../lvgl/src/libs/qrcode/lv_qrcode.c:207:6:lv_qrcode_set_data	16	static
../lvgl/src/libs/qrcode/lv_qrcode.c:213:6:lv_qrcode_set_quiet_zone	0	static
