../lvgl/src/libs/qrcode/qrcodegen.c:190:15:appendBitsToBuffer.part.0	12	static
../lvgl/src/libs/qrcode/qrcodegen.c:428:15:initializeFunctionModules	64	static
../lvgl/src/libs/qrcode/qrcodegen.c:624:13:applyMask.part.0	36	static
../lvgl/src/libs/qrcode/qrcodegen.c:969:26:qrcodegen_makeAlphanumeric.part.0	48	static
../lvgl/src/libs/qrcode/qrcodegen.c:528:13:drawFormatBits.part.0	20	static
../lvgl/src/libs/qrcode/qrcodegen.c:934:26:qrcodegen_makeNumeric.part.0	32	static
../lvgl/src/libs/qrcode/qrcodegen.c:211:6:qrcodegen_encodeSegmentsAdvanced.part.0	128	static
../lvgl/src/libs/qrcode/qrcodegen.c:130:6:qrcodegen_encodeText	104	static
../lvgl/src/libs/qrcode/qrcodegen.c:171:6:qrcodegen_encodeBinary	56	static
../lvgl/src/libs/qrcode/qrcodegen.c:202:6:qrcodegen_encodeSegments	40	static
../lvgl/src/libs/qrcode/qrcodegen.c:211:6:qrcodegen_encodeSegmentsAdvanced	20	static
../lvgl/src/libs/qrcode/qrcodegen.c:784:5:qrcodegen_getSize	0	static
../lvgl/src/libs/qrcode/qrcodegen.c:795:6:qrcodegen_getModule	0	static
../lvgl/src/libs/qrcode/qrcodegen.c:848:6:qrcodegen_isAlphanumeric	16	static
../lvgl/src/libs/qrcode/qrcodegen.c:860:6:qrcodegen_isNumeric	0	static
../lvgl/src/libs/qrcode/qrcodegen.c:872:8:qrcodegen_calcSegmentBufferSize	0	static
../lvgl/src/libs/qrcode/qrcodegen.c:918:26:qrcodegen_makeBytes	16	static
../lvgl/src/libs/qrcode/qrcodegen.c:934:26:qrcodegen_makeNumeric	8	static
../lvgl/src/libs/qrcode/qrcodegen.c:969:26:qrcodegen_makeAlphanumeric	8	static
../lvgl/src/libs/qrcode/qrcodegen.c:1004:26:qrcodegen_makeEci	8	static
../lvgl/src/libs/qrcode/qrcodegen.c:1092:5:qrcodegen_getMinFitVersion	28	static
../lvgl/src/libs/qrcode/qrcodegen.c:1108:5:qrcodegen_version2size	0	static
