../lvgl/src/libs/qrcode/qrcodegen.c:190:15:appendBitsToBuffer	12	static
../lvgl/src/libs/qrcode/qrcodegen.c:347:14:getNumRawDataModules	0	static
../lvgl/src/libs/qrcode/qrcodegen.c:334:14:getNumDataCodewords	16	static
../lvgl/src/libs/qrcode/qrcodegen.c:411:18:finiteFieldMultiply	4	static
../lvgl/src/libs/qrcode/qrcodegen.c:563:14:getAlignmentPatternPositions	4	static
../lvgl/src/libs/qrcode/qrcodegen.c:770:13:hasFinderLikePattern	0	static
../lvgl/src/libs/qrcode/qrcodegen.c:814:15:setModule	4	static
../lvgl/src/libs/qrcode/qrcodegen.c:578:13:fillRectangle	32	static
../lvgl/src/libs/qrcode/qrcodegen.c:829:15:setModuleBounded	8	static
../lvgl/src/libs/qrcode/qrcodegen.c:838:13:getBit	0	static
../lvgl/src/libs/qrcode/qrcodegen.c:804:15:getModule	8	static
../lvgl/src/libs/qrcode/qrcodegen.c:890:14:calcSegmentBitLength	0	static
../lvgl/src/libs/qrcode/qrcodegen.c:1063:12:numCharCountBits	0	static
../lvgl/src/libs/qrcode/qrcodegen.c:1039:14:getTotalBits	32	static
../lvgl/src/libs/qrcode/qrcodegen.c:365:15:calcReedSolomonGenerator	32	static
../lvgl/src/libs/qrcode/qrcodegen.c:428:15:initializeFunctionModules	48	static
../lvgl/src/libs/qrcode/qrcodegen.c:390:15:calcReedSolomonRemainder	48	static
../lvgl/src/libs/qrcode/qrcodegen.c:300:15:addEccAndInterleave	96	static
../lvgl/src/libs/qrcode/qrcodegen.c:760:13:addRunToHistory	16	static
../lvgl/src/libs/qrcode/qrcodegen.c:784:5:qrcodegen_getSize	0	static
../lvgl/src/libs/qrcode/qrcodegen.c:592:13:drawCodewords	56	static
../lvgl/src/libs/qrcode/qrcodegen.c:466:13:drawWhiteFunctionModules	48	static
../lvgl/src/libs/qrcode/qrcodegen.c:671:13:getPenaltyScore	56	static
../lvgl/src/libs/qrcode/qrcodegen.c:624:13:applyMask	32	static
../lvgl/src/libs/qrcode/qrcodegen.c:528:13:drawFormatBits	24	static
../lvgl/src/libs/qrcode/qrcodegen.c:211:6:qrcodegen_encodeSegmentsAdvanced	56	static
../lvgl/src/libs/qrcode/qrcodegen.c:171:6:qrcodegen_encodeBinary	64	static
../lvgl/src/libs/qrcode/qrcodegen.c:202:6:qrcodegen_encodeSegments	32	static
../lvgl/src/libs/qrcode/qrcodegen.c:795:6:qrcodegen_getModule	8	static
../lvgl/src/libs/qrcode/qrcodegen.c:848:6:qrcodegen_isAlphanumeric	8	static
../lvgl/src/libs/qrcode/qrcodegen.c:860:6:qrcodegen_isNumeric	0	static
../lvgl/src/libs/qrcode/qrcodegen.c:872:8:qrcodegen_calcSegmentBufferSize	8	static
../lvgl/src/libs/qrcode/qrcodegen.c:918:26:qrcodegen_makeBytes	24	static
../lvgl/src/libs/qrcode/qrcodegen.c:934:26:qrcodegen_makeNumeric	40	static
../lvgl/src/libs/qrcode/qrcodegen.c:969:26:qrcodegen_makeAlphanumeric	48	static
../lvgl/src/libs/qrcode/qrcodegen.c:130:6:qrcodegen_encodeText	96	static
../lvgl/src/libs/qrcode/qrcodegen.c:1004:26:qrcodegen_makeEci	32	static
../lvgl/src/libs/qrcode/qrcodegen.c:1092:5:qrcodegen_getMinFitVersion	32	static
../lvgl/src/libs/qrcode/qrcodegen.c:1108:5:qrcodegen_version2size	0	static
