../lvgl/src/widgets/label/lv_label.c:1040:13:overwrite_anim_property	0	static
../lvgl/src/widgets/label/lv_label.c:1338:13:lv_label_revert_dots	4	static
../lvgl/src/widgets/label/lv_label.c:1387:15:get_text_length	8	static
../lvgl/src/widgets/label/lv_label.c:1380:13:set_ofs_y_anim	8	static
../lvgl/src/widgets/label/lv_label.c:1373:13:set_ofs_x_anim	8	static
../lvgl/src/widgets/label/lv_label.c:1408:23:get_label_flags	24	static
../lvgl/src/widgets/label/lv_label.c:1349:13:lv_label_set_dots	16	static
../lvgl/src/widgets/label/../../core/lv_obj_style_gen.h:544:26:lv_obj_get_style_text_color_filtered	32	static
../lvgl/src/widgets/label/lv_label.c:784:13:lv_label_destructor	8	static
../lvgl/src/widgets/label/lv_label.c:1399:13:copy_text_to_label	8	static
../lvgl/src/widgets/label/lv_label.c:1426:13:calculate_x_coordinate	16	static
../lvgl/src/widgets/label/lv_label.c:129:12:lv_label_create	8	static
../lvgl/src/widgets/label/lv_label.c:246:6:lv_label_set_text_selection_start	8	static
../lvgl/src/widgets/label/lv_label.c:260:6:lv_label_set_text_selection_end	8	static
../lvgl/src/widgets/label/lv_label.c:291:8:lv_label_get_text	0	static
../lvgl/src/widgets/label/lv_label.c:298:22:lv_label_get_long_mode	0	static
../lvgl/src/widgets/label/lv_label.c:305:6:lv_label_get_letter_pos	112	static
../lvgl/src/widgets/label/lv_label.c:416:10:lv_label_get_letter_on	136	static
../lvgl/src/widgets/label/lv_label.c:1069:13:lv_label_refr_text	176	static
../lvgl/src/widgets/label/lv_label.c:987:13:set_text_internal	16	static
../lvgl/src/widgets/label/lv_label.c:141:6:lv_label_set_text	8	static
../lvgl/src/widgets/label/lv_label.c:156:6:lv_label_set_text_vfmt	16	static
../lvgl/src/widgets/label/lv_label.c:148:6:lv_label_set_text_fmt	12	static
../lvgl/src/widgets/label/lv_label.c:1444:13:label_text_observer_cb	8	static
../lvgl/src/widgets/label/lv_label.c:184:6:lv_label_set_text_static	16	static
../lvgl/src/widgets/label/lv_label.c:225:6:lv_label_set_long_mode	16	static
../lvgl/src/widgets/label/lv_label.c:752:13:lv_label_constructor	16	static
../lvgl/src/widgets/label/lv_label.c:274:6:lv_label_set_recolor	8	static
../lvgl/src/widgets/label/lv_label.c:545:6:lv_label_is_char_under_pos	112	static
../lvgl/src/widgets/label/lv_label.c:628:10:lv_label_get_text_selection_start	0	static
../lvgl/src/widgets/label/lv_label.c:641:10:lv_label_get_text_selection_end	0	static
../lvgl/src/widgets/label/lv_label.c:873:13:draw_main	216	static
../lvgl/src/widgets/label/lv_label.c:797:13:lv_label_event	72	static
../lvgl/src/widgets/label/lv_label.c:654:6:lv_label_get_recolor	0	static
../lvgl/src/widgets/label/lv_label.c:667:17:lv_label_bind_text	8	static
../lvgl/src/widgets/label/lv_label.c:700:6:lv_label_ins_text	24	static
../lvgl/src/widgets/label/lv_label.c:728:6:lv_label_cut_text	16	static
