../lvgl/src/layouts/grid/lv_grid.c:594:16:grid_align	20	static
../lvgl/src/layouts/grid/lv_grid.c:663:17:count_tracks	0	static
../lvgl/src/layouts/grid/lv_grid.c:271:13:calc_free	8	static
../lvgl/src/layouts/grid/lv_grid.c:373:20:calc_rows	56	static
../lvgl/src/layouts/grid/../../core/lv_obj_style.h:324:23:lv_obj_get_style_space_left	32	static
../lvgl/src/layouts/grid/../../core/lv_obj_style.h:340:23:lv_obj_get_style_space_top	32	static
../lvgl/src/layouts/grid/lv_grid.c:107:23:get_margin_hor	24	static
../lvgl/src/layouts/grid/lv_grid.c:112:23:get_margin_ver	24	static
../lvgl/src/layouts/grid/lv_grid.c:279:20:calc_cols	56	static
../lvgl/src/layouts/grid/lv_grid.c:230:20:calc	64	static
../lvgl/src/layouts/grid/lv_grid.c:470:13:item_repos	72	static
../lvgl/src/layouts/grid/lv_grid.c:187:13:grid_update	80	static
../lvgl/src/layouts/grid/lv_grid.c:144:6:lv_grid_init	0	static
../lvgl/src/layouts/grid/lv_grid.c:150:6:lv_obj_set_grid_dsc_array	16	static
../lvgl/src/layouts/grid/lv_grid.c:157:6:lv_obj_set_grid_align	16	static
../lvgl/src/layouts/grid/lv_grid.c:164:6:lv_obj_set_grid_cell	16	static
../lvgl/src/layouts/grid/lv_grid.c:178:9:lv_grid_fr	0	static
