2025-09-19 12:52:49,700 [ERROR] ConfigurationRetriever:142 - IOException on connection: Read timed out
2025-09-19 14:15:42,209 [INFO] MainUpdater:2872 - connection check result : 10
2025-09-19 14:15:42,210 [INFO] MainUpdater:2872 - connection check result : 10
2025-09-19 14:15:42,389 [INFO] I2cTimingTraitement:330 - 0x00B07CB4
2025-09-19 14:15:42,402 [INFO] MicroXplorer:468 - Change Database Path : 
2025-09-19 14:15:42,403 [INFO] MicroXplorer:498 - Change Database Version : DB.6.0.140
2025-09-19 14:15:42,449 [ERROR] ProjectManagerView:394 - 
java.lang.NullPointerException: Cannot invoke "javax.swing.JTextField.getText()" because the return value of "java.util.List.get(int)" is null
	at com.st.microxplorer.plugins.projectmanager.gui.ProjectChoiceTab$9.caretUpdate(ProjectChoiceTab.java:2678) ~[filemanager.jar:?]
	at javax.swing.text.JTextComponent.fireCaretUpdate(JTextComponent.java:408) ~[?:?]
	at javax.swing.text.JTextComponent$MutableCaretEvent.fire(JTextComponent.java:4484) ~[?:?]
	at javax.swing.text.JTextComponent$MutableCaretEvent.stateChanged(JTextComponent.java:4506) ~[?:?]
	at javax.swing.text.DefaultCaret.fireStateChanged(DefaultCaret.java:857) ~[?:?]
	at javax.swing.text.DefaultCaret.changeCaretPosition(DefaultCaret.java:1343) ~[?:?]
	at javax.swing.text.DefaultCaret.handleSetDot(DefaultCaret.java:1242) ~[?:?]
	at javax.swing.text.DefaultCaret.setDot(DefaultCaret.java:1223) ~[?:?]
	at javax.swing.text.DefaultCaret$Handler.insertUpdate(DefaultCaret.java:1819) ~[?:?]
	at javax.swing.text.AbstractDocument.fireInsertUpdate(AbstractDocument.java:227) ~[?:?]
	at javax.swing.text.AbstractDocument.handleInsertString(AbstractDocument.java:781) ~[?:?]
	at javax.swing.text.AbstractDocument.insertString(AbstractDocument.java:740) ~[?:?]
	at javax.swing.text.PlainDocument.insertString(PlainDocument.java:131) ~[?:?]
	at javax.swing.text.AbstractDocument.replace(AbstractDocument.java:699) ~[?:?]
	at javax.swing.text.JTextComponent.setText(JTextComponent.java:1725) ~[?:?]
	at com.st.microxplorer.plugins.projectmanager.gui.ProjectChoiceTab.createHeapStackFields(ProjectChoiceTab.java:979) ~[filemanager.jar:?]
	at com.st.microxplorer.plugins.projectmanager.gui.ProjectChoiceTab.buildLinkSettingsPanel(ProjectChoiceTab.java:3766) ~[filemanager.jar:?]
	at com.st.microxplorer.plugins.projectmanager.gui.ProjectChoiceTab.defineWindowsFields(ProjectChoiceTab.java:1962) ~[filemanager.jar:?]
	at com.st.microxplorer.plugins.projectmanager.gui.ProjectChoiceTab.updateSettings(ProjectChoiceTab.java:555) ~[filemanager.jar:?]
	at com.st.microxplorer.plugins.projectmanager.gui.ProjectSettingsPanel.UpdateDialog(ProjectSettingsPanel.java:245) ~[filemanager.jar:?]
	at com.st.microxplorer.plugins.projectmanager.ProjectManagerView.propertyChange(ProjectManagerView.java:391) ~[filemanager.jar:?]
	at java.beans.PropertyChangeSupport.fire(PropertyChangeSupport.java:343) ~[?:?]
	at java.beans.PropertyChangeSupport.firePropertyChange(PropertyChangeSupport.java:335) ~[?:?]
	at java.beans.PropertyChangeSupport.firePropertyChange(PropertyChangeSupport.java:268) ~[?:?]
	at com.st.microxplorer.util.MXPropertyChangeSupport.firePropertyChange(MXPropertyChangeSupport.java:54) ~[STM32CubeMX.jar:?]
	at com.st.microxplorer.mxsystem.MxSystem.closeConfig(MxSystem.java:899) ~[STM32CubeMX.jar:?]
	at com.st.microxplorer.maingui.MainPanel.closeConfig(MainPanel.java:789) ~[STM32CubeMX.jar:?]
	at com.st.microxplorer.plugins.filemanager.engine.OpenFileManager.loadConfigurationFile(OpenFileManager.java:287) ~[filemanager.jar:?]
	at com.st.microxplorer.plugins.filemanager.engine.MainFileManager.userLoadConfig(MainFileManager.java:341) ~[filemanager.jar:?]
	at com.st.microxplorer.plugins.filemanager.engine.MainFileManager.userLoadConfig(MainFileManager.java:319) ~[filemanager.jar:?]
	at com.st.microxplorer.plugins.filemanager.FileManagerView.getSpecificTask(FileManagerView.java:246) ~[filemanager.jar:?]
	at com.st.stm32cube.common.mx.editor.CubeMxEditor.getMxTabbedPaneInstance(CubeMxEditor.java:1198) ~[com.st.stm32cube.common.mx_6.14.0.202502271554/:?]
	at com.st.stm32cube.common.mx.editor.CubeMxEditor$12$1.createSwingComponent(CubeMxEditor.java:1068) ~[com.st.stm32cube.common.mx_6.14.0.202502271554/:?]
	at com.st.stm32cube.common.mx.oss.core.awtswtbridge.EmbeddedSwingComposite.doComponentCreation(EmbeddedSwingComposite.java:492) ~[com.st.stm32cube.common.mx.oss_6.14.0.202502271554/:?]
	at com.st.stm32cube.common.mx.oss.core.awtswtbridge.EmbeddedSwingComposite$4.run(EmbeddedSwingComposite.java:291) ~[com.st.stm32cube.common.mx.oss_6.14.0.202502271554/:?]
	at com.st.stm32cube.common.mx.oss.core.awtswtbridge.AwtEnvironment$2.run(AwtEnvironment.java:166) ~[com.st.stm32cube.common.mx.oss_6.14.0.202502271554/:?]
	at java.awt.event.InvocationEvent.dispatch(InvocationEvent.java:318) ~[?:?]
	at java.awt.EventQueue.dispatchEventImpl(EventQueue.java:773) ~[?:?]
	at java.awt.EventQueue$4.run(EventQueue.java:720) ~[?:?]
	at java.awt.EventQueue$4.run(EventQueue.java:714) ~[?:?]
	at java.security.AccessController.doPrivileged(AccessController.java:400) ~[?:?]
	at java.security.ProtectionDomain$JavaSecurityAccessImpl.doIntersectionPrivilege(ProtectionDomain.java:87) ~[?:?]
	at java.awt.EventQueue.dispatchEvent(EventQueue.java:742) ~[?:?]
	at java.awt.EventDispatchThread.pumpOneEventForFilters(EventDispatchThread.java:203) ~[?:?]
	at java.awt.EventDispatchThread.pumpEventsForFilter(EventDispatchThread.java:124) ~[?:?]
	at java.awt.EventDispatchThread.pumpEventsForHierarchy(EventDispatchThread.java:113) ~[?:?]
	at java.awt.EventDispatchThread.pumpEvents(EventDispatchThread.java:109) ~[?:?]
	at java.awt.EventDispatchThread.pumpEvents(EventDispatchThread.java:101) ~[?:?]
	at java.awt.EventDispatchThread.run(EventDispatchThread.java:90) ~[?:?]
2025-09-19 14:15:42,452 [WARN] ThirdParty:871 - waiting for thirdparty lock release [close project]
2025-09-19 14:15:42,452 [INFO] ThirdParty:873 - entering critical section [close project]
2025-09-19 14:15:42,452 [INFO] ThirdParty:883 - exiting critical section [close project]
2025-09-19 14:15:42,456 [INFO] PinOutPanel:1589 - setPackage(No Configuration,No Configuration)
2025-09-19 14:15:42,560 [WARN] IP:2250 - SERVICE2_UUID not found: check if there is a RefParameter without a condition.
2025-09-19 14:15:42,565 [WARN] IP:2250 - SERVICE3_UUID not found: check if there is a RefParameter without a condition.
2025-09-19 14:15:42,570 [WARN] IP:2250 - SERVICE4_UUID not found: check if there is a RefParameter without a condition.
2025-09-19 14:15:42,574 [WARN] IP:2250 - SERVICE5_UUID not found: check if there is a RefParameter without a condition.
2025-09-19 14:15:42,723 [WARN] IpParametersView:155 - Warning: This peripheral hasn't parameters
2025-09-19 14:15:42,781 [WARN] IpParametersView:155 - Warning: This peripheral hasn't parameters
2025-09-19 14:15:42,800 [WARN] IpParametersView:155 - Warning: This peripheral hasn't parameters
2025-09-19 14:15:42,808 [WARN] IpParametersView:155 - Warning: This peripheral hasn't parameters
2025-09-19 14:15:42,816 [WARN] IpParametersView:155 - Warning: This peripheral hasn't parameters
2025-09-19 14:15:42,845 [INFO] UtilMem:75 - Begin LoadConfig() Used Memory: 928075256 Bytes (1073741824)
2025-09-19 14:15:42,846 [INFO] MicroXplorer:468 - Change Database Path : 
2025-09-19 14:15:42,846 [INFO] MicroXplorer:498 - Change Database Version : DB.6.0.140
2025-09-19 14:15:42,846 [INFO] OpenFileManager:354 - Change cursor
2025-09-19 14:15:42,868 [INFO] RulesReader:64 - Compatibility file has been processed (301 Rules)
2025-09-19 14:15:42,877 [INFO] Mcu:2011 - Initializing MCU STM32WB55RGVx STM32WB55RGVx STM32WB55RGV6
2025-09-19 14:15:43,885 [INFO] Context:756 - Trying to add GPIOservice into a context  which must be forbidden
2025-09-19 14:15:44,598 [INFO] ImportTextPane:218 - (OptionalMessage_ERROR) Pin44 (VP_RIF_VS_RIF1) cannot be retrieved for this MCU
2025-09-19 14:15:44,635 [INFO] RtosManager:558 - Registered RTOS mode: class=CMSIS, group=RTOS, mode=CMSIS_V1, owner=FREERTOS
2025-09-19 14:15:44,636 [INFO] RtosManager:558 - Registered RTOS mode: class=CMSIS, group=RTOS2, mode=CMSIS_V2, owner=FREERTOS
2025-09-19 14:15:44,636 [INFO] RtosManager:558 - Registered RTOS mode: class=RTOS, group=Core, mode=CMSIS_V1, owner=FREERTOS
2025-09-19 14:15:44,636 [INFO] RtosManager:558 - Registered RTOS mode: class=RTOS, group=Core, mode=CMSIS_V2, owner=FREERTOS
2025-09-19 14:15:44,636 [WARN] ModelIntegratedComponent:184 - Missing modes for component STMicroelectronics:FreeRTOS:0.0.1:STMicroelectronics:RTOS:FreeRTOS:Core:::10.2.0:
2025-09-19 14:15:44,662 [WARN] ModelIntegratedComponent:63 - No mode defined for component null
2025-09-19 14:15:44,662 [WARN] ModelIntegratedComponent:63 - No mode defined for component null
2025-09-19 14:15:44,662 [WARN] ModelIntegratedComponent:63 - No mode defined for component null
2025-09-19 14:15:44,662 [WARN] ModelIntegratedComponent:63 - No mode defined for component null
2025-09-19 14:15:44,662 [WARN] ModelIntegratedComponent:63 - No mode defined for component null
2025-09-19 14:15:44,662 [WARN] ModelIntegratedComponent:63 - No mode defined for component null
2025-09-19 14:15:44,662 [WARN] ModelIntegratedComponent:63 - No mode defined for component null
2025-09-19 14:15:44,662 [WARN] ModelIntegratedComponent:63 - No mode defined for component null
2025-09-19 14:15:44,662 [WARN] ModelIntegratedComponent:63 - No mode defined for component null
2025-09-19 14:15:44,662 [WARN] ModelIntegratedComponent:63 - No mode defined for component null
2025-09-19 14:15:44,663 [WARN] ModelIntegratedComponent:63 - No mode defined for component null
2025-09-19 14:15:44,663 [WARN] ModelIntegratedComponent:63 - No mode defined for component null
2025-09-19 14:15:44,663 [WARN] ModelIntegratedComponent:63 - No mode defined for component null
2025-09-19 14:15:44,663 [WARN] ModelIntegratedComponent:63 - No mode defined for component null
2025-09-19 14:15:44,663 [WARN] ModelIntegratedComponent:63 - No mode defined for component null
2025-09-19 14:15:44,663 [WARN] ModelIntegratedComponent:63 - No mode defined for component null
2025-09-19 14:15:44,663 [WARN] ModelIntegratedComponent:63 - No mode defined for component null
2025-09-19 14:15:44,663 [WARN] ModelIntegratedComponent:63 - No mode defined for component null
2025-09-19 14:15:44,663 [WARN] ModelIntegratedComponent:63 - No mode defined for component null
2025-09-19 14:15:44,663 [WARN] ModelIntegratedComponent:63 - No mode defined for component null
2025-09-19 14:15:44,663 [WARN] ModelIntegratedComponent:63 - No mode defined for component null
2025-09-19 14:15:44,663 [WARN] ModelIntegratedComponent:63 - No mode defined for component null
2025-09-19 14:15:44,664 [WARN] ModelIntegratedComponent:63 - No mode defined for component null
2025-09-19 14:15:44,664 [WARN] ModelIntegratedComponent:63 - No mode defined for component null
2025-09-19 14:15:44,664 [WARN] ModelIntegratedComponent:63 - No mode defined for component null
2025-09-19 14:15:44,664 [WARN] ModelIntegratedComponent:63 - No mode defined for component null
2025-09-19 14:15:44,664 [WARN] ModelIntegratedComponent:63 - No mode defined for component null
2025-09-19 14:15:44,664 [WARN] ModelIntegratedComponent:63 - No mode defined for component null
2025-09-19 14:15:44,664 [WARN] ModelIntegratedComponent:63 - No mode defined for component null
2025-09-19 14:15:44,664 [WARN] ModelIntegratedComponent:63 - No mode defined for component null
2025-09-19 14:15:44,664 [WARN] ModelIntegratedComponent:63 - No mode defined for component null
2025-09-19 14:15:44,664 [WARN] ModelIntegratedComponent:63 - No mode defined for component null
2025-09-19 14:15:44,664 [WARN] ModelIntegratedComponent:63 - No mode defined for component null
2025-09-19 14:15:44,664 [WARN] ModelIntegratedComponent:63 - No mode defined for component null
2025-09-19 14:15:44,664 [WARN] ModelIntegratedComponent:63 - No mode defined for component null
2025-09-19 14:15:44,664 [WARN] ModelPack:524 - Component already loaded: STMicroelectronics:HAL Drivers:0.0.0:STMicroelectronics:Device:STMicro_Driver:XSPI:HAL::0.0.1:HAL_XSPI
2025-09-19 14:15:45,037 [INFO] ThirdPartyModel:298 - Start build external matchings
2025-09-19 14:15:45,627 [INFO] ThirdPartyModel:316 - End build external matchings
2025-09-19 14:15:45,653 [INFO] ImportTextPane:218 - (OptionalMessage_ERROR) IP (DMA) : Parameter (Instance) has Id (SPI2_TX) currently not set
2025-09-19 14:15:45,654 [INFO] ImportTextPane:218 - (OptionalMessage_ERROR) IP (DMA) : Parameter (Request) has Id (SPI2_TX) currently not set
2025-09-19 14:15:45,654 [INFO] ImportTextPane:218 - (OptionalMessage_ERROR) IP (DMA) : Parameter (Direction) has Id (SPI2_TX) currently not set
2025-09-19 14:15:45,654 [INFO] ImportTextPane:218 - (OptionalMessage_ERROR) IP (DMA) : Parameter (PeriphInc) has Id (SPI2_TX) currently not set
2025-09-19 14:15:45,654 [INFO] ImportTextPane:218 - (OptionalMessage_ERROR) IP (DMA) : Parameter (MemInc) has Id (SPI2_TX) currently not set
2025-09-19 14:15:45,654 [INFO] ImportTextPane:218 - (OptionalMessage_ERROR) IP (DMA) : Parameter (PeriphDataAlignment) has Id (SPI2_TX) currently not set
2025-09-19 14:15:45,654 [INFO] ImportTextPane:218 - (OptionalMessage_ERROR) IP (DMA) : Parameter (MemDataAlignment) has Id (SPI2_TX) currently not set
2025-09-19 14:15:45,654 [INFO] ImportTextPane:218 - (OptionalMessage_ERROR) IP (DMA) : Parameter (Mode) has Id (SPI2_TX) currently not set
2025-09-19 14:15:45,654 [INFO] ImportTextPane:218 - (OptionalMessage_ERROR) IP (DMA) : Parameter (Priority) has Id (SPI2_TX) currently not set
2025-09-19 14:15:45,654 [INFO] ImportTextPane:218 - (OptionalMessage_ERROR) IP (DMA) : Parameter (SignalID) has Id (SPI2_TX) currently not set
2025-09-19 14:15:45,655 [INFO] ImportTextPane:218 - (OptionalMessage_ERROR) IP (DMA) : Parameter (Polarity) has Id (SPI2_TX) currently not set
2025-09-19 14:15:45,655 [INFO] ImportTextPane:218 - (OptionalMessage_ERROR) IP (DMA) : Parameter (RequestNumber) has Id (SPI2_TX) currently not set
2025-09-19 14:15:45,655 [INFO] ImportTextPane:218 - (OptionalMessage_ERROR) IP (DMA) : Parameter (SyncSignalID) has Id (SPI2_TX) currently not set
2025-09-19 14:15:45,655 [INFO] ImportTextPane:218 - (OptionalMessage_ERROR) IP (DMA) : Parameter (SyncPolarity) has Id (SPI2_TX) currently not set
2025-09-19 14:15:45,655 [INFO] ImportTextPane:218 - (OptionalMessage_ERROR) IP (DMA) : Parameter (SyncEnable) has Id (SPI2_TX) currently not set
2025-09-19 14:15:45,655 [INFO] ImportTextPane:218 - (OptionalMessage_ERROR) IP (DMA) : Parameter (EventEnable) has Id (SPI2_TX) currently not set
2025-09-19 14:15:45,655 [INFO] ImportTextPane:218 - (OptionalMessage_ERROR) IP (DMA) : Parameter (SyncRequestNumber) has Id (SPI2_TX) currently not set
2025-09-19 14:15:45,656 [INFO] ImportTextPane:218 - (OptionalMessage_ERROR) IP (RCC) : Invalid parameter (FamilyName)
2025-09-19 14:15:45,680 [WARN] IP:2250 - SERVICE2_UUID not found: check if there is a RefParameter without a condition.
2025-09-19 14:15:45,683 [WARN] IP:2250 - SERVICE3_UUID not found: check if there is a RefParameter without a condition.
2025-09-19 14:15:45,685 [WARN] IP:2250 - SERVICE4_UUID not found: check if there is a RefParameter without a condition.
2025-09-19 14:15:45,687 [WARN] IP:2250 - SERVICE5_UUID not found: check if there is a RefParameter without a condition.
2025-09-19 14:15:45,694 [INFO] ImportTextPane:218 - (OptionalMessage_ERROR) IP (STM32_WPAN) : Invalid parameter (CFG_LSCLK_LSE)
2025-09-19 14:15:45,882 [INFO] UtilMem:75 - End LoadConfig() Used Memory: 846577608 Bytes (1073741824)
2025-09-19 14:15:45,918 [WARN] ThirdParty:833 - waiting for thirdparty lock release [change project]
2025-09-19 14:15:45,918 [INFO] ThirdParty:835 - entering critical section [change project]
2025-09-19 14:15:45,918 [INFO] ThirdParty:1030 - CMSIS Pack Vendor :STMicroelectronics X-CUBE-PM33A1 1.0.0
2025-09-19 14:15:45,918 [INFO] ThirdParty:1030 - CMSIS Pack Vendor :STMicroelectronics USBPD 4.1
2025-09-19 14:15:45,919 [INFO] ThirdParty:1030 - CMSIS Pack Vendor :STMicroelectronics USB_HOST 2.0.0
2025-09-19 14:15:45,919 [INFO] ThirdParty:1030 - CMSIS Pack Vendor :STMicroelectronics FP-SNS-MOTENVWB1 1.4.0
2025-09-19 14:15:45,919 [INFO] ThirdParty:1030 - CMSIS Pack Vendor :STMicroelectronics X-CUBE-AZRTOS-F4 1.1.0
2025-09-19 14:15:45,919 [INFO] ThirdParty:1030 - CMSIS Pack Vendor :STMicroelectronics LIBJPEG 8.0.0
2025-09-19 14:15:45,919 [INFO] ThirdParty:1030 - CMSIS Pack Vendor :STMicroelectronics FP-ATR-ASTRA1 2.0.2
2025-09-19 14:15:45,919 [INFO] ThirdParty:1030 - CMSIS Pack Vendor :Avnet-IotConnect X-CUBE-IoTC-DA16k-PMOD 1.0.0
2025-09-19 14:15:45,919 [INFO] ThirdParty:1030 - CMSIS Pack Vendor :STMicroelectronics X-CUBE-SMBUS 2.1.0
2025-09-19 14:15:45,919 [INFO] ThirdParty:1030 - CMSIS Pack Vendor :STMicroelectronics X-CUBE-WB05N 1.1.0
2025-09-19 14:15:45,919 [INFO] ThirdParty:1030 - CMSIS Pack Vendor :STMicroelectronics X-CUBE-ISPU 2.1.0
2025-09-19 14:15:45,919 [INFO] ThirdParty:1030 - CMSIS Pack Vendor :STMicroelectronics X-CUBE-ST60 1.0.0
2025-09-19 14:15:45,919 [INFO] ThirdParty:1030 - CMSIS Pack Vendor :STMicroelectronics X-CUBE-NFC12 1.0.0
2025-09-19 14:15:45,919 [INFO] ThirdParty:1030 - CMSIS Pack Vendor :STMicroelectronics X-CUBE-AZRTOS-F7 1.1.0
2025-09-19 14:15:45,919 [INFO] ThirdParty:1030 - CMSIS Pack Vendor :STMicroelectronics X-CUBE-AZRTOS-L5 2.0.0
2025-09-19 14:15:45,919 [INFO] ThirdParty:1030 - CMSIS Pack Vendor :STMicroelectronics USB_DEVICE 2.0.0
2025-09-19 14:15:45,919 [INFO] ThirdParty:1030 - CMSIS Pack Vendor :STMicroelectronics X-CUBE-NFC6 3.1.0
2025-09-19 14:15:45,919 [INFO] ThirdParty:1030 - CMSIS Pack Vendor :STMicroelectronics FreeRTOS 0.0.1
2025-09-19 14:15:45,919 [INFO] ThirdParty:1030 - CMSIS Pack Vendor :STMicroelectronics X-CUBE-DPower 1.2.0
2025-09-19 14:15:45,919 [INFO] ThirdParty:1030 - CMSIS Pack Vendor :STMicroelectronics FP-SNS-FLIGHT1 5.0.2
2025-09-19 14:15:45,919 [INFO] ThirdParty:1030 - CMSIS Pack Vendor :Infineon AIROC-Wi-Fi-Bluetooth-STM32 1.7.0
2025-09-19 14:15:45,919 [INFO] ThirdParty:1030 - CMSIS Pack Vendor :STMicroelectronics PDM2PCM 3.3.0
2025-09-19 14:15:45,919 [INFO] ThirdParty:1030 - CMSIS Pack Vendor :STMicroelectronics X-CUBE-AZRTOS-H7 3.4.0
2025-09-19 14:15:45,919 [INFO] ThirdParty:1030 - CMSIS Pack Vendor :STMicroelectronics X-CUBE-DISPLAY 3.0.0
2025-09-19 14:15:45,919 [INFO] ThirdParty:1030 - CMSIS Pack Vendor :STMicroelectronics X-CUBE-BLE1 7.0.0
2025-09-19 14:15:45,919 [INFO] ThirdParty:1030 - CMSIS Pack Vendor :STMicroelectronics X-CUBE-NFC10 1.0.0
2025-09-19 14:15:45,919 [INFO] ThirdParty:1030 - CMSIS Pack Vendor :STMicroelectronics X-CUBE-BLEMGR 4.0.0
2025-09-19 14:15:45,919 [INFO] ThirdParty:1030 - CMSIS Pack Vendor :STMicroelectronics X-CUBE-FREERTOS 1.3.1
2025-09-19 14:15:45,919 [INFO] ThirdParty:1030 - CMSIS Pack Vendor :STMicroelectronics HAL Drivers 0.0.0
2025-09-19 14:15:45,919 [INFO] ThirdParty:1030 - CMSIS Pack Vendor :emotas I-CUBE-CANOPEN 1.3.0
2025-09-19 14:15:45,919 [INFO] ThirdParty:1030 - CMSIS Pack Vendor :STMicroelectronics X-CUBE-FREERTOS 1.3.0
2025-09-19 14:15:45,919 [INFO] ThirdParty:1030 - CMSIS Pack Vendor :STMicroelectronics X-CUBE-NFC7 1.0.1
2025-09-19 14:15:45,919 [INFO] ThirdParty:1030 - CMSIS Pack Vendor :STMicroelectronics MBEDTLS 2.14.1
2025-09-19 14:15:45,920 [INFO] ThirdParty:1030 - CMSIS Pack Vendor :STMicroelectronics X-CUBE-AI 10.0.0
2025-09-19 14:15:45,920 [INFO] ThirdParty:1030 - CMSIS Pack Vendor :STMicroelectronics FP-SNS-STAIOTCFT 1.0.0
2025-09-19 14:15:45,920 [INFO] ThirdParty:1030 - CMSIS Pack Vendor :STMicroelectronics FP-SNS-SMARTAG2 1.2.0
2025-09-19 14:15:45,920 [INFO] ThirdParty:1030 - CMSIS Pack Vendor :STMicroelectronics FP-SNS-FLIGHT1 5.1.0
2025-09-19 14:15:45,920 [INFO] ThirdParty:1030 - CMSIS Pack Vendor :STMicroelectronics X-CUBE-MEMS1 11.1.0
2025-09-19 14:15:45,920 [INFO] ThirdParty:1030 - CMSIS Pack Vendor :STMicroelectronics X-CUBE-AZRTOS-WL 2.0.0
2025-09-19 14:15:45,920 [INFO] ThirdParty:1030 - CMSIS Pack Vendor :STMicroelectronics X-CUBE-DPower 1.3.0
2025-09-19 14:15:45,920 [INFO] ThirdParty:1030 - CMSIS Pack Vendor :STMicroelectronics FP-SNS-MOTENV1 5.0.0
2025-09-19 14:15:45,920 [INFO] ThirdParty:1030 - CMSIS Pack Vendor :STMicroelectronics USB_DEVICE 1.0.0
2025-09-19 14:15:45,920 [INFO] ThirdParty:1030 - CMSIS Pack Vendor :STMicroelectronics X-CUBE-AZRTOS-L4 2.0.0
2025-09-19 14:15:45,920 [INFO] ThirdParty:1030 - CMSIS Pack Vendor :STMicroelectronics ThreadX 0.0.2
2025-09-19 14:15:45,920 [INFO] ThirdParty:1030 - CMSIS Pack Vendor :WES I-CUBE-Cesium 1.3.0
2025-09-19 14:15:45,920 [INFO] ThirdParty:1030 - CMSIS Pack Vendor :STMicroelectronics lwIP 2.1.2
2025-09-19 14:15:45,920 [INFO] ThirdParty:1030 - CMSIS Pack Vendor :STMicroelectronics X-CUBE-SFXS2LP1 4.0.0
2025-09-19 14:15:45,920 [INFO] ThirdParty:1030 - CMSIS Pack Vendor :STMicroelectronics X-CUBE-BLE2 3.3.0
2025-09-19 14:15:45,920 [INFO] ThirdParty:1030 - CMSIS Pack Vendor :STMicroelectronics PDM2PCM 3.2.0
2025-09-19 14:15:45,920 [INFO] ThirdParty:1030 - CMSIS Pack Vendor :STMicroelectronics X-CUBE-AZRTOS-H7 3.3.0
2025-09-19 14:15:45,920 [INFO] ThirdParty:1030 - CMSIS Pack Vendor :STMicroelectronics X-CUBE-NFC9 1.0.0
2025-09-19 14:15:45,920 [INFO] ThirdParty:1030 - CMSIS Pack Vendor :STMicroelectronics X-CUBE-BLE1 7.1.0
2025-09-19 14:15:45,920 [INFO] ThirdParty:1030 - CMSIS Pack Vendor :wolfSSL I-CUBE-wolfMQTT 1.19.2
2025-09-19 14:15:45,920 [INFO] ThirdParty:1030 - CMSIS Pack Vendor :STMicroelectronics USB_DEVICE 3.0.0
2025-09-19 14:15:45,920 [INFO] ThirdParty:1030 - CMSIS Pack Vendor :STMicroelectronics X-CUBE-EEPRMA1 5.2.0
2025-09-19 14:15:45,920 [INFO] ThirdParty:1030 - CMSIS Pack Vendor :STMicroelectronics X-CUBE-BLEMGR 4.1.0
2025-09-19 14:15:45,920 [INFO] ThirdParty:1030 - CMSIS Pack Vendor :STMicroelectronics X-CUBE-AZRTOS-WB 2.0.0
2025-09-19 14:15:45,920 [INFO] ThirdParty:1030 - CMSIS Pack Vendor :STMicroelectronics X-CUBE-GNSS1 7.0.1
2025-09-19 14:15:45,920 [INFO] ThirdParty:1030 - CMSIS Pack Vendor :STMicroelectronics X-CUBE-TOUCHGFX 4.25.0
2025-09-19 14:15:45,920 [INFO] ThirdParty:1030 - CMSIS Pack Vendor :STMicroelectronics X-CUBE-AI 10.1.0
2025-09-19 14:15:45,921 [INFO] ThirdParty:1030 - CMSIS Pack Vendor :STMicroelectronics FP-SNS-STBOX1 2.0.0
2025-09-19 14:15:45,921 [INFO] ThirdParty:1030 - CMSIS Pack Vendor :STMicroelectronics X-CUBE-MEMS1 11.2.0
2025-09-19 14:15:45,921 [INFO] ThirdParty:1030 - CMSIS Pack Vendor :STMicroelectronics X-CUBE-AZRTOS-G0 1.1.0
2025-09-19 14:15:45,921 [INFO] ThirdParty:1030 - CMSIS Pack Vendor :STMicroelectronics X-CUBE-SAFEA1 1.2.2
2025-09-19 14:15:45,921 [INFO] ThirdParty:1030 - CMSIS Pack Vendor :STMicroelectronics X-CUBE-NFC4 3.0.0
2025-09-19 14:15:45,921 [INFO] ThirdParty:1030 - CMSIS Pack Vendor :STMicroelectronics X-CUBE-SUBG2 5.0.0
2025-09-19 14:15:45,921 [INFO] ThirdParty:1030 - CMSIS Pack Vendor :STMicroelectronics X-CUBE-AZRTOS-H7RS 1.1.0
2025-09-19 14:15:45,921 [INFO] ThirdParty:1030 - CMSIS Pack Vendor :STMicroelectronics STM32_WPAN 1.0.0
2025-09-19 14:15:45,921 [INFO] ThirdParty:1030 - CMSIS Pack Vendor :EmbeddedOffice I-CUBE-FS-RTOS 1.0.1
2025-09-19 14:15:45,921 [INFO] ThirdParty:1030 - CMSIS Pack Vendor :STMicroelectronics lwIP 2.0.3
2025-09-19 14:15:45,921 [INFO] ThirdParty:1030 - CMSIS Pack Vendor :Cesanta I-CUBE-Mongoose 7.13.0
2025-09-19 14:15:45,921 [INFO] ThirdParty:1030 - CMSIS Pack Vendor :STMicroelectronics USB_HOST 1.0.0
2025-09-19 14:15:45,921 [INFO] ThirdParty:1030 - CMSIS Pack Vendor :STMicroelectronics X-CUBE-AZRTOS-G4 2.0.0
2025-09-19 14:15:45,921 [INFO] ThirdParty:1030 - CMSIS Pack Vendor :STMicroelectronics X-CUBE-WB05N 2.0.0
2025-09-19 14:15:45,921 [INFO] ThirdParty:1030 - CMSIS Pack Vendor :STMicroelectronics PDM2PCM 3.1.0
2025-09-19 14:15:45,921 [INFO] ThirdParty:1030 - CMSIS Pack Vendor :wolfSSL I-CUBE-wolfTPM 3.8.0
2025-09-19 14:15:45,921 [INFO] ThirdParty:1030 - CMSIS Pack Vendor :wolfSSL I-CUBE-wolfSSH 1.4.20
2025-09-19 14:15:45,921 [INFO] ThirdParty:1030 - CMSIS Pack Vendor :STMicroelectronics X-CUBE-NFC7 2.0.0
2025-09-19 14:15:45,921 [INFO] ThirdParty:1030 - CMSIS Pack Vendor :STMicroelectronics X-CUBE-TCPP 4.2.0
2025-09-19 14:15:45,921 [INFO] ThirdParty:1030 - CMSIS Pack Vendor :RealThread X-CUBE-RT-Thread_Nano 4.1.1
2025-09-19 14:15:45,921 [INFO] ThirdParty:1030 - CMSIS Pack Vendor :STMicroelectronics FP-ATR-SIGFOX1 3.2.0
2025-09-19 14:15:45,921 [INFO] ThirdParty:1030 - CMSIS Pack Vendor :quantropi X-CUBE-qispace-sdk-base 1.9.3
2025-09-19 14:15:45,921 [INFO] ThirdParty:1030 - CMSIS Pack Vendor :STMicroelectronics X-CUBE-EEPRMA1 5.1.0
2025-09-19 14:15:45,921 [INFO] ThirdParty:1030 - CMSIS Pack Vendor :STMicroelectronics MBEDTLS 2.16.2
2025-09-19 14:15:45,921 [INFO] ThirdParty:1030 - CMSIS Pack Vendor :STMicroelectronics X-CUBE-IPS 3.1.0
2025-09-19 14:15:45,921 [INFO] ThirdParty:1030 - CMSIS Pack Vendor :STMicroelectronics X-CUBE-ALS 1.0.2
2025-09-19 14:15:45,921 [INFO] ThirdParty:1030 - CMSIS Pack Vendor :wolfSSL I-CUBE-wolfSSL 5.7.6
2025-09-19 14:15:45,921 [INFO] ThirdParty:1030 - CMSIS Pack Vendor :ITTIA_DB I-CUBE-ITTIADB 8.9.0
2025-09-19 14:15:45,921 [INFO] ThirdParty:1030 - CMSIS Pack Vendor :STMicroelectronics X-CUBE-TOUCHGFX 4.24.2
2025-09-19 14:15:45,921 [INFO] ThirdParty:1030 - CMSIS Pack Vendor :STMicroelectronics X-CUBE-STSE01 1.0.0
2025-09-19 14:15:45,921 [INFO] ThirdParty:1030 - CMSIS Pack Vendor :portGmbH I-Cube-SoM-uGOAL 1.1.0
2025-09-19 14:15:45,921 [INFO] ThirdParty:1030 - CMSIS Pack Vendor :STMicroelectronics X-CUBE-ST67W61 1.0.0
2025-09-19 14:15:45,921 [INFO] ThirdParty:1030 - CMSIS Pack Vendor :STMicroelectronics X-CUBE-AI 10.2.0
2025-09-19 14:15:45,921 [INFO] ThirdParty:1030 - CMSIS Pack Vendor :STMicroelectronics ThreadX 1.0.0
2025-09-19 14:15:45,921 [INFO] ThirdParty:1030 - CMSIS Pack Vendor :SEGGER I-CUBE-embOS 1.3.1
2025-09-19 14:15:45,921 [INFO] ThirdParty:1030 - CMSIS Pack Vendor :STMicroelectronics X-CUBE-ALGOBUILD 1.4.0
2025-09-19 14:15:45,921 [INFO] ThirdParty:1030 - CMSIS Pack Vendor :STMicroelectronics X-CUBE-MEMS1 11.3.0
2025-09-19 14:15:45,921 [INFO] ThirdParty:1030 - CMSIS Pack Vendor :STMicroelectronics X-CUBE-AZRTOS-H7RS 1.0.0
2025-09-19 14:15:45,921 [INFO] ThirdParty:1030 - CMSIS Pack Vendor :STMicroelectronics X-CUBE-TOF1 3.4.2
2025-09-19 14:15:45,921 [INFO] ThirdParty:1030 - CMSIS Pack Vendor :STMicroelectronics X-CUBE-TOF1 3.4.3
2025-09-19 14:15:45,922 [INFO] ThirdParty:841 - exiting critical section [change project]
2025-09-19 14:15:46,106 [INFO] PinOutPanel:1589 - setPackage(No Configuration,No Configuration)
2025-09-19 14:15:46,109 [INFO] PinOutPanel:1589 - setPackage(STM32WB55RGVx,VFQFPN68)
2025-09-19 14:15:46,388 [INFO] UtilMem:75 - Before build in PCC Used Memory: 800315632 Bytes (1073741824)
2025-09-19 14:15:46,496 [INFO] LogOutputStream:77 - [STDOUT_REDIRECT] Sleepy End Device Min <200 3.3
2025-09-19 14:15:46,497 [INFO] LogOutputStream:77 - [STDOUT_REDIRECT] Sleepy End Device Min <200 3.3
2025-09-19 14:15:46,498 [INFO] LogOutputStream:77 - [STDOUT_REDIRECT] Sleepy End Device Min <200 3.3
2025-09-19 14:15:46,498 [INFO] LogOutputStream:77 - [STDOUT_REDIRECT] Sleepy End Device Min <200 3.3
2025-09-19 14:15:46,498 [INFO] LogOutputStream:77 - [STDOUT_REDIRECT] Sleepy End Device Min <200 3.3
2025-09-19 14:15:46,508 [INFO] LogOutputStream:77 - [STDOUT_REDIRECT] Sleepy End Device Min <200 3.3
2025-09-19 14:15:46,508 [INFO] LogOutputStream:77 - [STDOUT_REDIRECT] Sleepy End Device Min <200 3.3
2025-09-19 14:15:46,509 [INFO] LogOutputStream:77 - [STDOUT_REDIRECT] Sleepy End Device Min <200 3.3
2025-09-19 14:15:46,509 [INFO] LogOutputStream:77 - [STDOUT_REDIRECT] Sleepy End Device Min <200 3.3
2025-09-19 14:15:46,510 [INFO] LogOutputStream:77 - [STDOUT_REDIRECT] Sleepy End Device Min <200 3.3
2025-09-19 14:15:46,511 [INFO] LogOutputStream:77 - [STDOUT_REDIRECT] Sleepy End Device Min <200 3.3
2025-09-19 14:15:46,511 [INFO] LogOutputStream:77 - [STDOUT_REDIRECT] Sleepy End Device Min <200 3.3
2025-09-19 14:15:46,511 [INFO] LogOutputStream:77 - [STDOUT_REDIRECT] Sleepy End Device Min <200 3.3
2025-09-19 14:15:46,513 [INFO] LogOutputStream:77 - [STDOUT_REDIRECT] Sleepy End Device Min <200 3.3
2025-09-19 14:15:46,513 [INFO] LogOutputStream:77 - [STDOUT_REDIRECT] Sleepy End Device Min <200 3.3
2025-09-19 14:15:46,514 [INFO] LogOutputStream:77 - [STDOUT_REDIRECT] Sleepy End Device Min <200 3.3
2025-09-19 14:15:46,515 [INFO] LogOutputStream:77 - [STDOUT_REDIRECT] Sleepy End Device Min <200 3.3
2025-09-19 14:15:46,515 [INFO] LogOutputStream:77 - [STDOUT_REDIRECT] Sleepy End Device Min <200 3.3
2025-09-19 14:15:46,515 [INFO] LogOutputStream:77 - [STDOUT_REDIRECT] Sleepy End Device Min <200 3.3
2025-09-19 14:15:46,516 [INFO] LogOutputStream:77 - [STDOUT_REDIRECT] Sleepy End Device Min <200 3.3
2025-09-19 14:15:46,517 [INFO] LogOutputStream:77 - [STDOUT_REDIRECT] Sleepy End Device Min <200 3.3
2025-09-19 14:15:46,517 [INFO] LogOutputStream:77 - [STDOUT_REDIRECT] Sleepy End Device Min <200 3.3
2025-09-19 14:15:46,517 [INFO] LogOutputStream:77 - [STDOUT_REDIRECT] Sleepy End Device Min <200 3.3
2025-09-19 14:15:46,518 [INFO] LogOutputStream:77 - [STDOUT_REDIRECT] Sleepy End Device Min <200 3.3
2025-09-19 14:15:46,518 [INFO] LogOutputStream:77 - [STDOUT_REDIRECT] Sleepy End Device Min <200 3.3
2025-09-19 14:15:46,519 [INFO] LogOutputStream:77 - [STDOUT_REDIRECT] Sleepy End Device Min <200 3.3
2025-09-19 14:15:46,519 [INFO] LogOutputStream:77 - [STDOUT_REDIRECT] Sleepy End Device Min <200 3.3
2025-09-19 14:15:46,520 [INFO] LogOutputStream:77 - [STDOUT_REDIRECT] Sleepy End Device Min <200 3.3
2025-09-19 14:15:46,520 [INFO] LogOutputStream:77 - [STDOUT_REDIRECT] Sleepy End Device Min <200 3.3
2025-09-19 14:15:46,520 [INFO] LogOutputStream:77 - [STDOUT_REDIRECT] Sleepy End Device Min <200 3.3
2025-09-19 14:15:46,598 [INFO] LogOutputStream:77 - [STDOUT_REDIRECT] Sleepy End Device Min <200 3.3
2025-09-19 14:15:46,599 [INFO] LogOutputStream:77 - [STDOUT_REDIRECT] Sleepy End Device Min <200 3.3
2025-09-19 14:15:46,599 [INFO] LogOutputStream:77 - [STDOUT_REDIRECT] Sleepy End Device Min <200 3.3
2025-09-19 14:15:46,600 [INFO] LogOutputStream:77 - [STDOUT_REDIRECT] Sleepy End Device Min <200 3.3
2025-09-19 14:15:46,601 [INFO] LogOutputStream:77 - [STDOUT_REDIRECT] Sleepy End Device Min <200 3.3
2025-09-19 14:15:46,655 [INFO] UtilMem:75 - After build in PCC Used Memory: 875813104 Bytes (1073741824)
2025-09-19 14:15:46,674 [INFO] ApiDbMcu:508 - Load IP Config File for STM32_WPAN
2025-09-19 14:15:46,681 [INFO] ApiDbMcu:508 - Load IP Config File for USB_DEVICE
2025-09-19 14:15:46,700 [INFO] IPUIPlugin:80 - create IPUIPlugin
2025-09-19 14:15:46,700 [INFO] IPUIPlugin:80 - create IPUIPlugin
2025-09-19 14:15:46,700 [INFO] IPUIPlugin:80 - create IPUIPlugin
2025-09-19 14:15:46,700 [INFO] IPUIPlugin:80 - create IPUIPlugin
2025-09-19 14:15:46,700 [INFO] IPUIPlugin:80 - create IPUIPlugin
2025-09-19 14:15:46,700 [INFO] IPUIPlugin:80 - create IPUIPlugin
2025-09-19 14:15:46,700 [INFO] IPUIPlugin:80 - create IPUIPlugin
2025-09-19 14:15:46,700 [INFO] IPUIPlugin:80 - create IPUIPlugin
2025-09-19 14:15:46,700 [INFO] IPUIPlugin:80 - create IPUIPlugin
2025-09-19 14:15:46,700 [INFO] IPUIPlugin:80 - create IPUIPlugin
2025-09-19 14:15:46,700 [INFO] IPUIPlugin:80 - create IPUIPlugin
2025-09-19 14:15:46,700 [INFO] IPUIPlugin:80 - create IPUIPlugin
2025-09-19 14:15:46,701 [INFO] IPUIPlugin:80 - create IPUIPlugin
2025-09-19 14:15:46,701 [INFO] IPUIPlugin:80 - create IPUIPlugin
2025-09-19 14:15:46,701 [INFO] IPUIPlugin:80 - create IPUIPlugin
2025-09-19 14:15:46,701 [INFO] IPUIPlugin:80 - create IPUIPlugin
2025-09-19 14:15:46,701 [INFO] IPUIPlugin:80 - create IPUIPlugin
2025-09-19 14:15:46,701 [INFO] IPUIPlugin:80 - create IPUIPlugin
2025-09-19 14:15:46,701 [INFO] IPUIPlugin:80 - create IPUIPlugin
2025-09-19 14:15:46,701 [INFO] IPUIPlugin:80 - create IPUIPlugin
2025-09-19 14:15:46,701 [INFO] IPUIPlugin:80 - create IPUIPlugin
2025-09-19 14:15:46,702 [INFO] IPUIPlugin:80 - create IPUIPlugin
2025-09-19 14:15:46,702 [INFO] IPUIPlugin:80 - create IPUIPlugin
2025-09-19 14:15:46,702 [INFO] IPUIPlugin:80 - create IPUIPlugin
2025-09-19 14:15:46,702 [INFO] IPUIPlugin:80 - create IPUIPlugin
2025-09-19 14:15:46,702 [INFO] IPUIPlugin:80 - create IPUIPlugin
2025-09-19 14:15:46,702 [INFO] IPUIPlugin:80 - create IPUIPlugin
2025-09-19 14:15:46,702 [INFO] IPUIPlugin:80 - create IPUIPlugin
2025-09-19 14:15:46,702 [INFO] IPUIPlugin:80 - create IPUIPlugin
2025-09-19 14:15:46,702 [INFO] IPUIPlugin:80 - create IPUIPlugin
2025-09-19 14:15:46,703 [INFO] IPUIPlugin:80 - create IPUIPlugin
2025-09-19 14:15:46,703 [INFO] IPUIPlugin:80 - create IPUIPlugin
2025-09-19 14:15:46,703 [INFO] IPUIPlugin:80 - create IPUIPlugin
2025-09-19 14:15:46,703 [INFO] IPUIPlugin:80 - create IPUIPlugin
2025-09-19 14:15:46,703 [INFO] IPUIPlugin:80 - create IPUIPlugin
2025-09-19 14:15:46,703 [INFO] IPUIPlugin:80 - create IPUIPlugin
2025-09-19 14:15:46,704 [INFO] IPUIPlugin:80 - create IPUIPlugin
2025-09-19 14:15:46,704 [INFO] IPUIPlugin:80 - create IPUIPlugin
2025-09-19 14:15:46,704 [INFO] IPUIPlugin:80 - create IPUIPlugin
2025-09-19 14:15:46,704 [INFO] IPUIPlugin:80 - create IPUIPlugin
2025-09-19 14:15:46,704 [INFO] IPUIPlugin:80 - create IPUIPlugin
2025-09-19 14:15:46,704 [INFO] IPUIPlugin:80 - create IPUIPlugin
2025-09-19 14:15:46,705 [INFO] IPUIPlugin:80 - create IPUIPlugin
2025-09-19 14:15:46,705 [INFO] IPUIPlugin:80 - create IPUIPlugin
2025-09-19 14:15:46,705 [INFO] IPUIPlugin:80 - create IPUIPlugin
2025-09-19 14:15:46,737 [WARN] IP:2250 - SERVICE2_UUID not found: check if there is a RefParameter without a condition.
2025-09-19 14:15:46,739 [WARN] IP:2250 - SERVICE3_UUID not found: check if there is a RefParameter without a condition.
2025-09-19 14:15:46,742 [WARN] IP:2250 - SERVICE4_UUID not found: check if there is a RefParameter without a condition.
2025-09-19 14:15:46,745 [WARN] IP:2250 - SERVICE5_UUID not found: check if there is a RefParameter without a condition.
2025-09-19 14:15:46,887 [INFO] CADModel:165 - CPN selected for project levelSTM32WB55RGV6
2025-09-19 14:15:46,887 [INFO] CADModel:114 - Register for checkConnection events
2025-09-19 14:15:46,954 [INFO] OpenFileManager:385 - Restore cursor
2025-09-19 14:15:47,313 [WARN] IP:2250 - SERVICE2_UUID not found: check if there is a RefParameter without a condition.
2025-09-19 14:15:47,316 [WARN] IP:2250 - SERVICE3_UUID not found: check if there is a RefParameter without a condition.
2025-09-19 14:15:47,318 [WARN] IP:2250 - SERVICE4_UUID not found: check if there is a RefParameter without a condition.
2025-09-19 14:15:47,320 [WARN] IP:2250 - SERVICE5_UUID not found: check if there is a RefParameter without a condition.
2025-09-19 14:15:47,371 [WARN] IpParametersView:155 - Warning: This peripheral hasn't parameters
2025-09-19 14:20:21,231 [INFO] NvicIntPanel:101 - NVIC parent = com.st.microxplorer.plugins.ip.nvic.MultiNvicIntPanel[,0,0,495x221,layout=javax.swing.BoxLayout,alignmentX=0.0,alignmentY=0.0,border=,flags=9,maximumSize=,minimumSize=,preferredSize=]
2025-09-19 23:00:14,656 [INFO] WebApp:194 - Connection lost
