2026-01-01 13:48:09,018 [INFO] WebApp:194 - Connection lost
2026-01-01 13:48:09,252 [INFO] WebApp:191 - Connection restablished
2026-01-01 14:01:06,951 [INFO] WebApp:194 - Connection lost
2026-01-01 14:01:07,092 [INFO] WebApp:191 - Connection restablished
2026-01-01 14:05:44,933 [INFO] WebApp:194 - Connection lost
2026-01-01 14:05:45,071 [INFO] WebApp:191 - Connection restablished
2026-01-01 20:02:50,727 [INFO] WebApp:194 - Connection lost
2026-01-01 20:02:50,918 [INFO] WebApp:191 - Connection restablished
2026-01-01 20:02:53,429 [INFO] WebApp:194 - Connection lost
2026-01-01 20:02:53,543 [INFO] WebApp:191 - Connection restablished
2026-01-01 20:13:13,452 [WARN] IpParametersView:155 - Warning: This peripheral hasn't parameters
2026-01-01 20:13:13,541 [WARN] IpParametersView:155 - Warning: This peripheral hasn't parameters
2026-01-01 20:13:13,561 [WARN] IpParametersView:155 - Warning: This peripheral hasn't parameters
2026-01-01 20:13:13,568 [WARN] IpParametersView:155 - Warning: This peripheral hasn't parameters
2026-01-01 20:13:13,581 [WARN] IpParametersView:155 - Warning: This peripheral hasn't parameters
2026-01-01 20:13:48,392 [WARN] IP:2250 - SERVICE2_UUID not found: check if there is a RefParameter without a condition.
2026-01-01 20:13:48,397 [WARN] IP:2250 - SERVICE3_UUID not found: check if there is a RefParameter without a condition.
2026-01-01 20:13:48,406 [WARN] IP:2250 - SERVICE4_UUID not found: check if there is a RefParameter without a condition.
2026-01-01 20:13:48,413 [WARN] IP:2250 - SERVICE5_UUID not found: check if there is a RefParameter without a condition.
2026-01-01 20:13:48,561 [WARN] IP:2250 - SERVICE2_UUID not found: check if there is a RefParameter without a condition.
2026-01-01 20:13:48,567 [WARN] IP:2250 - SERVICE3_UUID not found: check if there is a RefParameter without a condition.
2026-01-01 20:13:48,571 [WARN] IP:2250 - SERVICE4_UUID not found: check if there is a RefParameter without a condition.
2026-01-01 20:13:48,576 [WARN] IP:2250 - SERVICE5_UUID not found: check if there is a RefParameter without a condition.
2026-01-01 20:13:48,763 [WARN] IP:2250 - SERVICE2_UUID not found: check if there is a RefParameter without a condition.
2026-01-01 20:13:48,768 [WARN] IP:2250 - SERVICE3_UUID not found: check if there is a RefParameter without a condition.
2026-01-01 20:13:48,773 [WARN] IP:2250 - SERVICE4_UUID not found: check if there is a RefParameter without a condition.
2026-01-01 20:13:48,777 [WARN] IP:2250 - SERVICE5_UUID not found: check if there is a RefParameter without a condition.
2026-01-01 20:14:16,805 [WARN] IP:2250 - SERVICE2_UUID not found: check if there is a RefParameter without a condition.
2026-01-01 20:14:16,809 [WARN] IP:2250 - SERVICE3_UUID not found: check if there is a RefParameter without a condition.
2026-01-01 20:14:16,814 [WARN] IP:2250 - SERVICE4_UUID not found: check if there is a RefParameter without a condition.
2026-01-01 20:14:16,816 [WARN] IP:2250 - SERVICE5_UUID not found: check if there is a RefParameter without a condition.
2026-01-01 20:14:16,921 [WARN] IP:2250 - SERVICE2_UUID not found: check if there is a RefParameter without a condition.
2026-01-01 20:14:16,924 [WARN] IP:2250 - SERVICE3_UUID not found: check if there is a RefParameter without a condition.
2026-01-01 20:14:16,927 [WARN] IP:2250 - SERVICE4_UUID not found: check if there is a RefParameter without a condition.
2026-01-01 20:14:16,930 [WARN] IP:2250 - SERVICE5_UUID not found: check if there is a RefParameter without a condition.
2026-01-01 20:14:17,071 [WARN] IP:2250 - SERVICE2_UUID not found: check if there is a RefParameter without a condition.
2026-01-01 20:14:17,074 [WARN] IP:2250 - SERVICE3_UUID not found: check if there is a RefParameter without a condition.
2026-01-01 20:14:17,077 [WARN] IP:2250 - SERVICE4_UUID not found: check if there is a RefParameter without a condition.
2026-01-01 20:14:17,082 [WARN] IP:2250 - SERVICE5_UUID not found: check if there is a RefParameter without a condition.
2026-01-01 20:21:29,575 [WARN] IP:2250 - SERVICE2_UUID not found: check if there is a RefParameter without a condition.
2026-01-01 20:21:29,579 [WARN] IP:2250 - SERVICE3_UUID not found: check if there is a RefParameter without a condition.
2026-01-01 20:21:29,582 [WARN] IP:2250 - SERVICE4_UUID not found: check if there is a RefParameter without a condition.
2026-01-01 20:21:29,585 [WARN] IP:2250 - SERVICE5_UUID not found: check if there is a RefParameter without a condition.
2026-01-01 20:21:29,701 [WARN] IP:2250 - SERVICE2_UUID not found: check if there is a RefParameter without a condition.
2026-01-01 20:21:29,704 [WARN] IP:2250 - SERVICE3_UUID not found: check if there is a RefParameter without a condition.
2026-01-01 20:21:29,708 [WARN] IP:2250 - SERVICE4_UUID not found: check if there is a RefParameter without a condition.
2026-01-01 20:21:29,712 [WARN] IP:2250 - SERVICE5_UUID not found: check if there is a RefParameter without a condition.
2026-01-01 20:21:29,852 [WARN] IP:2250 - SERVICE2_UUID not found: check if there is a RefParameter without a condition.
2026-01-01 20:21:29,855 [WARN] IP:2250 - SERVICE3_UUID not found: check if there is a RefParameter without a condition.
2026-01-01 20:21:29,859 [WARN] IP:2250 - SERVICE4_UUID not found: check if there is a RefParameter without a condition.
2026-01-01 20:21:29,862 [WARN] IP:2250 - SERVICE5_UUID not found: check if there is a RefParameter without a condition.
2026-01-01 20:21:38,862 [INFO] UtilMem:75 - End SaveConfig() Used Memory: 940140248 Bytes (1073741824)
2026-01-01 20:21:42,139 [INFO] UtilMem:75 - End SaveConfig() Used Memory: 965832408 Bytes (1073741824)
2026-01-01 20:21:46,816 [INFO] UtilMem:75 - End SaveConfig() Used Memory: 731666664 Bytes (1073741824)
2026-01-01 20:21:47,397 [INFO] BlockDiagram:2775 - set Specific Code input for plugin: RTC
2026-01-01 20:21:47,397 [INFO] BlockDiagram:2775 - set Specific Code input for plugin: SPI
2026-01-01 20:21:47,397 [INFO] BlockDiagram:2775 - set Specific Code input for plugin: SPI
2026-01-01 20:21:47,397 [INFO] BlockDiagram:2775 - set Specific Code input for plugin: NVIC
2026-01-01 20:21:47,397 [INFO] BlockDiagram:2775 - set Specific Code input for plugin: SEQUENCER
2026-01-01 20:21:47,397 [INFO] BlockDiagram:2775 - set Specific Code input for plugin: STM32_WPAN
2026-01-01 20:21:47,397 [INFO] BlockDiagram:2775 - set Specific Code input for plugin: RNG
2026-01-01 20:21:47,397 [INFO] BlockDiagram:2775 - set Specific Code input for plugin: USART
2026-01-01 20:21:47,397 [INFO] BlockDiagram:2775 - set Specific Code input for plugin: HSEM
2026-01-01 20:21:47,397 [INFO] BlockDiagram:2775 - set Specific Code input for plugin: DMA
2026-01-01 20:21:47,397 [INFO] BlockDiagram:2775 - set Specific Code input for plugin: MEMORYMAP
2026-01-01 20:21:47,397 [INFO] BlockDiagram:2775 - set Specific Code input for plugin: TIM1_8WB5
2026-01-01 20:21:47,397 [INFO] BlockDiagram:2775 - set Specific Code input for plugin: TIM1_8WB5
2026-01-01 20:21:47,398 [INFO] BlockDiagram:2775 - set Specific Code input for plugin: USB_Device
2026-01-01 20:21:47,398 [INFO] BlockDiagram:2775 - set Specific Code input for plugin: IPCC
2026-01-01 20:21:47,398 [INFO] BlockDiagram:2775 - set Specific Code input for plugin: USB
2026-01-01 20:21:47,398 [INFO] BlockDiagram:2775 - set Specific Code input for plugin: SYS
2026-01-01 20:21:47,398 [INFO] BlockDiagram:2775 - set Specific Code input for plugin: GPIO
2026-01-01 20:21:47,398 [INFO] BlockDiagram:2775 - set Specific Code input for plugin: RCC
2026-01-01 20:21:47,398 [INFO] BlockDiagram:2775 - set Specific Code input for plugin: RF
2026-01-01 20:21:47,398 [INFO] BlockDiagram:2775 - set Specific Code input for plugin: I2C
2026-01-01 20:21:47,398 [INFO] BlockDiagram:2775 - set Specific Code input for plugin: TINY_LPM
2026-01-01 20:21:47,399 [INFO] CodeGenerator:882 - code generatio: config db path: C:\ST\STM32CubeIDE_1.18.0\STM32CubeIDE\plugins\com.st.stm32cube.common.mx_6.14.0.202502271554\\db\
2026-01-01 20:21:47,458 [WARN] IP:2250 - SERVICE2_UUID not found: check if there is a RefParameter without a condition.
2026-01-01 20:21:47,461 [WARN] IP:2250 - SERVICE3_UUID not found: check if there is a RefParameter without a condition.
2026-01-01 20:21:47,464 [WARN] IP:2250 - SERVICE4_UUID not found: check if there is a RefParameter without a condition.
2026-01-01 20:21:47,467 [WARN] IP:2250 - SERVICE5_UUID not found: check if there is a RefParameter without a condition.
2026-01-01 20:21:47,681 [INFO] CodeEngine:263 - oldGeneratedFile, C:\Users\jaowe\Documents\Projects\DeltaTPlus_STM32WB55RG_Workspace\DeltaTPlus_STM32WB55RG_090525\MXTmpFiles\license.tmp_save
2026-01-01 20:21:48,247 [INFO] CodeEngine:287 - Generated code: C:\Users\jaowe\Documents\Projects\DeltaTPlus_STM32WB55RG_Workspace\DeltaTPlus_STM32WB55RG_090525\MXTmpFiles\license.tmp
2026-01-01 20:21:48,401 [INFO] CodeEngine:263 - oldGeneratedFile, C:\Users\jaowe\Documents\Projects\DeltaTPlus_STM32WB55RG_Workspace\DeltaTPlus_STM32WB55RG_090525\Core\Src\gpio.c_save
2026-01-01 20:21:48,542 [INFO] CodeEngine:287 - Generated code: C:\Users\jaowe\Documents\Projects\DeltaTPlus_STM32WB55RG_Workspace\DeltaTPlus_STM32WB55RG_090525\Core\Src\gpio.c
2026-01-01 20:21:48,548 [INFO] CodeEngine:263 - oldGeneratedFile, C:\Users\jaowe\Documents\Projects\DeltaTPlus_STM32WB55RG_Workspace\DeltaTPlus_STM32WB55RG_090525\Core\Inc\gpio.h_save
2026-01-01 20:21:48,622 [INFO] CodeEngine:287 - Generated code: C:\Users\jaowe\Documents\Projects\DeltaTPlus_STM32WB55RG_Workspace\DeltaTPlus_STM32WB55RG_090525\Core\Inc\gpio.h
2026-01-01 20:21:48,825 [INFO] CodeEngine:263 - oldGeneratedFile, C:\Users\jaowe\Documents\Projects\DeltaTPlus_STM32WB55RG_Workspace\DeltaTPlus_STM32WB55RG_090525\MXTmpFiles\usb_vars.tmp_save
2026-01-01 20:21:48,912 [INFO] CodeEngine:287 - Generated code: C:\Users\jaowe\Documents\Projects\DeltaTPlus_STM32WB55RG_Workspace\DeltaTPlus_STM32WB55RG_090525\MXTmpFiles\usb_vars.tmp
2026-01-01 20:21:48,917 [INFO] CodeEngine:263 - oldGeneratedFile, C:\Users\jaowe\Documents\Projects\DeltaTPlus_STM32WB55RG_Workspace\DeltaTPlus_STM32WB55RG_090525\MXTmpFiles\usb_inc.tmp_save
2026-01-01 20:21:48,995 [INFO] CodeEngine:287 - Generated code: C:\Users\jaowe\Documents\Projects\DeltaTPlus_STM32WB55RG_Workspace\DeltaTPlus_STM32WB55RG_090525\MXTmpFiles\usb_inc.tmp
2026-01-01 20:21:48,999 [INFO] CodeEngine:263 - oldGeneratedFile, C:\Users\jaowe\Documents\Projects\DeltaTPlus_STM32WB55RG_Workspace\DeltaTPlus_STM32WB55RG_090525\MXTmpFiles\usb_HalInit.tmp_save
2026-01-01 20:21:49,090 [INFO] CodeEngine:287 - Generated code: C:\Users\jaowe\Documents\Projects\DeltaTPlus_STM32WB55RG_Workspace\DeltaTPlus_STM32WB55RG_090525\MXTmpFiles\usb_HalInit.tmp
2026-01-01 20:21:49,095 [INFO] CodeEngine:263 - oldGeneratedFile, C:\Users\jaowe\Documents\Projects\DeltaTPlus_STM32WB55RG_Workspace\DeltaTPlus_STM32WB55RG_090525\MXTmpFiles\usb_Msp.tmp_save
2026-01-01 20:21:49,190 [INFO] CodeEngine:287 - Generated code: C:\Users\jaowe\Documents\Projects\DeltaTPlus_STM32WB55RG_Workspace\DeltaTPlus_STM32WB55RG_090525\MXTmpFiles\usb_Msp.tmp
2026-01-01 20:21:49,490 [WARN] IPConfigManager:103 - WARNING: Missing Config File for MEMORYMAP ip!!
2026-01-01 20:21:49,491 [WARN] IP:2250 - DefaultDataRegion not found: check if there is a RefParameter without a condition.
2026-01-01 20:21:49,572 [WARN] IPConfigManager:103 - WARNING: Missing Config File for RF ip!!
2026-01-01 20:21:50,788 [INFO] Middleware:1452 - No code input for Bsp Dependency
2026-01-01 20:21:50,840 [INFO] Middleware:1452 - No code input for Bsp Dependency
2026-01-01 20:21:50,906 [INFO] CodeEngine:263 - oldGeneratedFile, C:\Users\jaowe\Documents\Projects\DeltaTPlus_STM32WB55RG_Workspace\DeltaTPlus_STM32WB55RG_090525\Core\Src\dma.c_save
2026-01-01 20:21:51,009 [INFO] CodeEngine:287 - Generated code: C:\Users\jaowe\Documents\Projects\DeltaTPlus_STM32WB55RG_Workspace\DeltaTPlus_STM32WB55RG_090525\Core\Src\dma.c
2026-01-01 20:21:51,014 [INFO] CodeEngine:263 - oldGeneratedFile, C:\Users\jaowe\Documents\Projects\DeltaTPlus_STM32WB55RG_Workspace\DeltaTPlus_STM32WB55RG_090525\Core\Inc\dma.h_save
2026-01-01 20:21:51,084 [INFO] CodeEngine:287 - Generated code: C:\Users\jaowe\Documents\Projects\DeltaTPlus_STM32WB55RG_Workspace\DeltaTPlus_STM32WB55RG_090525\Core\Inc\dma.h
2026-01-01 20:21:51,097 [INFO] CodeEngine:263 - oldGeneratedFile, C:\Users\jaowe\Documents\Projects\DeltaTPlus_STM32WB55RG_Workspace\DeltaTPlus_STM32WB55RG_090525\Core\Src\i2c.c_save
2026-01-01 20:21:51,242 [INFO] CodeEngine:287 - Generated code: C:\Users\jaowe\Documents\Projects\DeltaTPlus_STM32WB55RG_Workspace\DeltaTPlus_STM32WB55RG_090525\Core\Src\i2c.c
2026-01-01 20:21:51,249 [INFO] CodeEngine:263 - oldGeneratedFile, C:\Users\jaowe\Documents\Projects\DeltaTPlus_STM32WB55RG_Workspace\DeltaTPlus_STM32WB55RG_090525\Core\Inc\i2c.h_save
2026-01-01 20:21:51,334 [INFO] CodeEngine:287 - Generated code: C:\Users\jaowe\Documents\Projects\DeltaTPlus_STM32WB55RG_Workspace\DeltaTPlus_STM32WB55RG_090525\Core\Inc\i2c.h
2026-01-01 20:21:51,347 [INFO] CodeEngine:263 - oldGeneratedFile, C:\Users\jaowe\Documents\Projects\DeltaTPlus_STM32WB55RG_Workspace\DeltaTPlus_STM32WB55RG_090525\Core\Src\ipcc.c_save
2026-01-01 20:21:51,436 [INFO] CodeEngine:287 - Generated code: C:\Users\jaowe\Documents\Projects\DeltaTPlus_STM32WB55RG_Workspace\DeltaTPlus_STM32WB55RG_090525\Core\Src\ipcc.c
2026-01-01 20:21:51,442 [INFO] CodeEngine:263 - oldGeneratedFile, C:\Users\jaowe\Documents\Projects\DeltaTPlus_STM32WB55RG_Workspace\DeltaTPlus_STM32WB55RG_090525\Core\Inc\ipcc.h_save
2026-01-01 20:21:51,554 [INFO] CodeEngine:287 - Generated code: C:\Users\jaowe\Documents\Projects\DeltaTPlus_STM32WB55RG_Workspace\DeltaTPlus_STM32WB55RG_090525\Core\Inc\ipcc.h
2026-01-01 20:21:51,577 [INFO] CodeEngine:263 - oldGeneratedFile, C:\Users\jaowe\Documents\Projects\DeltaTPlus_STM32WB55RG_Workspace\DeltaTPlus_STM32WB55RG_090525\Core\Src\memorymap.c_save
2026-01-01 20:21:51,683 [INFO] CodeEngine:287 - Generated code: C:\Users\jaowe\Documents\Projects\DeltaTPlus_STM32WB55RG_Workspace\DeltaTPlus_STM32WB55RG_090525\Core\Src\memorymap.c
2026-01-01 20:21:51,693 [INFO] CodeEngine:263 - oldGeneratedFile, C:\Users\jaowe\Documents\Projects\DeltaTPlus_STM32WB55RG_Workspace\DeltaTPlus_STM32WB55RG_090525\Core\Inc\memorymap.h_save
2026-01-01 20:21:51,756 [INFO] CodeEngine:287 - Generated code: C:\Users\jaowe\Documents\Projects\DeltaTPlus_STM32WB55RG_Workspace\DeltaTPlus_STM32WB55RG_090525\Core\Inc\memorymap.h
2026-01-01 20:21:51,766 [INFO] CodeEngine:263 - oldGeneratedFile, C:\Users\jaowe\Documents\Projects\DeltaTPlus_STM32WB55RG_Workspace\DeltaTPlus_STM32WB55RG_090525\Core\Src\rf.c_save
2026-01-01 20:21:51,843 [INFO] CodeEngine:287 - Generated code: C:\Users\jaowe\Documents\Projects\DeltaTPlus_STM32WB55RG_Workspace\DeltaTPlus_STM32WB55RG_090525\Core\Src\rf.c
2026-01-01 20:21:51,848 [INFO] CodeEngine:263 - oldGeneratedFile, C:\Users\jaowe\Documents\Projects\DeltaTPlus_STM32WB55RG_Workspace\DeltaTPlus_STM32WB55RG_090525\Core\Inc\rf.h_save
2026-01-01 20:21:51,914 [INFO] CodeEngine:287 - Generated code: C:\Users\jaowe\Documents\Projects\DeltaTPlus_STM32WB55RG_Workspace\DeltaTPlus_STM32WB55RG_090525\Core\Inc\rf.h
2026-01-01 20:21:51,926 [INFO] CodeEngine:263 - oldGeneratedFile, C:\Users\jaowe\Documents\Projects\DeltaTPlus_STM32WB55RG_Workspace\DeltaTPlus_STM32WB55RG_090525\Core\Src\rng.c_save
2026-01-01 20:21:52,028 [INFO] CodeEngine:287 - Generated code: C:\Users\jaowe\Documents\Projects\DeltaTPlus_STM32WB55RG_Workspace\DeltaTPlus_STM32WB55RG_090525\Core\Src\rng.c
2026-01-01 20:21:52,033 [INFO] CodeEngine:263 - oldGeneratedFile, C:\Users\jaowe\Documents\Projects\DeltaTPlus_STM32WB55RG_Workspace\DeltaTPlus_STM32WB55RG_090525\Core\Inc\rng.h_save
2026-01-01 20:21:52,103 [INFO] CodeEngine:287 - Generated code: C:\Users\jaowe\Documents\Projects\DeltaTPlus_STM32WB55RG_Workspace\DeltaTPlus_STM32WB55RG_090525\Core\Inc\rng.h
2026-01-01 20:21:52,116 [INFO] CodeEngine:263 - oldGeneratedFile, C:\Users\jaowe\Documents\Projects\DeltaTPlus_STM32WB55RG_Workspace\DeltaTPlus_STM32WB55RG_090525\Core\Src\rtc.c_save
2026-01-01 20:21:52,280 [INFO] CodeEngine:287 - Generated code: C:\Users\jaowe\Documents\Projects\DeltaTPlus_STM32WB55RG_Workspace\DeltaTPlus_STM32WB55RG_090525\Core\Src\rtc.c
2026-01-01 20:21:52,296 [INFO] CodeEngine:263 - oldGeneratedFile, C:\Users\jaowe\Documents\Projects\DeltaTPlus_STM32WB55RG_Workspace\DeltaTPlus_STM32WB55RG_090525\Core\Inc\rtc.h_save
2026-01-01 20:21:52,398 [INFO] CodeEngine:287 - Generated code: C:\Users\jaowe\Documents\Projects\DeltaTPlus_STM32WB55RG_Workspace\DeltaTPlus_STM32WB55RG_090525\Core\Inc\rtc.h
2026-01-01 20:21:52,416 [INFO] CodeEngine:263 - oldGeneratedFile, C:\Users\jaowe\Documents\Projects\DeltaTPlus_STM32WB55RG_Workspace\DeltaTPlus_STM32WB55RG_090525\Core\Src\spi.c_save
2026-01-01 20:21:52,524 [INFO] CodeEngine:287 - Generated code: C:\Users\jaowe\Documents\Projects\DeltaTPlus_STM32WB55RG_Workspace\DeltaTPlus_STM32WB55RG_090525\Core\Src\spi.c
2026-01-01 20:21:52,534 [INFO] CodeEngine:263 - oldGeneratedFile, C:\Users\jaowe\Documents\Projects\DeltaTPlus_STM32WB55RG_Workspace\DeltaTPlus_STM32WB55RG_090525\Core\Inc\spi.h_save
2026-01-01 20:21:52,601 [INFO] CodeEngine:287 - Generated code: C:\Users\jaowe\Documents\Projects\DeltaTPlus_STM32WB55RG_Workspace\DeltaTPlus_STM32WB55RG_090525\Core\Inc\spi.h
2026-01-01 20:21:52,648 [INFO] Middleware:1452 - No code input for Bsp Dependency
2026-01-01 20:21:52,704 [INFO] CodeEngine:263 - oldGeneratedFile, C:\Users\jaowe\Documents\Projects\DeltaTPlus_STM32WB55RG_Workspace\DeltaTPlus_STM32WB55RG_090525\Core\Inc\app_common.h_save
2026-01-01 20:21:52,793 [INFO] CodeEngine:287 - Generated code: C:\Users\jaowe\Documents\Projects\DeltaTPlus_STM32WB55RG_Workspace\DeltaTPlus_STM32WB55RG_090525\Core\Inc\app_common.h
2026-01-01 20:21:52,801 [INFO] CodeEngine:263 - oldGeneratedFile, C:\Users\jaowe\Documents\Projects\DeltaTPlus_STM32WB55RG_Workspace\DeltaTPlus_STM32WB55RG_090525\Core\Inc\app_debug.h_save
2026-01-01 20:21:52,934 [INFO] CodeEngine:287 - Generated code: C:\Users\jaowe\Documents\Projects\DeltaTPlus_STM32WB55RG_Workspace\DeltaTPlus_STM32WB55RG_090525\Core\Inc\app_debug.h
2026-01-01 20:21:52,947 [INFO] CodeEngine:263 - oldGeneratedFile, C:\Users\jaowe\Documents\Projects\DeltaTPlus_STM32WB55RG_Workspace\DeltaTPlus_STM32WB55RG_090525\Core\Inc\app_conf.h_save
2026-01-01 20:21:53,214 [INFO] CodeEngine:287 - Generated code: C:\Users\jaowe\Documents\Projects\DeltaTPlus_STM32WB55RG_Workspace\DeltaTPlus_STM32WB55RG_090525\Core\Inc\app_conf.h
2026-01-01 20:21:53,224 [INFO] CodeEngine:263 - oldGeneratedFile, C:\Users\jaowe\Documents\Projects\DeltaTPlus_STM32WB55RG_Workspace\DeltaTPlus_STM32WB55RG_090525\Core\Inc\app_entry.h_save
2026-01-01 20:21:53,296 [INFO] CodeEngine:287 - Generated code: C:\Users\jaowe\Documents\Projects\DeltaTPlus_STM32WB55RG_Workspace\DeltaTPlus_STM32WB55RG_090525\Core\Inc\app_entry.h
2026-01-01 20:21:53,304 [INFO] CodeEngine:263 - oldGeneratedFile, C:\Users\jaowe\Documents\Projects\DeltaTPlus_STM32WB55RG_Workspace\DeltaTPlus_STM32WB55RG_090525\Core\Inc\hw_conf.h_save
2026-01-01 20:21:53,382 [INFO] CodeEngine:287 - Generated code: C:\Users\jaowe\Documents\Projects\DeltaTPlus_STM32WB55RG_Workspace\DeltaTPlus_STM32WB55RG_090525\Core\Inc\hw_conf.h
2026-01-01 20:21:53,389 [INFO] CodeEngine:263 - oldGeneratedFile, C:\Users\jaowe\Documents\Projects\DeltaTPlus_STM32WB55RG_Workspace\DeltaTPlus_STM32WB55RG_090525\Core\Inc\hw_if.h_save
2026-01-01 20:21:53,519 [INFO] CodeEngine:287 - Generated code: C:\Users\jaowe\Documents\Projects\DeltaTPlus_STM32WB55RG_Workspace\DeltaTPlus_STM32WB55RG_090525\Core\Inc\hw_if.h
2026-01-01 20:21:53,535 [INFO] CodeEngine:263 - oldGeneratedFile, C:\Users\jaowe\Documents\Projects\DeltaTPlus_STM32WB55RG_Workspace\DeltaTPlus_STM32WB55RG_090525\Core\Inc\utilities_conf.h_save
2026-01-01 20:21:53,685 [INFO] CodeEngine:287 - Generated code: C:\Users\jaowe\Documents\Projects\DeltaTPlus_STM32WB55RG_Workspace\DeltaTPlus_STM32WB55RG_090525\Core\Inc\utilities_conf.h
2026-01-01 20:21:53,700 [INFO] CodeEngine:263 - oldGeneratedFile, C:\Users\jaowe\Documents\Projects\DeltaTPlus_STM32WB55RG_Workspace\DeltaTPlus_STM32WB55RG_090525\Core\Inc\stm32_lpm_if.h_save
2026-01-01 20:21:53,830 [INFO] CodeEngine:287 - Generated code: C:\Users\jaowe\Documents\Projects\DeltaTPlus_STM32WB55RG_Workspace\DeltaTPlus_STM32WB55RG_090525\Core\Inc\stm32_lpm_if.h
2026-01-01 20:21:53,837 [INFO] CodeEngine:263 - oldGeneratedFile, C:\Users\jaowe\Documents\Projects\DeltaTPlus_STM32WB55RG_Workspace\DeltaTPlus_STM32WB55RG_090525\Core\Src\app_entry.c_save
2026-01-01 20:21:53,915 [INFO] CodeEngine:287 - Generated code: C:\Users\jaowe\Documents\Projects\DeltaTPlus_STM32WB55RG_Workspace\DeltaTPlus_STM32WB55RG_090525\Core\Src\app_entry.c
2026-01-01 20:21:53,922 [INFO] CodeEngine:263 - oldGeneratedFile, C:\Users\jaowe\Documents\Projects\DeltaTPlus_STM32WB55RG_Workspace\DeltaTPlus_STM32WB55RG_090525\Core\Src\app_debug.c_save
2026-01-01 20:21:54,000 [INFO] CodeEngine:287 - Generated code: C:\Users\jaowe\Documents\Projects\DeltaTPlus_STM32WB55RG_Workspace\DeltaTPlus_STM32WB55RG_090525\Core\Src\app_debug.c
2026-01-01 20:21:54,008 [INFO] CodeEngine:263 - oldGeneratedFile, C:\Users\jaowe\Documents\Projects\DeltaTPlus_STM32WB55RG_Workspace\DeltaTPlus_STM32WB55RG_090525\Core\Src\hw_timerserver.c_save
2026-01-01 20:21:54,084 [INFO] CodeEngine:287 - Generated code: C:\Users\jaowe\Documents\Projects\DeltaTPlus_STM32WB55RG_Workspace\DeltaTPlus_STM32WB55RG_090525\Core\Src\hw_timerserver.c
2026-01-01 20:21:54,092 [INFO] CodeEngine:263 - oldGeneratedFile, C:\Users\jaowe\Documents\Projects\DeltaTPlus_STM32WB55RG_Workspace\DeltaTPlus_STM32WB55RG_090525\Core\Src\stm32_lpm_if.c_save
2026-01-01 20:21:54,178 [INFO] CodeEngine:287 - Generated code: C:\Users\jaowe\Documents\Projects\DeltaTPlus_STM32WB55RG_Workspace\DeltaTPlus_STM32WB55RG_090525\Core\Src\stm32_lpm_if.c
2026-01-01 20:21:54,187 [INFO] CodeEngine:263 - oldGeneratedFile, C:\Users\jaowe\Documents\Projects\DeltaTPlus_STM32WB55RG_Workspace\DeltaTPlus_STM32WB55RG_090525\STM32_WPAN\App\app_ble.c_save
2026-01-01 20:21:54,435 [INFO] CodeEngine:287 - Generated code: C:\Users\jaowe\Documents\Projects\DeltaTPlus_STM32WB55RG_Workspace\DeltaTPlus_STM32WB55RG_090525\STM32_WPAN\App\app_ble.c
2026-01-01 20:21:54,444 [INFO] CodeEngine:263 - oldGeneratedFile, C:\Users\jaowe\Documents\Projects\DeltaTPlus_STM32WB55RG_Workspace\DeltaTPlus_STM32WB55RG_090525\STM32_WPAN\App\app_ble.h_save
2026-01-01 20:21:54,528 [INFO] CodeEngine:287 - Generated code: C:\Users\jaowe\Documents\Projects\DeltaTPlus_STM32WB55RG_Workspace\DeltaTPlus_STM32WB55RG_090525\STM32_WPAN\App\app_ble.h
2026-01-01 20:21:54,536 [INFO] CodeEngine:263 - oldGeneratedFile, C:\Users\jaowe\Documents\Projects\DeltaTPlus_STM32WB55RG_Workspace\DeltaTPlus_STM32WB55RG_090525\STM32_WPAN\App\ble_conf.h_save
2026-01-01 20:21:54,624 [INFO] CodeEngine:287 - Generated code: C:\Users\jaowe\Documents\Projects\DeltaTPlus_STM32WB55RG_Workspace\DeltaTPlus_STM32WB55RG_090525\STM32_WPAN\App\ble_conf.h
2026-01-01 20:21:54,631 [INFO] CodeEngine:263 - oldGeneratedFile, C:\Users\jaowe\Documents\Projects\DeltaTPlus_STM32WB55RG_Workspace\DeltaTPlus_STM32WB55RG_090525\STM32_WPAN\App\ble_dbg_conf.h_save
2026-01-01 20:21:54,702 [INFO] CodeEngine:287 - Generated code: C:\Users\jaowe\Documents\Projects\DeltaTPlus_STM32WB55RG_Workspace\DeltaTPlus_STM32WB55RG_090525\STM32_WPAN\App\ble_dbg_conf.h
2026-01-01 20:21:54,708 [INFO] CodeEngine:263 - oldGeneratedFile, C:\Users\jaowe\Documents\Projects\DeltaTPlus_STM32WB55RG_Workspace\DeltaTPlus_STM32WB55RG_090525\STM32_WPAN\App\tl_dbg_conf.h_save
2026-01-01 20:21:54,771 [INFO] CodeEngine:287 - Generated code: C:\Users\jaowe\Documents\Projects\DeltaTPlus_STM32WB55RG_Workspace\DeltaTPlus_STM32WB55RG_090525\STM32_WPAN\App\tl_dbg_conf.h
2026-01-01 20:21:54,780 [INFO] CodeEngine:263 - oldGeneratedFile, C:\Users\jaowe\Documents\Projects\DeltaTPlus_STM32WB55RG_Workspace\DeltaTPlus_STM32WB55RG_090525\STM32_WPAN\App\template_server_app.h_save
2026-01-01 20:21:54,850 [INFO] CodeEngine:287 - Generated code: C:\Users\jaowe\Documents\Projects\DeltaTPlus_STM32WB55RG_Workspace\DeltaTPlus_STM32WB55RG_090525\STM32_WPAN\App\template_server_app.h
2026-01-01 20:21:54,859 [INFO] CodeEngine:263 - oldGeneratedFile, C:\Users\jaowe\Documents\Projects\DeltaTPlus_STM32WB55RG_Workspace\DeltaTPlus_STM32WB55RG_090525\STM32_WPAN\App\custom_stm.c_save
2026-01-01 20:21:56,988 [INFO] CodeEngine:287 - Generated code: C:\Users\jaowe\Documents\Projects\DeltaTPlus_STM32WB55RG_Workspace\DeltaTPlus_STM32WB55RG_090525\STM32_WPAN\App\custom_stm.c
2026-01-01 20:21:56,997 [INFO] CodeEngine:263 - oldGeneratedFile, C:\Users\jaowe\Documents\Projects\DeltaTPlus_STM32WB55RG_Workspace\DeltaTPlus_STM32WB55RG_090525\STM32_WPAN\App\custom_stm.h_save
2026-01-01 20:21:57,331 [INFO] CodeEngine:287 - Generated code: C:\Users\jaowe\Documents\Projects\DeltaTPlus_STM32WB55RG_Workspace\DeltaTPlus_STM32WB55RG_090525\STM32_WPAN\App\custom_stm.h
2026-01-01 20:21:57,346 [INFO] CodeEngine:263 - oldGeneratedFile, C:\Users\jaowe\Documents\Projects\DeltaTPlus_STM32WB55RG_Workspace\DeltaTPlus_STM32WB55RG_090525\STM32_WPAN\App\custom_app.c_save
2026-01-01 20:21:57,745 [INFO] CodeEngine:287 - Generated code: C:\Users\jaowe\Documents\Projects\DeltaTPlus_STM32WB55RG_Workspace\DeltaTPlus_STM32WB55RG_090525\STM32_WPAN\App\custom_app.c
2026-01-01 20:21:57,762 [INFO] CodeEngine:263 - oldGeneratedFile, C:\Users\jaowe\Documents\Projects\DeltaTPlus_STM32WB55RG_Workspace\DeltaTPlus_STM32WB55RG_090525\STM32_WPAN\App\custom_app.h_save
2026-01-01 20:21:57,842 [INFO] CodeEngine:287 - Generated code: C:\Users\jaowe\Documents\Projects\DeltaTPlus_STM32WB55RG_Workspace\DeltaTPlus_STM32WB55RG_090525\STM32_WPAN\App\custom_app.h
2026-01-01 20:21:57,851 [INFO] CodeEngine:263 - oldGeneratedFile, C:\Users\jaowe\Documents\Projects\DeltaTPlus_STM32WB55RG_Workspace\DeltaTPlus_STM32WB55RG_090525\STM32_WPAN\Target\hw_ipcc.c_save
2026-01-01 20:21:57,934 [INFO] CodeEngine:287 - Generated code: C:\Users\jaowe\Documents\Projects\DeltaTPlus_STM32WB55RG_Workspace\DeltaTPlus_STM32WB55RG_090525\STM32_WPAN\Target\hw_ipcc.c
2026-01-01 20:21:57,948 [INFO] CodeEngine:263 - oldGeneratedFile, C:\Users\jaowe\Documents\Projects\DeltaTPlus_STM32WB55RG_Workspace\DeltaTPlus_STM32WB55RG_090525\Core\Src\tim.c_save
2026-01-01 20:21:58,036 [INFO] CodeEngine:287 - Generated code: C:\Users\jaowe\Documents\Projects\DeltaTPlus_STM32WB55RG_Workspace\DeltaTPlus_STM32WB55RG_090525\Core\Src\tim.c
2026-01-01 20:21:58,042 [INFO] CodeEngine:263 - oldGeneratedFile, C:\Users\jaowe\Documents\Projects\DeltaTPlus_STM32WB55RG_Workspace\DeltaTPlus_STM32WB55RG_090525\Core\Inc\tim.h_save
2026-01-01 20:21:58,114 [INFO] CodeEngine:287 - Generated code: C:\Users\jaowe\Documents\Projects\DeltaTPlus_STM32WB55RG_Workspace\DeltaTPlus_STM32WB55RG_090525\Core\Inc\tim.h
2026-01-01 20:21:58,127 [INFO] CodeEngine:263 - oldGeneratedFile, C:\Users\jaowe\Documents\Projects\DeltaTPlus_STM32WB55RG_Workspace\DeltaTPlus_STM32WB55RG_090525\Core\Src\usart.c_save
2026-01-01 20:21:58,259 [INFO] CodeEngine:287 - Generated code: C:\Users\jaowe\Documents\Projects\DeltaTPlus_STM32WB55RG_Workspace\DeltaTPlus_STM32WB55RG_090525\Core\Src\usart.c
2026-01-01 20:21:58,267 [INFO] CodeEngine:263 - oldGeneratedFile, C:\Users\jaowe\Documents\Projects\DeltaTPlus_STM32WB55RG_Workspace\DeltaTPlus_STM32WB55RG_090525\Core\Inc\usart.h_save
2026-01-01 20:21:58,332 [INFO] CodeEngine:287 - Generated code: C:\Users\jaowe\Documents\Projects\DeltaTPlus_STM32WB55RG_Workspace\DeltaTPlus_STM32WB55RG_090525\Core\Inc\usart.h
2026-01-01 20:21:58,351 [INFO] Middleware:1452 - No code input for Bsp Dependency
2026-01-01 20:21:58,367 [INFO] CodeEngine:263 - oldGeneratedFile, C:\Users\jaowe\Documents\Projects\DeltaTPlus_STM32WB55RG_Workspace\DeltaTPlus_STM32WB55RG_090525\USB_Device\App\usb_device.c_save
2026-01-01 20:21:58,505 [INFO] CodeEngine:287 - Generated code: C:\Users\jaowe\Documents\Projects\DeltaTPlus_STM32WB55RG_Workspace\DeltaTPlus_STM32WB55RG_090525\USB_Device\App\usb_device.c
2026-01-01 20:21:58,515 [INFO] CodeEngine:263 - oldGeneratedFile, C:\Users\jaowe\Documents\Projects\DeltaTPlus_STM32WB55RG_Workspace\DeltaTPlus_STM32WB55RG_090525\USB_Device\App\usb_device.h_save
2026-01-01 20:21:58,628 [INFO] CodeEngine:287 - Generated code: C:\Users\jaowe\Documents\Projects\DeltaTPlus_STM32WB55RG_Workspace\DeltaTPlus_STM32WB55RG_090525\USB_Device\App\usb_device.h
2026-01-01 20:21:58,652 [INFO] CodeEngine:263 - oldGeneratedFile, C:\Users\jaowe\Documents\Projects\DeltaTPlus_STM32WB55RG_Workspace\DeltaTPlus_STM32WB55RG_090525\USB_Device\Target\usbd_conf.h_save
2026-01-01 20:21:58,736 [INFO] CodeEngine:287 - Generated code: C:\Users\jaowe\Documents\Projects\DeltaTPlus_STM32WB55RG_Workspace\DeltaTPlus_STM32WB55RG_090525\USB_Device\Target\usbd_conf.h
2026-01-01 20:21:58,745 [INFO] CodeEngine:263 - oldGeneratedFile, C:\Users\jaowe\Documents\Projects\DeltaTPlus_STM32WB55RG_Workspace\DeltaTPlus_STM32WB55RG_090525\USB_Device\Target\usbd_conf.c_save
2026-01-01 20:21:58,858 [INFO] CodeEngine:287 - Generated code: C:\Users\jaowe\Documents\Projects\DeltaTPlus_STM32WB55RG_Workspace\DeltaTPlus_STM32WB55RG_090525\USB_Device\Target\usbd_conf.c
2026-01-01 20:21:58,874 [INFO] CodeEngine:263 - oldGeneratedFile, C:\Users\jaowe\Documents\Projects\DeltaTPlus_STM32WB55RG_Workspace\DeltaTPlus_STM32WB55RG_090525\USB_Device\App\usbd_desc.h_save
2026-01-01 20:21:58,947 [INFO] CodeEngine:287 - Generated code: C:\Users\jaowe\Documents\Projects\DeltaTPlus_STM32WB55RG_Workspace\DeltaTPlus_STM32WB55RG_090525\USB_Device\App\usbd_desc.h
2026-01-01 20:21:58,952 [INFO] CodeEngine:263 - oldGeneratedFile, C:\Users\jaowe\Documents\Projects\DeltaTPlus_STM32WB55RG_Workspace\DeltaTPlus_STM32WB55RG_090525\USB_Device\App\usbd_desc.c_save
2026-01-01 20:21:59,048 [INFO] CodeEngine:287 - Generated code: C:\Users\jaowe\Documents\Projects\DeltaTPlus_STM32WB55RG_Workspace\DeltaTPlus_STM32WB55RG_090525\USB_Device\App\usbd_desc.c
2026-01-01 20:21:59,057 [INFO] CodeEngine:263 - oldGeneratedFile, C:\Users\jaowe\Documents\Projects\DeltaTPlus_STM32WB55RG_Workspace\DeltaTPlus_STM32WB55RG_090525\USB_Device\App\usbd_dfu_flash.h_save
2026-01-01 20:21:59,165 [INFO] CodeEngine:287 - Generated code: C:\Users\jaowe\Documents\Projects\DeltaTPlus_STM32WB55RG_Workspace\DeltaTPlus_STM32WB55RG_090525\USB_Device\App\usbd_dfu_flash.h
2026-01-01 20:21:59,204 [INFO] CodeEngine:263 - oldGeneratedFile, C:\Users\jaowe\Documents\Projects\DeltaTPlus_STM32WB55RG_Workspace\DeltaTPlus_STM32WB55RG_090525\USB_Device\App\usbd_dfu_flash.c_save
2026-01-01 20:21:59,358 [INFO] CodeEngine:287 - Generated code: C:\Users\jaowe\Documents\Projects\DeltaTPlus_STM32WB55RG_Workspace\DeltaTPlus_STM32WB55RG_090525\USB_Device\App\usbd_dfu_flash.c
2026-01-01 20:21:59,399 [INFO] CodeEngine:263 - oldGeneratedFile, C:\Users\jaowe\Documents\Projects\DeltaTPlus_STM32WB55RG_Workspace\DeltaTPlus_STM32WB55RG_090525\Core\Src\stm32wbxx_it.c_save
2026-01-01 20:21:59,560 [INFO] CodeEngine:287 - Generated code: C:\Users\jaowe\Documents\Projects\DeltaTPlus_STM32WB55RG_Workspace\DeltaTPlus_STM32WB55RG_090525\Core\Src\stm32wbxx_it.c
2026-01-01 20:21:59,567 [INFO] CodeEngine:263 - oldGeneratedFile, C:\Users\jaowe\Documents\Projects\DeltaTPlus_STM32WB55RG_Workspace\DeltaTPlus_STM32WB55RG_090525\Core\Inc\stm32wbxx_it.h_save
2026-01-01 20:21:59,701 [INFO] CodeEngine:287 - Generated code: C:\Users\jaowe\Documents\Projects\DeltaTPlus_STM32WB55RG_Workspace\DeltaTPlus_STM32WB55RG_090525\Core\Inc\stm32wbxx_it.h
2026-01-01 20:21:59,757 [INFO] CodeEngine:263 - oldGeneratedFile, C:\Users\jaowe\Documents\Projects\DeltaTPlus_STM32WB55RG_Workspace\DeltaTPlus_STM32WB55RG_090525\Core\Src\stm32wbxx_hal_msp.c_save
2026-01-01 20:21:59,962 [INFO] CodeEngine:287 - Generated code: C:\Users\jaowe\Documents\Projects\DeltaTPlus_STM32WB55RG_Workspace\DeltaTPlus_STM32WB55RG_090525\Core\Src\stm32wbxx_hal_msp.c
2026-01-01 20:21:59,985 [INFO] CodeEngine:263 - oldGeneratedFile, C:\Users\jaowe\Documents\Projects\DeltaTPlus_STM32WB55RG_Workspace\DeltaTPlus_STM32WB55RG_090525\MXTmpFiles\system.tmp_save
2026-01-01 20:22:00,109 [INFO] CodeEngine:287 - Generated code: C:\Users\jaowe\Documents\Projects\DeltaTPlus_STM32WB55RG_Workspace\DeltaTPlus_STM32WB55RG_090525\MXTmpFiles\system.tmp
2026-01-01 20:22:00,138 [INFO] CodeEngine:319 - oldGeneratedFile, C:\Users\jaowe\Documents\Projects\DeltaTPlus_STM32WB55RG_Workspace\DeltaTPlus_STM32WB55RG_090525\Core\Inc\stm32wbxx_hal_conf.h_save
2026-01-01 20:22:00,413 [INFO] CodeEngine:343 - Generated code: C:\Users\jaowe\Documents\Projects\DeltaTPlus_STM32WB55RG_Workspace\DeltaTPlus_STM32WB55RG_090525\Core\Inc\stm32wbxx_hal_conf.h
2026-01-01 20:22:00,525 [WARN] IPConfigManager:3174 - Warning: the RefConfig RCC_PClockConfig is not available in your config.xml file
2026-01-01 20:22:00,595 [INFO] ApiDbMcu:508 - Load IP Config File for I2C1
2026-01-01 20:22:00,600 [INFO] ApiDbMcu:508 - Load IP Config File for IPCC
2026-01-01 20:22:00,602 [ERROR] ApiDbMcu:464 - Can't load MEMORYMAP-STM32xx root dir null
2026-01-01 20:22:00,603 [ERROR] ApiDbMcu:536 - Cannot parse MEMORYMAP_Config file : file do not exist
2026-01-01 20:22:00,605 [ERROR] ApiDbMcu:536 - Cannot parse RF_Config file : file do not exist
2026-01-01 20:22:00,610 [INFO] ApiDbMcu:508 - Load IP Config File for RNG
2026-01-01 20:22:00,633 [INFO] ApiDbMcu:508 - Load IP Config File for RTC
2026-01-01 20:22:00,648 [INFO] ApiDbMcu:508 - Load IP Config File for SPI1
2026-01-01 20:22:00,659 [INFO] ApiDbMcu:508 - Load IP Config File for SPI2
2026-01-01 20:22:00,731 [INFO] ApiDbMcu:508 - Load IP Config File for TIM2
2026-01-01 20:22:00,798 [INFO] ApiDbMcu:508 - Load IP Config File for TIM16
2026-01-01 20:22:00,864 [INFO] ApiDbMcu:508 - Load IP Config File for USART1
2026-01-01 20:22:00,877 [INFO] ApiDbMcu:508 - Load IP Config File for RCC
2026-01-01 20:22:00,940 [INFO] CodeEngine:263 - oldGeneratedFile, C:\Users\jaowe\Documents\Projects\DeltaTPlus_STM32WB55RG_Workspace\DeltaTPlus_STM32WB55RG_090525\Core\Inc\main.h_save
2026-01-01 20:22:01,312 [INFO] CodeEngine:287 - Generated code: C:\Users\jaowe\Documents\Projects\DeltaTPlus_STM32WB55RG_Workspace\DeltaTPlus_STM32WB55RG_090525\Core\Inc\main.h
2026-01-01 20:22:01,336 [INFO] CodeEngine:263 - oldGeneratedFile, C:\Users\jaowe\Documents\Projects\DeltaTPlus_STM32WB55RG_Workspace\DeltaTPlus_STM32WB55RG_090525\Core\Src\main.c_save
2026-01-01 20:22:01,775 [INFO] CodeEngine:287 - Generated code: C:\Users\jaowe\Documents\Projects\DeltaTPlus_STM32WB55RG_Workspace\DeltaTPlus_STM32WB55RG_090525\Core\Src\main.c
2026-01-01 20:22:04,129 [INFO] ProjectBuilder:3324 - Time for Copy HAL[1] : 1393mS.
2026-01-01 20:22:04,178 [INFO] ProjectBuilder:4912 - Project Generator version: 4.6.0-B36
2026-01-01 20:22:04,480 [INFO] ConfigFileManager:1590 - The Die is : DIE495
2026-01-01 20:22:04,489 [INFO] ApiDbMcu:508 - Load IP Config File for FATFS
2026-01-01 20:22:04,505 [INFO] ApiDbMcu:508 - Load IP Config File for FREERTOS
2026-01-01 20:22:04,545 [INFO] ApiDbMcu:508 - Load IP Config File for TOUCHSENSING
