2025-12-17 05:45:26,722 [INFO] LogOutputStream:77 - [STDOUT_REDIRECT] Sleepy End Device Min <200 3.3
2025-12-17 05:45:26,737 [INFO] LogOutputStream:77 - [STDOUT_REDIRECT] Sleepy End Device Min <200 3.3
2025-12-17 05:45:26,737 [INFO] LogOutputStream:77 - [STDOUT_REDIRECT] Sleepy End Device Min <200 3.3
2025-12-17 05:45:26,738 [INFO] LogOutputStream:77 - [STDOUT_REDIRECT] Sleepy End Device Min <200 3.3
2025-12-17 05:45:26,738 [INFO] LogOutputStream:77 - [STDOUT_REDIRECT] Sleepy End Device Min <200 3.3
2025-12-17 05:45:26,751 [INFO] LogOutputStream:77 - [STDOUT_REDIRECT] Sleepy End Device Min <200 3.3
2025-12-17 05:45:26,752 [INFO] LogOutputStream:77 - [STDOUT_REDIRECT] Sleepy End Device Min <200 3.3
2025-12-17 05:45:26,753 [INFO] LogOutputStream:77 - [STDOUT_REDIRECT] Sleepy End Device Min <200 3.3
2025-12-17 05:45:26,753 [INFO] LogOutputStream:77 - [STDOUT_REDIRECT] Sleepy End Device Min <200 3.3
2025-12-17 05:45:26,754 [INFO] LogOutputStream:77 - [STDOUT_REDIRECT] Sleepy End Device Min <200 3.3
2025-12-17 05:45:26,755 [INFO] LogOutputStream:77 - [STDOUT_REDIRECT] Sleepy End Device Min <200 3.3
2025-12-17 05:45:26,755 [INFO] LogOutputStream:77 - [STDOUT_REDIRECT] Sleepy End Device Min <200 3.3
2025-12-17 05:45:26,756 [INFO] LogOutputStream:77 - [STDOUT_REDIRECT] Sleepy End Device Min <200 3.3
2025-12-17 05:45:26,757 [INFO] LogOutputStream:77 - [STDOUT_REDIRECT] Sleepy End Device Min <200 3.3
2025-12-17 05:45:26,757 [INFO] LogOutputStream:77 - [STDOUT_REDIRECT] Sleepy End Device Min <200 3.3
2025-12-17 05:45:26,758 [INFO] LogOutputStream:77 - [STDOUT_REDIRECT] Sleepy End Device Min <200 3.3
2025-12-17 05:45:26,759 [INFO] LogOutputStream:77 - [STDOUT_REDIRECT] Sleepy End Device Min <200 3.3
2025-12-17 05:45:26,759 [INFO] LogOutputStream:77 - [STDOUT_REDIRECT] Sleepy End Device Min <200 3.3
2025-12-17 05:45:26,760 [INFO] LogOutputStream:77 - [STDOUT_REDIRECT] Sleepy End Device Min <200 3.3
2025-12-17 05:45:26,760 [INFO] LogOutputStream:77 - [STDOUT_REDIRECT] Sleepy End Device Min <200 3.3
2025-12-17 05:45:26,762 [INFO] LogOutputStream:77 - [STDOUT_REDIRECT] Sleepy End Device Min <200 3.3
2025-12-17 05:45:26,762 [INFO] LogOutputStream:77 - [STDOUT_REDIRECT] Sleepy End Device Min <200 3.3
2025-12-17 05:45:26,763 [INFO] LogOutputStream:77 - [STDOUT_REDIRECT] Sleepy End Device Min <200 3.3
2025-12-17 05:45:26,763 [INFO] LogOutputStream:77 - [STDOUT_REDIRECT] Sleepy End Device Min <200 3.3
2025-12-17 05:45:26,764 [INFO] LogOutputStream:77 - [STDOUT_REDIRECT] Sleepy End Device Min <200 3.3
2025-12-17 05:45:26,765 [INFO] LogOutputStream:77 - [STDOUT_REDIRECT] Sleepy End Device Min <200 3.3
2025-12-17 05:45:26,765 [INFO] LogOutputStream:77 - [STDOUT_REDIRECT] Sleepy End Device Min <200 3.3
2025-12-17 05:45:26,766 [INFO] LogOutputStream:77 - [STDOUT_REDIRECT] Sleepy End Device Min <200 3.3
2025-12-17 05:45:26,766 [INFO] LogOutputStream:77 - [STDOUT_REDIRECT] Sleepy End Device Min <200 3.3
2025-12-17 05:45:26,767 [INFO] LogOutputStream:77 - [STDOUT_REDIRECT] Sleepy End Device Min <200 3.3
2025-12-17 05:45:26,927 [INFO] LogOutputStream:77 - [STDOUT_REDIRECT] Sleepy End Device Min <200 3.3
2025-12-17 05:45:26,927 [INFO] LogOutputStream:77 - [STDOUT_REDIRECT] Sleepy End Device Min <200 3.3
2025-12-17 05:45:26,928 [INFO] LogOutputStream:77 - [STDOUT_REDIRECT] Sleepy End Device Min <200 3.3
2025-12-17 05:45:26,929 [INFO] LogOutputStream:77 - [STDOUT_REDIRECT] Sleepy End Device Min <200 3.3
2025-12-17 05:45:26,929 [INFO] LogOutputStream:77 - [STDOUT_REDIRECT] Sleepy End Device Min <200 3.3
2025-12-17 05:45:27,134 [INFO] UtilMem:75 - After build in PCC Used Memory: 972975184 Bytes (1073741824)
2025-12-17 05:45:27,247 [INFO] ApiDbMcu:508 - Load IP Config File for STM32_WPAN
2025-12-17 05:45:27,258 [INFO] ApiDbMcu:508 - Load IP Config File for USB_DEVICE
2025-12-17 05:45:27,284 [INFO] IPUIPlugin:80 - create IPUIPlugin
2025-12-17 05:45:27,284 [INFO] IPUIPlugin:80 - create IPUIPlugin
2025-12-17 05:45:27,284 [INFO] IPUIPlugin:80 - create IPUIPlugin
2025-12-17 05:45:27,284 [INFO] IPUIPlugin:80 - create IPUIPlugin
2025-12-17 05:45:27,284 [INFO] IPUIPlugin:80 - create IPUIPlugin
2025-12-17 05:45:27,285 [INFO] IPUIPlugin:80 - create IPUIPlugin
2025-12-17 05:45:27,285 [INFO] IPUIPlugin:80 - create IPUIPlugin
2025-12-17 05:45:27,285 [INFO] IPUIPlugin:80 - create IPUIPlugin
2025-12-17 05:45:27,286 [INFO] IPUIPlugin:80 - create IPUIPlugin
2025-12-17 05:45:27,286 [INFO] IPUIPlugin:80 - create IPUIPlugin
2025-12-17 05:45:27,286 [INFO] IPUIPlugin:80 - create IPUIPlugin
2025-12-17 05:45:27,286 [INFO] IPUIPlugin:80 - create IPUIPlugin
2025-12-17 05:45:27,286 [INFO] IPUIPlugin:80 - create IPUIPlugin
2025-12-17 05:45:27,286 [INFO] IPUIPlugin:80 - create IPUIPlugin
2025-12-17 05:45:27,286 [INFO] IPUIPlugin:80 - create IPUIPlugin
2025-12-17 05:45:27,287 [INFO] IPUIPlugin:80 - create IPUIPlugin
2025-12-17 05:45:27,287 [INFO] IPUIPlugin:80 - create IPUIPlugin
2025-12-17 05:45:27,287 [INFO] IPUIPlugin:80 - create IPUIPlugin
2025-12-17 05:45:27,287 [INFO] IPUIPlugin:80 - create IPUIPlugin
2025-12-17 05:45:27,287 [INFO] IPUIPlugin:80 - create IPUIPlugin
2025-12-17 05:45:27,288 [INFO] IPUIPlugin:80 - create IPUIPlugin
2025-12-17 05:45:27,288 [INFO] IPUIPlugin:80 - create IPUIPlugin
2025-12-17 05:45:27,288 [INFO] IPUIPlugin:80 - create IPUIPlugin
2025-12-17 05:45:27,288 [INFO] IPUIPlugin:80 - create IPUIPlugin
2025-12-17 05:45:27,289 [INFO] IPUIPlugin:80 - create IPUIPlugin
2025-12-17 05:45:27,289 [INFO] IPUIPlugin:80 - create IPUIPlugin
2025-12-17 05:45:27,289 [INFO] IPUIPlugin:80 - create IPUIPlugin
2025-12-17 05:45:27,289 [INFO] IPUIPlugin:80 - create IPUIPlugin
2025-12-17 05:45:27,290 [INFO] IPUIPlugin:80 - create IPUIPlugin
2025-12-17 05:45:27,290 [INFO] IPUIPlugin:80 - create IPUIPlugin
2025-12-17 05:45:27,290 [INFO] IPUIPlugin:80 - create IPUIPlugin
2025-12-17 05:45:27,290 [INFO] IPUIPlugin:80 - create IPUIPlugin
2025-12-17 05:45:27,290 [INFO] IPUIPlugin:80 - create IPUIPlugin
2025-12-17 05:45:27,291 [INFO] IPUIPlugin:80 - create IPUIPlugin
2025-12-17 05:45:27,291 [INFO] IPUIPlugin:80 - create IPUIPlugin
2025-12-17 05:45:27,291 [INFO] IPUIPlugin:80 - create IPUIPlugin
2025-12-17 05:45:27,292 [INFO] IPUIPlugin:80 - create IPUIPlugin
2025-12-17 05:45:27,292 [INFO] IPUIPlugin:80 - create IPUIPlugin
2025-12-17 05:45:27,292 [INFO] IPUIPlugin:80 - create IPUIPlugin
2025-12-17 05:45:27,293 [INFO] IPUIPlugin:80 - create IPUIPlugin
2025-12-17 05:45:27,293 [INFO] IPUIPlugin:80 - create IPUIPlugin
2025-12-17 05:45:27,294 [INFO] IPUIPlugin:80 - create IPUIPlugin
2025-12-17 05:45:27,306 [INFO] IPUIPlugin:80 - create IPUIPlugin
2025-12-17 05:45:27,306 [INFO] IPUIPlugin:80 - create IPUIPlugin
2025-12-17 05:45:27,308 [INFO] IPUIPlugin:80 - create IPUIPlugin
2025-12-17 05:45:27,364 [WARN] IP:2250 - SERVICE2_UUID not found: check if there is a RefParameter without a condition.
2025-12-17 05:45:27,367 [WARN] IP:2250 - SERVICE3_UUID not found: check if there is a RefParameter without a condition.
2025-12-17 05:45:27,370 [WARN] IP:2250 - SERVICE4_UUID not found: check if there is a RefParameter without a condition.
2025-12-17 05:45:27,373 [WARN] IP:2250 - SERVICE5_UUID not found: check if there is a RefParameter without a condition.
2025-12-17 05:45:27,612 [INFO] CADModel:165 - CPN selected for project levelSTM32WB55RGV6
2025-12-17 05:45:27,612 [INFO] CADModel:114 - Register for checkConnection events
2025-12-17 05:45:27,664 [INFO] OpenFileManager:385 - Restore cursor
2025-12-17 05:45:27,859 [WARN] IP:2250 - SERVICE2_UUID not found: check if there is a RefParameter without a condition.
2025-12-17 05:45:27,862 [WARN] IP:2250 - SERVICE3_UUID not found: check if there is a RefParameter without a condition.
2025-12-17 05:45:27,865 [WARN] IP:2250 - SERVICE4_UUID not found: check if there is a RefParameter without a condition.
2025-12-17 05:45:27,867 [WARN] IP:2250 - SERVICE5_UUID not found: check if there is a RefParameter without a condition.
2025-12-17 05:45:27,944 [WARN] IpParametersView:155 - Warning: This peripheral hasn't parameters
2025-12-17 15:24:17,102 [INFO] WebApp:194 - Connection lost
2025-12-17 15:24:17,289 [INFO] WebApp:191 - Connection restablished
2025-12-17 15:24:22,195 [INFO] WebApp:194 - Connection lost
2025-12-17 15:24:22,315 [INFO] WebApp:191 - Connection restablished
2025-12-17 15:24:25,678 [INFO] WebApp:194 - Connection lost
2025-12-17 15:24:25,809 [INFO] WebApp:191 - Connection restablished
2025-12-17 15:24:35,353 [ERROR] LogOutputStream:75 - [STDERR_REDIRECT] 
2025-12-17 21:12:46,829 [INFO] Activator:176 - 


2025-12-17 21:12:46,831 [INFO] Activator:177 - !SESSION log4j initialized
2025-12-17 21:12:53,717 [INFO] LogOutputStream:77 - [STDOUT_REDIRECT] 
2025-12-17 21:12:53,945 [ERROR] ConfigurationRetriever:142 - IOException on connection: sw-center.st.com
2025-12-17 21:12:53,946 [ERROR] ConfigurationRetriever:142 - IOException on connection: sw-center.st.com
2025-12-17 21:12:53,946 [ERROR] ConfigurationRetriever:142 - IOException on connection: sw-center.st.com
2025-12-17 21:13:00,658 [INFO] ApplicationProperties:184 - Using Application install path: C:\ST\STM32CubeIDE_1.18.0\STM32CubeIDE\plugins\com.st.stm32cube.common.mx_6.14.0.202502271554
2025-12-17 21:13:00,678 [INFO] DbMcusXml:78 - Set database path to: C:\ST\STM32CubeIDE_1.18.0\STM32CubeIDE\plugins\com.st.stm32cube.common.mx_6.14.0.202502271554\\db\/mcu/
2025-12-17 21:13:00,678 [INFO] ApiDb:274 - Set plugin database path to: C:\ST\STM32CubeIDE_1.18.0\STM32CubeIDE\plugins\com.st.stm32cube.common.mx_6.14.0.202502271554\\db\/plugins/boardmanager/
2025-12-17 21:13:00,678 [WARN] ApiDb:259 - Overriding images path with different value:  => C:\ST\STM32CubeIDE_1.18.0\STM32CubeIDE\plugins\com.st.stm32cube.common.mx_6.14.0.202502271554\\db\/plugins/mcufinder/images/
2025-12-17 21:13:00,683 [INFO] ApiDb:250 - Set database path to: C:\Users\jaowe\.stmcufinder\plugins\mcufinder//mcu/
2025-12-17 21:13:00,684 [INFO] DbMcusAds:125 - Set database path to: C:\Users\jaowe\.stmcufinder\plugins\mcufinder//mcu/
2025-12-17 21:13:00,686 [INFO] CrossReferenceDbSqlite:203 - Set database path to: C:\Users\jaowe\.stmcufinder\plugins\mcufinder//mcu/cs/
2025-12-17 21:13:00,765 [INFO] RulesReader:64 - Compatibility file has been processed (301 Rules)
2025-12-17 21:13:00,821 [INFO] DbMcusXml:78 - Set database path to: C:\ST\STM32CubeIDE_1.18.0\STM32CubeIDE\plugins\com.st.stm32cube.common.mx_6.14.0.202502271554\\db\/mcu/
2025-12-17 21:13:00,821 [INFO] ApiDb:274 - Set plugin database path to: C:\ST\STM32CubeIDE_1.18.0\STM32CubeIDE\plugins\com.st.stm32cube.common.mx_6.14.0.202502271554\\db\/plugins/boardmanager/
2025-12-17 21:13:00,822 [INFO] ApiDb:261 - Set plugin images path to: C:\ST\STM32CubeIDE_1.18.0\STM32CubeIDE\plugins\com.st.stm32cube.common.mx_6.14.0.202502271554\\db\/plugins/mcufinder/images/
2025-12-17 21:13:00,822 [WARN] DbFile:41 - Overriding database path with different value: C:\Users\jaowe\.stmcufinder\plugins\mcufinder/ => C:\Users\jaowe\.stmcufinder\plugins\mcufinder
2025-12-17 21:13:00,822 [INFO] ApiDb:250 - Set database path to: C:\Users\jaowe\.stmcufinder\plugins\mcufinder//mcu/
2025-12-17 21:13:00,822 [WARN] DbFile:41 - Overriding database path with different value: C:\Users\jaowe\.stmcufinder\plugins\mcufinder/ => C:\Users\jaowe\.stmcufinder\plugins\mcufinder
2025-12-17 21:13:00,822 [INFO] DbMcusAds:125 - Set database path to: C:\Users\jaowe\.stmcufinder\plugins\mcufinder//mcu/
2025-12-17 21:13:00,822 [WARN] DbFile:41 - Overriding database path with different value: C:\Users\jaowe\.stmcufinder\plugins\mcufinder/ => C:\Users\jaowe\.stmcufinder\plugins\mcufinder
2025-12-17 21:13:00,822 [WARN] DbFile:41 - Overriding database path with different value: C:\Users\jaowe\.stmcufinder\plugins\mcufinder/ => C:\Users\jaowe\.stmcufinder\plugins\mcufinder
2025-12-17 21:13:00,822 [INFO] CrossReferenceDbSqlite:203 - Set database path to: C:\Users\jaowe\.stmcufinder\plugins\mcufinder//mcu/cs/
2025-12-17 21:13:00,874 [INFO] MainPanel:272 - HeapMemory: 268435456
2025-12-17 21:13:00,964 [INFO] DbMcusXml:78 - Set database path to: C:\ST\STM32CubeIDE_1.18.0\STM32CubeIDE\plugins\com.st.stm32cube.common.mx_6.14.0.202502271554\\db\/mcu/
2025-12-17 21:13:00,964 [INFO] ApiDb:274 - Set plugin database path to: C:\ST\STM32CubeIDE_1.18.0\STM32CubeIDE\plugins\com.st.stm32cube.common.mx_6.14.0.202502271554\\db\/plugins/boardmanager/
2025-12-17 21:13:00,964 [INFO] ApiDb:261 - Set plugin images path to: C:\ST\STM32CubeIDE_1.18.0\STM32CubeIDE\plugins\com.st.stm32cube.common.mx_6.14.0.202502271554\\db\/plugins/mcufinder/images/
2025-12-17 21:13:00,965 [WARN] DbFile:41 - Overriding database path with different value: C:\Users\jaowe\.stmcufinder\plugins\mcufinder/ => C:\Users\jaowe\.stmcufinder\plugins\mcufinder
2025-12-17 21:13:00,965 [INFO] ApiDb:250 - Set database path to: C:\Users\jaowe\.stmcufinder\plugins\mcufinder//mcu/
2025-12-17 21:13:00,965 [WARN] DbFile:41 - Overriding database path with different value: C:\Users\jaowe\.stmcufinder\plugins\mcufinder/ => C:\Users\jaowe\.stmcufinder\plugins\mcufinder
2025-12-17 21:13:00,965 [INFO] DbMcusAds:125 - Set database path to: C:\Users\jaowe\.stmcufinder\plugins\mcufinder//mcu/
2025-12-17 21:13:00,965 [WARN] DbFile:41 - Overriding database path with different value: C:\Users\jaowe\.stmcufinder\plugins\mcufinder/ => C:\Users\jaowe\.stmcufinder\plugins\mcufinder
2025-12-17 21:13:00,965 [WARN] DbFile:41 - Overriding database path with different value: C:\Users\jaowe\.stmcufinder\plugins\mcufinder/ => C:\Users\jaowe\.stmcufinder\plugins\mcufinder
2025-12-17 21:13:00,965 [INFO] CrossReferenceDbSqlite:203 - Set database path to: C:\Users\jaowe\.stmcufinder\plugins\mcufinder//mcu/cs/
2025-12-17 21:13:00,978 [INFO] ApplicationProperties:184 - Using Application install path: C:\ST\STM32CubeIDE_1.18.0\STM32CubeIDE\plugins\com.st.stm32cube.common.mx_6.14.0.202502271554
2025-12-17 21:13:00,979 [INFO] PluginManage:196 - Search for loadable plugins [exclusion list=, ]
2025-12-17 21:13:00,981 [INFO] PluginManage:310 - Check plugin analytics
2025-12-17 21:13:01,094 [INFO] AnalyticsPlugin:253 - Accepted Software Licenses: STM32CubeMX.6.14.0
2025-12-17 21:13:01,094 [INFO] AnalyticsPlugin:255 - Accepted CMSIS Pack Licenses: 
2025-12-17 21:13:01,094 [INFO] AnalyticsPlugin:257 - Accepted Firmware Licenses: FW.WB.1.22.0,FW.WB.1.23.0
2025-12-17 21:13:01,096 [INFO] PluginManage:359 - Loaded plugin analytics (category:tool,tabindex:-1)
2025-12-17 21:13:01,096 [ERROR] ConfigurationRetriever:142 - IOException on connection: sw-center.st.com
2025-12-17 21:13:01,096 [INFO] PluginManage:310 - Check plugin cadmodel
2025-12-17 21:13:01,097 [ERROR] ConfigurationRetriever:142 - IOException on connection: sw-center.st.com
2025-12-17 21:13:01,097 [ERROR] ConfigurationRetriever:142 - IOException on connection: sw-center.st.com
2025-12-17 21:13:01,101 [INFO] CADModel:105 - Init CAD model plugin
2025-12-17 21:13:01,102 [INFO] PluginManage:359 - Loaded plugin cadmodel (category:power,tabindex:5)
2025-12-17 21:13:01,102 [INFO] PluginManage:310 - Check plugin clock
2025-12-17 21:13:01,109 [INFO] PluginManage:359 - Loaded plugin clock (category:base,tabindex:2)
2025-12-17 21:13:01,109 [INFO] PluginManage:310 - Check plugin ddr
2025-12-17 21:13:01,111 [INFO] PluginManage:359 - Loaded plugin ddr (category:tool,tabindex:6)
2025-12-17 21:13:01,111 [INFO] PluginManage:310 - Check plugin filemanager
2025-12-17 21:13:01,228 [INFO] PluginManage:359 - Loaded plugin filemanager (category:base,tabindex:10)
2025-12-17 21:13:01,228 [INFO] PluginManage:310 - Check plugin ipmanager
2025-12-17 21:13:01,232 [INFO] PluginManage:359 - Loaded plugin ipmanager (category:base,tabindex:5)
2025-12-17 21:13:01,232 [INFO] PluginManage:310 - Check plugin lpbam
2025-12-17 21:13:01,239 [INFO] PluginManage:359 - Loaded plugin lpbam (category:base,tabindex:0)
2025-12-17 21:13:01,239 [INFO] PluginManage:310 - Check plugin memorymap
2025-12-17 21:13:01,251 [INFO] PluginManage:359 - Loaded plugin memorymap (category:base,tabindex:4)
2025-12-17 21:13:01,251 [INFO] PluginManage:310 - Check plugin pinoutandconfiguration
2025-12-17 21:13:01,259 [INFO] PluginManage:359 - Loaded plugin pinoutandconfiguration (category:base,tabindex:1)
2025-12-17 21:13:01,259 [INFO] PluginManage:310 - Check plugin pinoutconfig
2025-12-17 21:13:01,324 [WARN] SupportedApi:132 - Cannot load RTOS API schema: s4s-elt-must-match.1: The content of 'definitions' must match (annotation?, (simpleType | complexType)?, (unique | key | keyref)*)). A problem was found starting at: attribute.
2025-12-17 21:13:01,420 [INFO] PluginManage:359 - Loaded plugin pinoutconfig (category:base,tabindex:0)
2025-12-17 21:13:01,420 [INFO] PluginManage:310 - Check plugin power
2025-12-17 21:13:01,429 [INFO] PluginManage:359 - Loaded plugin power (category:power,tabindex:4)
2025-12-17 21:13:01,429 [INFO] PluginManage:310 - Check plugin projectmanager
2025-12-17 21:13:01,439 [INFO] PluginManage:359 - Loaded plugin projectmanager (category:projectmanager,tabindex:4)
2025-12-17 21:13:01,439 [INFO] PluginManage:310 - Check plugin rif
2025-12-17 21:13:01,445 [INFO] PluginManage:359 - Loaded plugin rif (category:base,tabindex:3)
2025-12-17 21:13:01,446 [INFO] PluginManage:310 - Check plugin thirdparty
2025-12-17 21:13:01,540 [INFO] PluginManage:359 - Loaded plugin thirdparty (category:base,tabindex:-1)
2025-12-17 21:13:01,540 [WARN] IntegrityCheckThread:84 - waiting for thirdparty lock release [integrity check]
2025-12-17 21:13:01,541 [INFO] PluginManage:310 - Check plugin tools
2025-12-17 21:13:01,541 [INFO] IntegrityCheckThread:86 - entering critical section [integrity check]
2025-12-17 21:13:01,541 [INFO] ThirdPartyUpdaterWithRetryManager:70 - Updater plugin not ready yet. [1/15]
2025-12-17 21:13:01,543 [INFO] PluginManage:359 - Loaded plugin tools (category:base,tabindex:7)
2025-12-17 21:13:01,543 [INFO] PluginManage:310 - Check plugin tutovideos
2025-12-17 21:13:01,679 [INFO] PluginManage:359 - Loaded plugin tutovideos (category:base,tabindex:-1)
2025-12-17 21:13:01,679 [INFO] PluginManage:310 - Check plugin updater
2025-12-17 21:13:01,695 [INFO] PluginManage:359 - Loaded plugin updater (category:base,tabindex:12)
2025-12-17 21:13:01,696 [INFO] PluginManage:310 - Check plugin userauth
2025-12-17 21:13:01,699 [INFO] UserAuth:118 - Init User Auth plugin
2025-12-17 21:13:01,699 [INFO] PluginManage:359 - Loaded plugin userauth (category:base,tabindex:14)
2025-12-17 21:13:01,700 [INFO] PluginManage:283 - PluginManage : Loaded plugins [18]
2025-12-17 21:13:01,863 [INFO] PinOutPanel:1589 - setPackage(No Configuration,No Configuration)
2025-12-17 21:13:01,921 [INFO] CADModel:165 - CPN selected for project level
2025-12-17 21:13:01,921 [INFO] CADModel:114 - Register for checkConnection events
2025-12-17 21:13:01,935 [INFO] IPUIPlugin:80 - create IPUIPlugin
2025-12-17 21:13:01,935 [INFO] PluginManager:220 - loadIPPluginJar : add adc
2025-12-17 21:13:01,937 [INFO] IPUIPlugin:80 - create IPUIPlugin
2025-12-17 21:13:01,937 [INFO] PluginManager:220 - loadIPPluginJar : add aes
2025-12-17 21:13:01,939 [INFO] IPUIPlugin:80 - create IPUIPlugin
2025-12-17 21:13:01,939 [INFO] PluginManager:220 - loadIPPluginJar : add can
2025-12-17 21:13:01,940 [INFO] IPUIPlugin:80 - create IPUIPlugin
2025-12-17 21:13:01,940 [INFO] PluginManager:220 - loadIPPluginJar : add comp
2025-12-17 21:13:01,942 [INFO] IPUIPlugin:80 - create IPUIPlugin
2025-12-17 21:13:01,942 [INFO] PluginManager:220 - loadIPPluginJar : add cryp
2025-12-17 21:13:01,945 [INFO] IPUIPlugin:80 - create IPUIPlugin
2025-12-17 21:13:01,945 [INFO] PluginManager:220 - loadIPPluginJar : add ddr_ctrl_phy
2025-12-17 21:13:01,947 [INFO] IPUIPlugin:80 - create IPUIPlugin
2025-12-17 21:13:01,947 [INFO] PluginManager:220 - loadIPPluginJar : add dfsdm
2025-12-17 21:13:01,950 [INFO] IPUIPlugin:80 - create IPUIPlugin
2025-12-17 21:13:01,951 [INFO] PluginManager:220 - loadIPPluginJar : add dma
2025-12-17 21:13:01,952 [INFO] IPUIPlugin:80 - create IPUIPlugin
2025-12-17 21:13:01,953 [INFO] PluginManager:220 - loadIPPluginJar : add dma3
2025-12-17 21:13:01,955 [INFO] IPUIPlugin:80 - create IPUIPlugin
2025-12-17 21:13:01,955 [INFO] PluginManager:220 - loadIPPluginJar : add extmemmanager
2025-12-17 21:13:01,955 [INFO] IPUIPlugin:80 - create IPUIPlugin
2025-12-17 21:13:01,956 [INFO] PluginManager:220 - loadIPPluginJar : add fatfs
2025-12-17 21:13:01,958 [INFO] IPUIPlugin:80 - create IPUIPlugin
2025-12-17 21:13:01,958 [INFO] PluginManager:220 - loadIPPluginJar : add fmc
2025-12-17 21:13:01,962 [INFO] IPUIPlugin:80 - create IPUIPlugin
2025-12-17 21:13:01,962 [INFO] PluginManager:220 - loadIPPluginJar : add freertos
2025-12-17 21:13:01,963 [INFO] IPUIPlugin:80 - create IPUIPlugin
2025-12-17 21:13:01,963 [INFO] PluginManager:220 - loadIPPluginJar : add genericplugin
2025-12-17 21:13:01,965 [INFO] IPUIPlugin:80 - create IPUIPlugin
2025-12-17 21:13:01,965 [INFO] PluginManager:220 - loadIPPluginJar : add gfxmmu
2025-12-17 21:13:01,968 [INFO] IPUIPlugin:80 - create IPUIPlugin
2025-12-17 21:13:01,968 [INFO] PluginManager:220 - loadIPPluginJar : add gic
2025-12-17 21:13:01,971 [INFO] IPUIPlugin:80 - create IPUIPlugin
2025-12-17 21:13:01,972 [INFO] PluginManager:220 - loadIPPluginJar : add gpio
2025-12-17 21:13:01,973 [INFO] IPUIPlugin:80 - create IPUIPlugin
2025-12-17 21:13:01,974 [INFO] PluginManager:220 - loadIPPluginJar : add gtzc
2025-12-17 21:13:01,975 [INFO] IPUIPlugin:80 - create IPUIPlugin
2025-12-17 21:13:01,975 [INFO] PluginManager:220 - loadIPPluginJar : add hash
2025-12-17 21:13:01,977 [INFO] IPUIPlugin:80 - create IPUIPlugin
2025-12-17 21:13:01,977 [INFO] PluginManager:220 - loadIPPluginJar : add i2c
2025-12-17 21:13:01,979 [INFO] IPUIPlugin:80 - create IPUIPlugin
2025-12-17 21:13:01,979 [INFO] PluginManager:220 - loadIPPluginJar : add i2s
2025-12-17 21:13:01,981 [INFO] IPUIPlugin:80 - create IPUIPlugin
2025-12-17 21:13:01,981 [INFO] PluginManager:220 - loadIPPluginJar : add i3c
2025-12-17 21:13:01,983 [INFO] IPUIPlugin:80 - create IPUIPlugin
2025-12-17 21:13:01,983 [INFO] PluginManager:220 - loadIPPluginJar : add ipddr
2025-12-17 21:13:01,989 [INFO] IPUIPlugin:80 - create IPUIPlugin
2025-12-17 21:13:01,989 [INFO] PluginManager:220 - loadIPPluginJar : add linkedlist
2025-12-17 21:13:01,990 [INFO] IPUIPlugin:80 - create IPUIPlugin
2025-12-17 21:13:01,990 [INFO] PluginManager:220 - loadIPPluginJar : add lorawan
2025-12-17 21:13:01,991 [INFO] IPUIPlugin:80 - create IPUIPlugin
2025-12-17 21:13:01,992 [INFO] PluginManager:220 - loadIPPluginJar : add ltdc
2025-12-17 21:13:01,996 [INFO] IPUIPlugin:80 - create IPUIPlugin
2025-12-17 21:13:01,996 [INFO] PluginManager:220 - loadIPPluginJar : add mdma
2025-12-17 21:13:01,998 [INFO] IPUIPlugin:80 - create IPUIPlugin
2025-12-17 21:13:01,998 [INFO] PluginManager:220 - loadIPPluginJar : add nvic
2025-12-17 21:13:02,000 [INFO] IPUIPlugin:80 - create IPUIPlugin
2025-12-17 21:13:02,000 [INFO] PluginManager:220 - loadIPPluginJar : add opamp
2025-12-17 21:13:02,002 [INFO] IPUIPlugin:80 - create IPUIPlugin
2025-12-17 21:13:02,002 [INFO] PluginManager:220 - loadIPPluginJar : add openamp
2025-12-17 21:13:02,004 [INFO] IPUIPlugin:80 - create IPUIPlugin
2025-12-17 21:13:02,004 [INFO] PluginManager:220 - loadIPPluginJar : add pdm2pcm
2025-12-17 21:13:02,009 [INFO] IPUIPlugin:80 - create IPUIPlugin
2025-12-17 21:13:02,010 [INFO] PluginManager:220 - loadIPPluginJar : add plateformsettings
2025-12-17 21:13:02,011 [INFO] IPUIPlugin:80 - create IPUIPlugin
2025-12-17 21:13:02,011 [INFO] PluginManager:220 - loadIPPluginJar : add quadspi
2025-12-17 21:13:02,012 [INFO] IPUIPlugin:80 - create IPUIPlugin
2025-12-17 21:13:02,013 [INFO] PluginManager:220 - loadIPPluginJar : add radio
2025-12-17 21:13:02,015 [INFO] IPUIPlugin:80 - create IPUIPlugin
2025-12-17 21:13:02,016 [INFO] PluginManager:220 - loadIPPluginJar : add resmgrutility
2025-12-17 21:13:02,018 [INFO] IPUIPlugin:80 - create IPUIPlugin
2025-12-17 21:13:02,018 [INFO] PluginManager:220 - loadIPPluginJar : add sai
2025-12-17 21:13:02,020 [INFO] IPUIPlugin:80 - create IPUIPlugin
2025-12-17 21:13:02,020 [INFO] PluginManager:220 - loadIPPluginJar : add spi
2025-12-17 21:13:02,023 [INFO] IPUIPlugin:80 - create IPUIPlugin
2025-12-17 21:13:02,023 [INFO] PluginManager:220 - loadIPPluginJar : add stm32_wpan
2025-12-17 21:13:02,025 [INFO] IPUIPlugin:80 - create IPUIPlugin
2025-12-17 21:13:02,025 [INFO] PluginManager:220 - loadIPPluginJar : add tim
2025-12-17 21:13:02,027 [INFO] IPUIPlugin:80 - create IPUIPlugin
2025-12-17 21:13:02,027 [INFO] PluginManager:220 - loadIPPluginJar : add touchsensing
2025-12-17 21:13:02,029 [INFO] IPUIPlugin:80 - create IPUIPlugin
2025-12-17 21:13:02,029 [INFO] PluginManager:220 - loadIPPluginJar : add tracer_emb
2025-12-17 21:13:02,030 [INFO] IPUIPlugin:80 - create IPUIPlugin
2025-12-17 21:13:02,030 [INFO] PluginManager:220 - loadIPPluginJar : add ts
2025-12-17 21:13:02,031 [INFO] IPUIPlugin:80 - create IPUIPlugin
2025-12-17 21:13:02,031 [INFO] PluginManager:220 - loadIPPluginJar : add tsc
2025-12-17 21:13:02,032 [INFO] IPUIPlugin:80 - create IPUIPlugin
2025-12-17 21:13:02,032 [INFO] PluginManager:220 - loadIPPluginJar : add ucpd
2025-12-17 21:13:02,034 [INFO] IPUIPlugin:80 - create IPUIPlugin
2025-12-17 21:13:02,034 [INFO] PluginManager:220 - loadIPPluginJar : add usart
2025-12-17 21:13:02,037 [INFO] IPUIPlugin:80 - create IPUIPlugin
2025-12-17 21:13:02,037 [INFO] PluginManager:220 - loadIPPluginJar : add usbx
2025-12-17 21:13:02,141 [FATAL] Updater:351 - Updater called before beeing initialized
2025-12-17 21:13:02,158 [INFO] RulesReader:64 - Compatibility file has been processed (301 Rules)
2025-12-17 21:13:02,164 [INFO] RulesReader:64 - Compatibility file has been processed (301 Rules)
2025-12-17 21:13:02,170 [INFO] CADModel:165 - CPN selected for project level
2025-12-17 21:13:02,170 [INFO] CADModel:114 - Register for checkConnection events
2025-12-17 21:13:02,170 [FATAL] Updater:351 - Updater called before beeing initialized
2025-12-17 21:13:02,170 [ERROR] CADModel:125 - Updater not yet initialized, retry later 
2025-12-17 21:13:02,275 [FATAL] Updater:351 - Updater called before beeing initialized
2025-12-17 21:13:02,278 [INFO] CADModel:165 - CPN selected for project level
2025-12-17 21:13:02,278 [INFO] CADModel:114 - Register for checkConnection events
2025-12-17 21:13:02,278 [FATAL] Updater:351 - Updater called before beeing initialized
2025-12-17 21:13:02,278 [ERROR] CADModel:125 - Updater not yet initialized, retry later 
2025-12-17 21:13:02,281 [FATAL] Updater:351 - Updater called before beeing initialized
2025-12-17 21:13:02,375 [FATAL] Updater:351 - Updater called before beeing initialized
2025-12-17 21:13:02,378 [INFO] DbMcusAds:53 - JSON generation date=Thu Oct 02 04:36:05 CDT 2025 (1759397765645)
2025-12-17 21:13:02,379 [FATAL] Updater:351 - Updater called before beeing initialized
2025-12-17 21:13:02,407 [WARN] DetailPanel:346 - Failed to get advertising image, set to default
2025-12-17 21:13:02,578 [FATAL] Updater:351 - Updater called before beeing initialized
2025-12-17 21:13:02,580 [FATAL] Updater:351 - Updater called before beeing initialized
2025-12-17 21:13:02,580 [FATAL] Updater:351 - Updater called before beeing initialized
2025-12-17 21:13:02,580 [WARN] DetailPanel:346 - Failed to get advertising image, set to default
2025-12-17 21:13:02,580 [FATAL] Updater:351 - Updater called before beeing initialized
2025-12-17 21:13:02,615 [ERROR] Updater:1198 - MainUpdater not yet initialized. External WinMGr cannot be set.
2025-12-17 21:13:02,616 [INFO] Updater:1134 - Updater Version found : 6.14.0
2025-12-17 21:13:02,631 [INFO] ApplicationProperties:184 - Using Application install path: C:\ST\STM32CubeIDE_1.18.0\STM32CubeIDE\plugins\com.st.stm32cube.common.mx_6.14.0.202502271554
2025-12-17 21:13:02,794 [INFO] MainUpdater:2872 - connection check result : 22
2025-12-17 21:13:02,794 [INFO] MainUpdater:289 - Updater Check For Update Now.
2025-12-17 21:13:02,794 [INFO] MicroXplorer:498 - Change Database Version : DB.6.0.140
2025-12-17 21:13:02,798 [INFO] McuFinderGlobals:63 - Set McuFinder mode to 2 (CubeIDE integrated)
2025-12-17 21:13:02,798 [INFO] UserAuth:486 - Internet connection configuration mode: 2
2025-12-17 21:13:02,804 [INFO] UserAuth:486 - Internet connection configuration mode: 2
2025-12-17 21:13:02,954 [INFO] CheckServerUpdateThread:120 - End of CheckServer Thread
2025-12-17 21:13:04,695 [WARN] PackLoader:240 - Cannot read IP mode file for STMicroelectronics.FP-SNS-MOTENVWB1.1.4.0
2025-12-17 21:13:04,702 [WARN] PackLoader:240 - Cannot read IP mode file for STMicroelectronics.FP-ATR-ASTRA1.2.0.2
2025-12-17 21:13:04,708 [WARN] PackLoader:240 - Cannot read IP mode file for STMicroelectronics.X-CUBE-SMBUS.2.1.0
2025-12-17 21:13:04,713 [WARN] PackLoader:240 - Cannot read IP mode file for STMicroelectronics.X-CUBE-WB05N.1.1.0
2025-12-17 21:13:04,717 [WARN] PackLoader:240 - Cannot read IP mode file for STMicroelectronics.X-CUBE-ST60.1.0.0
2025-12-17 21:13:04,736 [WARN] PackLoader:240 - Cannot read IP mode file for STMicroelectronics.X-CUBE-AZRTOS-F7.1.1.0
2025-12-17 21:13:04,742 [ERROR] Engine:466 - C:\Users\jaowe\.stm32cubemx\thirdparties\pdsc\STMicroelectronics.FP-SNS-MOTENV1.5.1.0.pdsc: PDSC version is not supported
2025-12-17 21:13:04,745 [WARN] PackLoader:240 - Cannot read IP mode file for STMicroelectronics.FP-SNS-FLIGHT1.5.0.2
2025-12-17 21:13:04,760 [WARN] PackLoader:240 - Cannot read IP mode file for Infineon.AIROC-Wi-Fi-Bluetooth-STM32.1.7.0
2025-12-17 21:13:04,776 [WARN] PackLoader:240 - Cannot read IP mode file for STMicroelectronics.X-CUBE-AZRTOS-H7.3.4.0
2025-12-17 21:13:04,784 [WARN] PackLoader:240 - Cannot read IP mode file for STMicroelectronics.X-CUBE-DISPLAY.3.0.0
2025-12-17 21:13:04,791 [WARN] PackLoader:240 - Cannot read IP mode file for STMicroelectronics.X-CUBE-BLE1.7.0.0
2025-12-17 21:13:04,795 [WARN] PackLoader:240 - Cannot read IP mode file for STMicroelectronics.X-CUBE-NFC10.1.0.0
2025-12-17 21:13:04,802 [WARN] PackLoader:240 - Cannot read IP mode file for STMicroelectronics.X-CUBE-BLEMGR.4.0.0
2025-12-17 21:13:04,807 [WARN] PackLoader:240 - Cannot read IP mode file for STMicroelectronics.X-CUBE-ST60.1.1.0
2025-12-17 21:13:04,811 [WARN] PackLoader:240 - Cannot read IP mode file for emotas.I-CUBE-CANOPEN.1.3.0
2025-12-17 21:13:04,815 [WARN] PackLoader:240 - Cannot read IP mode file for STMicroelectronics.X-CUBE-GNSS1.7.1.0
2025-12-17 21:13:04,819 [WARN] PackLoader:240 - Cannot read IP mode file for STMicroelectronics.X-CUBE-AI.10.0.0
2025-12-17 21:13:04,821 [ERROR] Engine:466 - C:\Users\jaowe\.stm32cubemx\thirdparties\pdsc\STMicroelectronics.FP-SNS-STBOX1.2.1.0.pdsc: PDSC version is not supported
2025-12-17 21:13:04,824 [WARN] PackLoader:240 - Cannot read IP mode file for STMicroelectronics.FP-SNS-SMARTAG2.1.2.0
2025-12-17 21:13:04,826 [WARN] PackLoader:240 - Cannot read IP mode file for STMicroelectronics.FP-SNS-FLIGHT1.5.1.0
2025-12-17 21:13:04,855 [WARN] PackLoader:240 - Cannot read IP mode file for STMicroelectronics.X-CUBE-MEMS1.11.1.0
2025-12-17 21:13:04,939 [INFO] LogOutputStream:77 - [STDOUT_REDIRECT] 1 : Invalid condition id : UX_CORESTACK_Condition cause : null
2025-12-17 21:13:04,940 [INFO] LogOutputStream:77 - [STDOUT_REDIRECT] 1 : Invalid condition id : UX_CORESTACK_Condition cause : null
2025-12-17 21:13:04,940 [INFO] LogOutputStream:77 - [STDOUT_REDIRECT] 1 : Invalid condition id : UX_CORESTACK_Condition cause : null
2025-12-17 21:13:04,941 [INFO] LogOutputStream:77 - [STDOUT_REDIRECT] 1 : Invalid condition id : UX_CORESTACK_Condition cause : null
2025-12-17 21:13:04,941 [INFO] LogOutputStream:77 - [STDOUT_REDIRECT] 1 : Invalid condition id : UX_CORESTACK_Condition cause : null
2025-12-17 21:13:04,943 [WARN] PackLoader:240 - Cannot read IP mode file for STMicroelectronics.X-CUBE-AZRTOS-WL.2.0.0
2025-12-17 21:13:04,947 [WARN] PackLoader:240 - Cannot read IP mode file for STMicroelectronics.FP-SNS-MOTENV1.5.0.0
2025-12-17 21:13:04,960 [WARN] PackLoader:240 - Cannot read IP mode file for STMicroelectronics.X-CUBE-AZRTOS-H7RS.1.2.0
2025-12-17 21:13:04,967 [WARN] PackLoader:240 - Cannot read IP mode file for WES.I-CUBE-Cesium.1.3.0
2025-12-17 21:13:04,970 [WARN] PackLoader:240 - Cannot read IP mode file for STMicroelectronics.X-CUBE-BLE2.3.3.0
2025-12-17 21:13:04,975 [WARN] PackLoader:240 - Cannot read IP mode file for STMicroelectronics.X-CUBE-NFC9.1.0.0
2025-12-17 21:13:04,995 [WARN] PackLoader:240 - Cannot read IP mode file for STMicroelectronics.X-CUBE-BLE1.7.1.0
2025-12-17 21:13:05,000 [WARN] PackLoader:240 - Cannot read IP mode file for wolfSSL.I-CUBE-wolfMQTT.1.19.2
2025-12-17 21:13:05,003 [ERROR] Engine:466 - C:\Users\jaowe\.stm32cubemx\thirdparties\pdsc\STMicroelectronics.X-CUBE-FREERTOS.1.4.0.pdsc: PDSC version is not supported
2025-12-17 21:13:05,008 [WARN] PackLoader:240 - Cannot read IP mode file for STMicroelectronics.X-CUBE-EEPRMA1.5.2.0
2025-12-17 21:13:05,012 [ERROR] Engine:466 - C:\Users\jaowe\.stm32cubemx\thirdparties\pdsc\STMicroelectronics.X-CUBE-ST67W61.1.1.0.pdsc: PDSC version is not supported
2025-12-17 21:13:05,015 [WARN] PackLoader:240 - Cannot read IP mode file for STMicroelectronics.X-CUBE-AI.10.1.0
2025-12-17 21:13:05,041 [WARN] PackLoader:240 - Cannot read IP mode file for STMicroelectronics.X-CUBE-MEMS1.12.0.0
2025-12-17 21:13:05,103 [WARN] PackLoader:240 - Cannot read IP mode file for STMicroelectronics.X-CUBE-MEMS1.11.2.0
2025-12-17 21:13:05,159 [WARN] PackLoader:240 - Cannot read IP mode file for STMicroelectronics.X-CUBE-AZRTOS-G0.1.1.0
2025-12-17 21:13:05,163 [WARN] PackLoader:240 - Cannot read IP mode file for STMicroelectronics.X-CUBE-SAFEA1.1.2.2
2025-12-17 21:13:05,167 [WARN] PackLoader:240 - Cannot read IP mode file for STMicroelectronics.X-CUBE-NFC4.3.0.0
2025-12-17 21:13:05,172 [WARN] PackLoader:240 - Cannot read IP mode file for EmbeddedOffice.I-CUBE-FS-RTOS.1.0.1
2025-12-17 21:13:05,176 [WARN] PackLoader:240 - Cannot read IP mode file for STMicroelectronics.X-CUBE-WB05N.2.0.0
2025-12-17 21:13:05,178 [WARN] PackLoader:240 - Cannot read IP mode file for wolfSSL.I-CUBE-wolfTPM.3.8.0
2025-12-17 21:13:05,181 [WARN] PackLoader:240 - Cannot read IP mode file for STMicroelectronics.X-CUBE-TCPP.4.2.0
2025-12-17 21:13:05,184 [WARN] PackLoader:240 - Cannot read IP mode file for RealThread.X-CUBE-RT-Thread_Nano.4.1.1
2025-12-17 21:13:05,186 [WARN] PackLoader:240 - Cannot read IP mode file for STMicroelectronics.FP-ATR-SIGFOX1.3.2.0
2025-12-17 21:13:05,193 [WARN] ConditionMgr:438 - getConditionDescription Invalid condition id : Cortex-A Device cause : null
2025-12-17 21:13:05,200 [WARN] ConditionMgr:1044 - genDependencies : Invalid condition id : Cortex-A Device cause : null
2025-12-17 21:13:05,201 [WARN] ConditionMgr:1044 - genDependencies : Invalid condition id : Cortex-A Device cause : null
2025-12-17 21:13:05,201 [WARN] ConditionMgr:1044 - genDependencies : Invalid condition id : Cortex-A Device cause : null
2025-12-17 21:13:05,203 [WARN] PackLoader:240 - Cannot read IP mode file for STMicroelectronics.X-CUBE-EEPRMA1.5.1.0
2025-12-17 21:13:05,207 [WARN] PackLoader:240 - Cannot read IP mode file for wolfSSL.I-CUBE-wolfSSL.5.7.6
2025-12-17 21:13:05,210 [WARN] PackLoader:240 - Cannot read IP mode file for ITTIA_DB.I-CUBE-ITTIADB.8.9.0
2025-12-17 21:13:05,213 [WARN] PackLoader:240 - Cannot read IP mode file for STMicroelectronics.X-CUBE-ST67W61.1.0.0
2025-12-17 21:13:05,216 [WARN] PackLoader:240 - Cannot read IP mode file for STMicroelectronics.X-CUBE-AI.10.2.0
2025-12-17 21:13:05,228 [WARN] PackLoader:240 - Cannot read IP mode file for SEGGER.I-CUBE-embOS.1.3.1
2025-12-17 21:13:05,247 [WARN] PackLoader:240 - Cannot read IP mode file for STMicroelectronics.X-CUBE-ALGOBUILD.1.4.0
2025-12-17 21:13:05,267 [WARN] PackLoader:240 - Cannot read IP mode file for STMicroelectronics.X-CUBE-MEMS1.11.3.0
2025-12-17 21:13:05,358 [WARN] PackLoader:240 - Cannot read IP mode file for STMicroelectronics.X-CUBE-PM33A1.1.0.0
2025-12-17 21:13:05,367 [WARN] PackLoader:240 - Cannot read IP mode file for STMicroelectronics.X-CUBE-AZRTOS-F4.1.1.0
2025-12-17 21:13:05,371 [WARN] PackLoader:240 - Cannot read IP mode file for Avnet-IotConnect.X-CUBE-IoTC-DA16k-PMOD.1.0.0
2025-12-17 21:13:05,373 [WARN] PackLoader:240 - Cannot read IP mode file for STMicroelectronics.X-CUBE-ISPU.2.1.0
2025-12-17 21:13:05,377 [ERROR] Engine:466 - C:\Users\jaowe\.stm32cubemx\thirdparties\pdsc\STMicroelectronics.X-CUBE-IPS.3.2.0.pdsc: PDSC version is not supported
2025-12-17 21:13:05,380 [WARN] PackLoader:240 - Cannot read IP mode file for STMicroelectronics.X-CUBE-NFC12.1.0.0
2025-12-17 21:13:05,388 [WARN] PackLoader:240 - Cannot read IP mode file for STMicroelectronics.X-CUBE-AZRTOS-L5.2.0.0
2025-12-17 21:13:05,393 [WARN] PackLoader:240 - Cannot read IP mode file for STMicroelectronics.X-CUBE-NFC6.3.1.0
2025-12-17 21:13:05,397 [WARN] PackLoader:240 - Cannot read IP mode file for STMicroelectronics.X-CUBE-DPower.1.2.0
2025-12-17 21:13:05,400 [WARN] PackLoader:240 - Cannot read IP mode file for STMicroelectronics.X-CUBE-FREERTOS.1.3.1
2025-12-17 21:13:05,403 [WARN] PackLoader:240 - Cannot read IP mode file for STMicroelectronics.X-CUBE-FREERTOS.1.3.0
2025-12-17 21:13:05,406 [WARN] PackLoader:240 - Cannot read IP mode file for STMicroelectronics.X-CUBE-NFC7.1.0.1
2025-12-17 21:13:05,410 [WARN] PackLoader:240 - Cannot read IP mode file for STMicroelectronics.X-CUBE-TOUCHGFX.4.26.0
2025-12-17 21:13:05,413 [WARN] PackLoader:240 - Cannot read IP mode file for STMicroelectronics.FP-SNS-STAIOTCFT.1.0.0
2025-12-17 21:13:05,416 [WARN] PackLoader:240 - Cannot read IP mode file for STMicroelectronics.X-CUBE-DPower.1.3.0
2025-12-17 21:13:05,423 [WARN] ConditionMgr:438 - getConditionDescription Invalid condition id : LAN8742 Phy interface Condition cause : null
2025-12-17 21:13:05,424 [WARN] PackLoader:240 - Cannot read IP mode file for STMicroelectronics.X-CUBE-AZRTOS-L4.2.0.0
2025-12-17 21:13:05,424 [WARN] ConditionMgr:1044 - genDependencies : Invalid condition id : LAN8742 Phy interface Condition cause : null
2025-12-17 21:13:05,424 [WARN] ConditionMgr:1044 - genDependencies : Invalid condition id : LAN8742 Phy interface Condition cause : null
2025-12-17 21:13:05,424 [WARN] ConditionMgr:1044 - genDependencies : Invalid condition id : LAN8742 Phy interface Condition cause : null
2025-12-17 21:13:05,429 [WARN] PackLoader:240 - Cannot read IP mode file for STMicroelectronics.X-CUBE-SFXS2LP1.4.0.0
2025-12-17 21:13:05,440 [WARN] PackLoader:240 - Cannot read IP mode file for STMicroelectronics.X-CUBE-AZRTOS-H7.3.3.0
2025-12-17 21:13:05,447 [WARN] PackLoader:240 - Cannot read IP mode file for STMicroelectronics.X-CUBE-BLEMGR.4.1.0
2025-12-17 21:13:05,454 [WARN] ConditionMgr:438 - getConditionDescription Invalid condition id : UX DEVICE CLASS RTOS Condition cause : null
2025-12-17 21:13:05,455 [WARN] ConditionMgr:438 - getConditionDescription Invalid condition id : UX DEVICE CLASS RTOS Condition cause : null
2025-12-17 21:13:05,455 [WARN] PackLoader:240 - Cannot read IP mode file for STMicroelectronics.X-CUBE-AZRTOS-WB.2.0.0
2025-12-17 21:13:05,456 [WARN] ConditionMgr:1044 - genDependencies : Invalid condition id : UX DEVICE CLASS RTOS Condition cause : null
2025-12-17 21:13:05,456 [WARN] ConditionMgr:1044 - genDependencies : Invalid condition id : UX DEVICE CLASS RTOS Condition cause : null
2025-12-17 21:13:05,456 [WARN] ConditionMgr:1044 - genDependencies : Invalid condition id : UX DEVICE CLASS RTOS Condition cause : null
2025-12-17 21:13:05,456 [WARN] ConditionMgr:1044 - genDependencies : Invalid condition id : UX DEVICE CLASS RTOS Condition cause : null
2025-12-17 21:13:05,456 [WARN] ConditionMgr:1044 - genDependencies : Invalid condition id : UX DEVICE CLASS RTOS Condition cause : null
2025-12-17 21:13:05,459 [WARN] PackLoader:240 - Cannot read IP mode file for STMicroelectronics.X-CUBE-GNSS1.7.0.1
2025-12-17 21:13:05,462 [WARN] PackLoader:240 - Cannot read IP mode file for STMicroelectronics.X-CUBE-TOUCHGFX.4.25.0
2025-12-17 21:13:05,600 [WARN] PackLoader:240 - Cannot read IP mode file for STMicroelectronics.FP-SNS-STBOX1.2.0.0
2025-12-17 21:13:05,608 [WARN] PackLoader:240 - Cannot read IP mode file for STMicroelectronics.X-CUBE-SUBG2.5.0.0
2025-12-17 21:13:05,620 [WARN] PackLoader:240 - Cannot read IP mode file for STMicroelectronics.X-CUBE-AZRTOS-H7RS.1.1.0
2025-12-17 21:13:05,624 [WARN] PackLoader:240 - Cannot read IP mode file for Cesanta.I-CUBE-Mongoose.7.13.0
2025-12-17 21:13:05,632 [WARN] PackLoader:240 - Cannot read IP mode file for STMicroelectronics.X-CUBE-AZRTOS-G4.2.0.0
2025-12-17 21:13:05,636 [WARN] PackLoader:240 - Cannot read IP mode file for wolfSSL.I-CUBE-wolfSSH.1.4.20
2025-12-17 21:13:05,639 [WARN] PackLoader:240 - Cannot read IP mode file for STMicroelectronics.X-CUBE-NFC7.2.0.0
2025-12-17 21:13:05,646 [WARN] PackLoader:240 - Cannot read IP mode file for STMicroelectronics.X-CUBE-IPS.3.1.0
2025-12-17 21:13:05,651 [WARN] PackLoader:240 - Cannot read IP mode file for STMicroelectronics.X-CUBE-ALS.1.0.2
2025-12-17 21:13:05,655 [WARN] PackLoader:240 - Cannot read IP mode file for STMicroelectronics.X-CUBE-TOUCHGFX.4.24.2
2025-12-17 21:13:05,660 [WARN] PackLoader:240 - Cannot read IP mode file for STMicroelectronics.X-CUBE-STSE01.1.0.0
2025-12-17 21:13:05,664 [WARN] PackLoader:240 - Cannot read IP mode file for portGmbH.I-Cube-SoM-uGOAL.1.1.0
2025-12-17 21:13:05,674 [WARN] PackLoader:240 - Cannot read IP mode file for STMicroelectronics.X-CUBE-AZRTOS-H7RS.1.0.0
2025-12-17 21:13:05,680 [WARN] PackLoader:240 - Cannot read IP mode file for STMicroelectronics.X-CUBE-TOF1.3.4.2
2025-12-17 21:13:05,691 [WARN] PackLoader:240 - Cannot read IP mode file for STMicroelectronics.X-CUBE-TOF1.3.4.3
2025-12-17 21:13:05,695 [INFO] ThirdParty:978 - Integrity check success = true
2025-12-17 21:13:05,696 [INFO] IntegrityCheckThread:100 - exiting critical section [integrity check]
2025-12-17 21:13:05,696 [INFO] IntegrityCheckThread:103 - End integrity checks thread
