../Core/Src/hw_timerserver.c:107:17:ReadRtcSsrValue	0	static
../Core/Src/hw_timerserver.c:132:13:LinkTimerAfter	0	static
../Core/Src/hw_timerserver.c:155:13:LinkTimerBefore	0	static
../Core/Src/hw_timerserver.c:252:13:UnlinkTimer	4	static
../Core/Src/hw_timerserver.c:294:17:ReturnTimeElapsed	8	static
../Core/Src/hw_timerserver.c:182:17:linkTimer	16	static
../Core/Src/hw_timerserver.c:336:13:RestartWakeupCounter	8	static
../Core/Src/hw_timerserver.c:395:13:RescheduleTimerList	16	static
../Core/Src/hw_timerserver.c:589:6:HW_TS_Init	8	static,ignoring_inline_asm
../Core/Src/hw_timerserver.c:670:22:HW_TS_Create	20	static,ignoring_inline_asm
../Core/Src/hw_timerserver.c:724:6:HW_TS_Stop	16	static,ignoring_inline_asm
../Core/Src/hw_timerserver.c:715:6:HW_TS_Delete	8	static
../Core/Src/hw_timerserver.c:796:6:HW_TS_Start	16	static,ignoring_inline_asm
../Core/Src/hw_timerserver.c:850:10:HW_TS_RTC_ReadLeftTicksToCount	16	static,ignoring_inline_asm
../Core/Src/hw_timerserver.c:883:13:HW_TS_RTC_Int_AppNot	8	static
../Core/Src/hw_timerserver.c:487:6:HW_TS_RTC_Wakeup_Handler	24	static,ignoring_inline_asm
