../Core/Src/main.cpp:202:6:void lcd_send_cmd(lv_display_t*, const uint8_t*, size_t, const uint8_t*, size_t)	32	static
../Core/Src/main.cpp:230:6:void lcd_send_color(lv_display_t*, const uint8_t*, size_t, uint8_t*, size_t)	32	static
../Core/Src/main.cpp:153:6:void lv_port_disp_init()	16	static
../Core/Src/main.cpp:173:6:void lcd_color_transfer_ready_cb(SPI_HandleTypeDef*)	8	static
../Core/Src/main.cpp:182:9:int32_t lcd_io_init()	8	static
../Core/Src/main.cpp:285:6:void HAL_UART_RxCpltCallback(UART_HandleTypeDef*)	8	static
../Core/Src/main.cpp:330:6:void UART_RX_HANDLER()	0	static
../Core/Src/main.cpp:346:6:void HAL_TIM_PeriodElapsedCallback(TIM_HandleTypeDef*)	8	static
../Core/Src/main.cpp:402:6:void HAL_SPI_TxCpltCallback(SPI_HandleTypeDef*)	8	static
../Core/Src/main.cpp:411:6:void HAL_I2C_MemRxCpltCallback(I2C_HandleTypeDef*)	0	static
../Core/Src/main.cpp:419:6:void HAL_UART_TxCpltCallback(UART_HandleTypeDef*)	0	static
../Core/Src/main.cpp:428:6:void HAL_GPIO_EXTI_Callback(uint16_t)	0	static
../Core/Src/main.cpp:610:6:void SystemClock_Config()	120	static,ignoring_inline_asm
../Core/Src/main.cpp:671:6:void PeriphCommonClock_Config()	88	static,ignoring_inline_asm
../Core/Src/main.cpp:462:5:int main()	24	static
../Core/Src/main.cpp:700:6:void Error_Handler()	0	static,ignoring_inline_asm
