../Drivers/STM32WBxx_HAL_Driver/Inc/stm32wbxx_ll_rcc.h:1679:22:void LL_RCC_LSE_SetDriveCapability(uint32_t)	16	static
../Drivers/STM32WBxx_HAL_Driver/Inc/stm32wbxx_ll_hsem.h:233:26:uint32_t LL_HSEM_1StepLock(const HSEM_TypeDef*, uint32_t)	16	static
../Core/Inc/Accelerometer.hpp:11:7:Accelerometer::Accelerometer()	16	static
../Core/Inc/Thermocouples.hpp:11:7:Thermocouples::Thermocouples()	16	static
C:/Users/jaowe/Documents/Projects/DeltaTPlus_STM32WB55RG_Workspace/DeltaTPlus_STM32WB55RG_090525/Screen/Screen.hpp:18:7:Screen::Screen()	32	static
../Core/Inc/BatteryMonitor.hpp:8:7:BatteryMonitor::BatteryMonitor()	16	static
C:/Users/jaowe/Documents/Projects/DeltaTPlus_STM32WB55RG_Workspace/DeltaTPlus_STM32WB55RG_090525/AD7124_Library/ad7124.h:195:7:Ad7124Chip::Ad7124Chip()	16	static
../Core/Src/main.cpp:98:6:void HAL_TIM_PeriodElapsedCallback(TIM_HandleTypeDef*)	16	static
../Core/Src/main.cpp:169:6:void HAL_SPI_TxCpltCallback(SPI_HandleTypeDef*)	16	static
../Core/Src/main.cpp:183:5:int main()	176	static
../Core/Src/main.cpp:406:6:void SystemClock_Config()	112	static
../Core/Src/main.cpp:469:6:void PeriphCommonClock_Config()	88	static
../Core/Src/main.cpp:498:6:void Error_Handler()	4	static,ignoring_inline_asm
../Core/Src/main.cpp:507:1:void __static_initialization_and_destruction_0()	8	static
C:/Users/jaowe/Documents/Projects/DeltaTPlus_STM32WB55RG_Workspace/DeltaTPlus_STM32WB55RG_090525/AD7124_Library/ad7124.h:195:7:Ad7124Chip::~Ad7124Chip()	16	static
C:/Users/jaowe/Documents/Projects/DeltaTPlus_STM32WB55RG_Workspace/DeltaTPlus_STM32WB55RG_090525/Screen/Screen.hpp:18:7:Screen::~Screen()	16	static
../Core/Src/main.cpp:507:1:void __static_initialization_and_destruction_1()	8	static
../Core/Src/main.cpp:507:1:cpp)	8	static
../Core/Src/main.cpp:507:1:cpp)	8	static
