../Drivers/STM32WBxx_HAL_Driver/Inc/stm32wbxx_ll_rcc.h:1679:22:void LL_RCC_LSE_SetDriveCapability(uint32_t)	16	static
../Drivers/STM32WBxx_HAL_Driver/Inc/stm32wbxx_ll_hsem.h:233:26:uint32_t LL_HSEM_1StepLock(const HSEM_TypeDef*, uint32_t)	16	static
C:/Users/jaowe/Documents/Projects/DeltaTPlus_STM32WB55RG_Workspace/DeltaTPlus_STM32WB55RG_090525/lvgl/src/core/lv_obj_style.h:264:20:void lv_obj_set_style_pad_all(lv_obj_t*, int32_t, lv_style_selector_t)	24	static
../Core/Inc/Accelerometer.hpp:11:7:Accelerometer::Accelerometer()	16	static
C:/Users/jaowe/Documents/Projects/DeltaTPlus_STM32WB55RG_Workspace/DeltaTPlus_STM32WB55RG_090525/AD7124_Library/ad7124.h:207:7:Ad7124Chip::Ad7124Chip()	16	static
C:/Users/jaowe/Documents/Projects/DeltaTPlus_STM32WB55RG_Workspace/DeltaTPlus_STM32WB55RG_090525/AD7124_Library/ad7124.h:207:7:Ad7124Chip::~Ad7124Chip()	16	static
../Core/Inc/Thermocouples.hpp:12:7:Thermocouples::Thermocouples()	16	static
../Core/Src/main.cpp:150:9:int32_t get_cos(int32_t, int32_t)	24	static
../Core/Src/main.cpp:158:9:int32_t get_sin(int32_t, int32_t)	24	static
../Core/Src/main.cpp:166:13:void updateSettingLabel(lv_timer_t*)	56	static
../Core/Src/main.cpp:189:13:void updateBatteryLabel(lv_timer_t*)	56	static
../Core/Src/main.cpp:201:13:void updateNeedle(lv_timer_t*)	16	static
../Core/Src/main.cpp:228:13:void set_needle_line_value(void*, int32_t)	16	static
../Core/Src/main.cpp:233:6:void lv_example_scale_3_line_only()	112	static
../Core/Src/main.cpp:276:6:void brookes_meter()	40	static
../Core/Src/main.cpp:488:6:void HAL_TIM_PeriodElapsedCallback(TIM_HandleTypeDef*)	16	static
../Core/Src/main.cpp:550:6:void HAL_SPI_TxCpltCallback(SPI_HandleTypeDef*)	16	static
../Core/Src/main.cpp:560:6:void HAL_GPIO_EXTI_Callback(uint16_t)	16	static
../Core/Src/main.cpp:567:6:void my_flush_cb(lv_display_t*, const lv_area_t*, uint8_t*)	40	static
../Core/Src/main.cpp:590:5:int main()	24	static
../Core/Src/main.cpp:725:6:void SystemClock_Config()	112	static
../Core/Src/main.cpp:786:6:void PeriphCommonClock_Config()	88	static
../Core/Src/main.cpp:815:6:void Error_Handler()	4	static,ignoring_inline_asm
../Core/Src/main.cpp:824:1:void __static_initialization_and_destruction_0()	8	static
../Core/Inc/Thermocouples.hpp:12:7:Thermocouples::~Thermocouples()	16	static
../Core/Src/main.cpp:824:1:void __static_initialization_and_destruction_1()	8	static
../Core/Src/main.cpp:824:1:cpp)	8	static
../Core/Src/main.cpp:824:1:cpp)	8	static
