../Drivers/STM32WBxx_HAL_Driver/Inc/stm32wbxx_ll_rcc.h:1679:22:void LL_RCC_LSE_SetDriveCapability(uint32_t)	16	static
../Drivers/STM32WBxx_HAL_Driver/Inc/stm32wbxx_ll_hsem.h:233:26:uint32_t LL_HSEM_1StepLock(const HSEM_TypeDef*, uint32_t)	16	static
C:/Users/jaowe/Documents/Projects/DeltaTPlus_STM32WB55RG_Workspace/DeltaTPlus_STM32WB55RG_090525/AD7124_Library/ad7124.h:207:7:Ad7124Chip::Ad7124Chip()	16	static
C:/Users/jaowe/Documents/Projects/DeltaTPlus_STM32WB55RG_Workspace/DeltaTPlus_STM32WB55RG_090525/AD7124_Library/ad7124.h:207:7:Ad7124Chip::~Ad7124Chip()	16	static
../Core/Inc/Thermocouples.hpp:12:7:Thermocouples::Thermocouples()	16	static
../Core/Inc/Accelerometer.hpp:11:7:Accelerometer::Accelerometer()	16	static
../Core/Src/main.cpp:154:13:void updateSettingLabel(lv_timer_t*)	56	static
../Core/Src/main.cpp:178:13:void updateBatteryLabel(lv_timer_t*)	56	static
../Core/Src/main.cpp:191:13:void updateNeedle(lv_timer_t*)	32	static
../Core/Src/main.cpp:231:6:void brookes_meter()	64	static
../Core/Src/main.cpp:351:6:void HAL_TIM_PeriodElapsedCallback(TIM_HandleTypeDef*)	16	static
../Core/Src/main.cpp:407:6:void HAL_SPI_TxCpltCallback(SPI_HandleTypeDef*)	16	static
../Core/Src/main.cpp:417:6:void HAL_I2C_MemRxCpltCallback(I2C_HandleTypeDef*)	16	static
../Core/Src/main.cpp:425:6:void HAL_UART_TxCpltCallback(UART_HandleTypeDef*)	16	static
../Core/Src/main.cpp:435:6:void HAL_GPIO_EXTI_Callback(uint16_t)	16	static
../Core/Src/main.cpp:442:6:void my_flush_cb(lv_display_t*, const lv_area_t*, uint8_t*)	40	static
../Core/Src/main.cpp:465:5:int main()	16	static
../Core/Src/main.cpp:592:6:void SystemClock_Config()	112	static
../Core/Src/main.cpp:653:6:void PeriphCommonClock_Config()	88	static
../Core/Src/main.cpp:682:6:void Error_Handler()	4	static,ignoring_inline_asm
C:\ST\STM32CubeIDE_1.18.0\STM32CubeIDE\plugins\com.st.stm32cube.ide.mcu.externaltools.gnu-tools-for-stm32.13.3.rel1.win32_1.0.0.202411081344\tools\bin/../lib/gcc/arm-none-eabi/13.3.1/../../../../arm-none-eabi/include/c++/13.3.1/cmath:450:5:constexpr typename __gnu_cxx::__enable_if<std::__is_integer<_Tp>::__value, double>::__type std::sqrt(_Tp) [with _Tp = int]	16	static
../Core/Src/main.cpp:691:1:void __static_initialization_and_destruction_0()	8	static
../Core/Inc/Thermocouples.hpp:12:7:Thermocouples::~Thermocouples()	16	static
../Core/Src/main.cpp:691:1:void __static_initialization_and_destruction_1()	8	static
../Core/Src/main.cpp:691:1:cpp)	8	static
../Core/Src/main.cpp:691:1:cpp)	8	static
