../Core/Src/main.cpp:222:6:void lcd_send_cmd(lv_display_t*, const uint8_t*, size_t, const uint8_t*, size_t)	32	static
../Core/Src/main.cpp:250:6:void lcd_send_color(lv_display_t*, const uint8_t*, size_t, uint8_t*, size_t)	32	static
../Core/Src/main.cpp:156:6:)	144	static
../Core/Src/main.cpp:156:6:)	144	static
../Core/Src/main.cpp:173:6:void lv_port_disp_init()	16	static
../Core/Src/main.cpp:193:6:void lcd_color_transfer_ready_cb(SPI_HandleTypeDef*)	8	static
../Core/Src/main.cpp:202:9:int32_t lcd_io_init()	8	static
../Core/Src/main.cpp:306:6:void HAL_UART_RxCpltCallback(UART_HandleTypeDef*)	8	static
../Core/Src/main.cpp:351:6:void UART_RX_HANDLER()	0	static
../Core/Src/main.cpp:367:6:void HAL_TIM_PeriodElapsedCallback(TIM_HandleTypeDef*)	8	static
../Core/Src/main.cpp:429:6:void HAL_SPI_TxCpltCallback(SPI_HandleTypeDef*)	8	static
../Core/Src/main.cpp:438:6:void HAL_I2C_MemRxCpltCallback(I2C_HandleTypeDef*)	0	static
../Core/Src/main.cpp:446:6:void HAL_UART_TxCpltCallback(UART_HandleTypeDef*)	0	static
../Core/Src/main.cpp:455:6:void HAL_GPIO_EXTI_Callback(uint16_t)	0	static
../Core/Src/main.cpp:483:10:uint32_t SerialNumber_Read()	0	static
../Core/Src/main.cpp:492:6:void SerialNumber_Save(uint32_t)	24	static
../Core/Src/main.cpp:513:6:void EnterDFUMode()	88	static
../Core/Src/main.cpp:696:6:void SystemClock_Config()	120	static,ignoring_inline_asm
../Core/Src/main.cpp:757:6:void PeriphCommonClock_Config()	88	static,ignoring_inline_asm
../Core/Src/main.cpp:528:5:int main()	24	static
../Core/Src/main.cpp:786:6:void Error_Handler()	0	static,ignoring_inline_asm
