../lvgl/src/drivers/display/lcd/lv_lcd_generic_mipi.c:150:13:send_cmd	24	static
../lvgl/src/drivers/display/lcd/lv_lcd_generic_mipi.c:163:13:send_color	24	static
../lvgl/src/drivers/display/lcd/lv_lcd_generic_mipi.c:220:13:set_mirror	0	static
../lvgl/src/drivers/display/lcd/lv_lcd_generic_mipi.c:237:13:set_swap_xy	0	static
../lvgl/src/drivers/display/lcd/lv_lcd_generic_mipi.c:294:13:set_rotation	16	static
../lvgl/src/drivers/display/lcd/lv_lcd_generic_mipi.c:349:39:get_driver	8	static
../lvgl/src/drivers/display/lcd/lv_lcd_generic_mipi.c:255:13:flush_cb	40	static
../lvgl/src/drivers/display/lcd/lv_lcd_generic_mipi.c:340:13:delete_cb	8	static
../lvgl/src/drivers/display/lcd/lv_lcd_generic_mipi.c:323:13:res_chg_event_cb	16	static
../lvgl/src/drivers/display/lcd/lv_lcd_generic_mipi.c:174:13:init	24	static
../lvgl/src/drivers/display/lcd/lv_lcd_generic_mipi.c:49:16:lv_lcd_generic_mipi_create	24	static
../lvgl/src/drivers/display/lcd/lv_lcd_generic_mipi.c:84:6:lv_lcd_generic_mipi_set_gap	16	static
../lvgl/src/drivers/display/lcd/lv_lcd_generic_mipi.c:91:6:lv_lcd_generic_mipi_set_invert	8	static
../lvgl/src/drivers/display/lcd/lv_lcd_generic_mipi.c:97:6:lv_lcd_generic_mipi_set_address_mode	32	static
../lvgl/src/drivers/display/lcd/lv_lcd_generic_mipi.c:111:6:lv_lcd_generic_mipi_set_gamma_curve	16	static
../lvgl/src/drivers/display/lcd/lv_lcd_generic_mipi.c:119:6:lv_lcd_generic_mipi_send_cmd_list	40	static
