../lvgl/src/drivers/display/lcd/lv_lcd_generic_mipi.c:255:13:flush_cb	72	static
../lvgl/src/drivers/display/lcd/lv_lcd_generic_mipi.c:340:13:delete_cb	8	static
../lvgl/src/drivers/display/lcd/lv_lcd_generic_mipi.c:323:13:res_chg_event_cb	32	static
../lvgl/src/drivers/display/lcd/lv_lcd_generic_mipi.c:49:16:lv_lcd_generic_mipi_create	48	static
../lvgl/src/drivers/display/lcd/lv_lcd_generic_mipi.c:84:6:lv_lcd_generic_mipi_set_gap	16	static
../lvgl/src/drivers/display/lcd/lv_lcd_generic_mipi.c:91:6:lv_lcd_generic_mipi_set_invert	32	static
../lvgl/src/drivers/display/lcd/lv_lcd_generic_mipi.c:97:6:lv_lcd_generic_mipi_set_address_mode	48	static
../lvgl/src/drivers/display/lcd/lv_lcd_generic_mipi.c:111:6:lv_lcd_generic_mipi_set_gamma_curve	32	static
../lvgl/src/drivers/display/lcd/lv_lcd_generic_mipi.c:119:6:lv_lcd_generic_mipi_send_cmd_list	40	static
