../lvgl/src/widgets/arc/lv_arc.c:866:27:get_angle	8	static
../lvgl/src/widgets/arc/lv_arc.c:999:13:lv_arc_angle_within_bg_bounds	4	static
../lvgl/src/widgets/arc/lv_arc.c:850:13:get_center	48	static
../lvgl/src/widgets/arc/lv_arc.c:962:16:knob_get_extra_size	24	static
../lvgl/src/widgets/arc/lv_arc.c:446:13:lv_arc_constructor	16	static
../lvgl/src/widgets/arc/lv_arc.c:799:13:inv_arc_area	72	static
../lvgl/src/widgets/arc/lv_arc.c:79:12:lv_arc_create	8	static
../lvgl/src/widgets/arc/lv_arc.c:202:6:lv_arc_set_rotation	8	static
../lvgl/src/widgets/arc/lv_arc.c:291:6:lv_arc_set_change_rate	0	static
../lvgl/src/widgets/arc/lv_arc.c:299:6:lv_arc_set_knob_offset	0	static
../lvgl/src/widgets/arc/lv_arc.c:311:20:lv_arc_get_angle_start	0	static
../lvgl/src/widgets/arc/lv_arc.c:317:20:lv_arc_get_angle_end	0	static
../lvgl/src/widgets/arc/lv_arc.c:323:20:lv_arc_get_bg_angle_start	0	static
../lvgl/src/widgets/arc/lv_arc.c:329:20:lv_arc_get_bg_angle_end	0	static
../lvgl/src/widgets/arc/lv_arc.c:335:9:lv_arc_get_value	0	static
../lvgl/src/widgets/arc/lv_arc.c:1054:13:arc_value_changed_event_cb	16	static
../lvgl/src/widgets/arc/lv_arc.c:341:9:lv_arc_get_min_value	0	static
../lvgl/src/widgets/arc/lv_arc.c:347:9:lv_arc_get_max_value	0	static
../lvgl/src/widgets/arc/lv_arc.c:353:15:lv_arc_get_mode	0	static
../lvgl/src/widgets/arc/lv_arc.c:359:9:lv_arc_get_rotation	0	static
../lvgl/src/widgets/arc/lv_arc.c:365:9:lv_arc_get_knob_offset	0	static
../lvgl/src/widgets/arc/lv_arc.c:891:13:get_knob_area	56	static
../lvgl/src/widgets/arc/lv_arc.c:745:13:lv_arc_draw	264	static
../lvgl/src/widgets/arc/lv_arc.c:832:13:inv_knob_area	40	static
../lvgl/src/widgets/arc/lv_arc.c:99:6:lv_arc_set_start_angle	16	static
../lvgl/src/widgets/arc/lv_arc.c:123:6:lv_arc_set_end_angle	16	static
../lvgl/src/widgets/arc/lv_arc.c:146:6:lv_arc_set_angles	16	static
../lvgl/src/widgets/arc/lv_arc.c:917:13:value_update	24	static
../lvgl/src/widgets/arc/lv_arc.c:152:6:lv_arc_set_bg_start_angle	16	static
../lvgl/src/widgets/arc/lv_arc.c:174:6:lv_arc_set_bg_end_angle	16	static
../lvgl/src/widgets/arc/lv_arc.c:196:6:lv_arc_set_bg_angles	16	static
../lvgl/src/widgets/arc/lv_arc.c:244:6:lv_arc_set_value	8	static
../lvgl/src/widgets/arc/lv_arc.c:477:13:lv_arc_event	72	static
../lvgl/src/widgets/arc/lv_arc.c:1069:13:arc_value_observer_cb	8	static
../lvgl/src/widgets/arc/lv_arc.c:261:6:lv_arc_set_range	8	static
../lvgl/src/widgets/arc/lv_arc.c:281:6:lv_arc_set_min_value	16	static
../lvgl/src/widgets/arc/lv_arc.c:286:6:lv_arc_set_max_value	16	static
../lvgl/src/widgets/arc/lv_arc.c:215:6:lv_arc_set_mode	16	static
../lvgl/src/widgets/arc/lv_arc.c:376:17:lv_arc_bind_value	16	static
../lvgl/src/widgets/arc/lv_arc.c:394:6:lv_arc_align_obj_to_angle	48	static
../lvgl/src/widgets/arc/lv_arc.c:415:6:lv_arc_rotate_obj_to_angle	48	static
