../lvgl/src/layouts/flex/lv_flex.c:495:13:place_content	8	static
../lvgl/src/layouts/flex/lv_flex.c:534:19:get_next_item	0	static
../lvgl/src/layouts/flex/../../core/lv_obj_style.h:340:23:lv_obj_get_style_space_top	32	static
../lvgl/src/layouts/flex/../../core/lv_obj_style.h:324:23:lv_obj_get_style_space_left	32	static
../lvgl/src/layouts/flex/../../core/lv_obj_style_gen.h:196:23:lv_obj_get_style_margin_top	16	static
../lvgl/src/layouts/flex/../../core/lv_obj_style_gen.h:202:23:lv_obj_get_style_margin_bottom	16	static
../lvgl/src/layouts/flex/../../core/lv_obj_style_gen.h:208:23:lv_obj_get_style_margin_left	16	static
../lvgl/src/layouts/flex/../../core/lv_obj_style_gen.h:214:23:lv_obj_get_style_margin_right	16	static
../lvgl/src/layouts/flex/lv_flex.c:233:16:find_track_end	64	static
../lvgl/src/layouts/flex/lv_flex.c:555:16:lv_obj_get_height_with_margin	24	static
../lvgl/src/layouts/flex/lv_flex.c:548:16:lv_obj_get_width_with_margin	24	static
../lvgl/src/layouts/flex/lv_flex.c:335:13:children_repos	120	static
../lvgl/src/layouts/flex/lv_flex.c:126:13:flex_update	128	static
../lvgl/src/layouts/flex/lv_flex.c:95:6:lv_flex_init	0	static
../lvgl/src/layouts/flex/lv_flex.c:101:6:lv_obj_set_flex_flow	8	static
../lvgl/src/layouts/flex/lv_flex.c:107:6:lv_obj_set_flex_align	16	static
../lvgl/src/layouts/flex/lv_flex.c:116:6:lv_obj_set_flex_grow	8	static
