../Adafruit_GFX_Library-1.12.0/Print.h:65:17:virtual int Print::availableForWrite()	16	static
../Adafruit_GFX_Library-1.12.0/Print.h:92:18:virtual void Print::flush()	16	static
../Adafruit_GFX_Library-1.12.0/ST7789V_STM32.cpp:4:1:ST7789V_STM32::ST7789V_STM32(SPI_HandleTypeDef*, GPIO_TypeDef*, uint16_t, GPIO_TypeDef*, uint16_t, GPIO_TypeDef*, uint16_t)	24	static
../Adafruit_GFX_Library-1.12.0/ST7789V_STM32.cpp:13:6:void ST7789V_STM32::begin()	16	static
../Adafruit_GFX_Library-1.12.0/ST7789V_STM32.cpp:132:6:virtual void ST7789V_STM32::drawPixel(int16_t, int16_t, uint16_t)	32	static
../Adafruit_GFX_Library-1.12.0/ST7789V_STM32.cpp:141:6:virtual void ST7789V_STM32::startWrite()	16	static
../Adafruit_GFX_Library-1.12.0/ST7789V_STM32.cpp:150:6:virtual void ST7789V_STM32::endWrite()	16	static
../Adafruit_GFX_Library-1.12.0/ST7789V_STM32.cpp:159:6:virtual void ST7789V_STM32::writePixel(int16_t, int16_t, uint16_t)	32	static
../Adafruit_GFX_Library-1.12.0/ST7789V_STM32.cpp:168:6:virtual void ST7789V_STM32::writeFillRect(int16_t, int16_t, int16_t, int16_t, uint16_t)	48	static
../Adafruit_GFX_Library-1.12.0/ST7789V_STM32.cpp:203:6:virtual void ST7789V_STM32::fillScreen(uint16_t)	32	static
../Adafruit_GFX_Library-1.12.0/ST7789V_STM32.cpp:208:6:virtual void ST7789V_STM32::fillRect(int16_t, int16_t, int16_t, int16_t, uint16_t)	40	static
../Adafruit_GFX_Library-1.12.0/ST7789V_STM32.cpp:215:6:virtual void ST7789V_STM32::drawFastVLine(int16_t, int16_t, int16_t, uint16_t)	40	static
../Adafruit_GFX_Library-1.12.0/ST7789V_STM32.cpp:222:6:virtual void ST7789V_STM32::writeFastVLine(int16_t, int16_t, int16_t, uint16_t)	40	static
../Adafruit_GFX_Library-1.12.0/ST7789V_STM32.cpp:227:6:virtual void ST7789V_STM32::drawFastHLine(int16_t, int16_t, int16_t, uint16_t)	40	static
../Adafruit_GFX_Library-1.12.0/ST7789V_STM32.cpp:234:6:virtual void ST7789V_STM32::writeFastHLine(int16_t, int16_t, int16_t, uint16_t)	40	static
../Adafruit_GFX_Library-1.12.0/ST7789V_STM32.cpp:239:6:virtual void ST7789V_STM32::setRotation(uint8_t)	16	static
../Adafruit_GFX_Library-1.12.0/ST7789V_STM32.cpp:269:6:virtual void ST7789V_STM32::invertDisplay(bool)	16	static
../Adafruit_GFX_Library-1.12.0/ST7789V_STM32.cpp:274:6:void ST7789V_STM32::enterSleep()	16	static
../Adafruit_GFX_Library-1.12.0/ST7789V_STM32.cpp:281:6:void ST7789V_STM32::exitSleep()	16	static
../Adafruit_GFX_Library-1.12.0/ST7789V_STM32.cpp:289:6:void ST7789V_STM32::writeCommand(uint8_t)	16	static
../Adafruit_GFX_Library-1.12.0/ST7789V_STM32.cpp:300:6:void ST7789V_STM32::writeData(uint8_t)	16	static
../Adafruit_GFX_Library-1.12.0/ST7789V_STM32.cpp:310:6:void ST7789V_STM32::writeData16(uint16_t)	16	static
../Adafruit_GFX_Library-1.12.0/ST7789V_STM32.cpp:320:6:void ST7789V_STM32::setWindow(uint16_t, uint16_t, uint16_t, uint16_t)	24	static
../Adafruit_GFX_Library-1.12.0/ST7789V_STM32.cpp:335:6:void ST7789V_STM32::spiWrite(uint8_t)	16	static
../Adafruit_GFX_Library-1.12.0/ST7789V_STM32.cpp:340:6:void ST7789V_STM32::spiWrite16(uint16_t)	24	static
../Adafruit_GFX_Library-1.12.0/ST7789V_STM32.cpp:349:6:void ST7789V_STM32::csLow()	16	static
../Adafruit_GFX_Library-1.12.0/ST7789V_STM32.cpp:354:6:void ST7789V_STM32::csHigh()	16	static
../Adafruit_GFX_Library-1.12.0/ST7789V_STM32.cpp:359:6:void ST7789V_STM32::dcLow()	16	static
../Adafruit_GFX_Library-1.12.0/ST7789V_STM32.cpp:364:6:void ST7789V_STM32::dcHigh()	16	static
../Adafruit_GFX_Library-1.12.0/ST7789V_STM32.cpp:369:6:void ST7789V_STM32::rstLow()	16	static
../Adafruit_GFX_Library-1.12.0/ST7789V_STM32.cpp:374:6:void ST7789V_STM32::rstHigh()	16	static
../Adafruit_GFX_Library-1.12.0/ST7789V_STM32.cpp:379:6:void ST7789V_STM32::writeBuffer(uint16_t*, uint32_t)	48	static
../Adafruit_GFX_Library-1.12.0/ST7789V_STM32.cpp:405:6:void ST7789V_STM32::writeBufferDMA(uint16_t*, uint32_t)	32	static
../Adafruit_GFX_Library-1.12.0/ST7789V_STM32.cpp:441:6:void ST7789V_STM32::dmaTransferCompleteCallback()	32	static
