18:34:17 **** Incremental Build of configuration Debug for project DeltaTPlus_STM32WB55RG_090525 ****
make -j12 all 
arm-none-eabi-g++ "../Core/Src/Thermocouples.cpp" -mcpu=cortex-m4 -std=gnu++14 -g3 -DDEBUG -DUSE_HAL_DRIVER -DSTM32WB55xx -c -I../Core/Inc -I../STM32_WPAN/App -I../USB_Device/App -I../USB_Device/Target -I../Drivers/STM32WBxx_HAL_Driver/Inc -I../Drivers/STM32WBxx_HAL_Driver/Inc/Legacy -I../Utilities/lpm/tiny_lpm -I../Middlewares/ST/STM32_WPAN -I../Middlewares/ST/STM32_WPAN/interface/patterns/ble_thread -I../Middlewares/ST/STM32_WPAN/interface/patterns/ble_thread/tl -I../Middlewares/ST/STM32_WPAN/interface/patterns/ble_thread/shci -I../Middlewares/ST/STM32_WPAN/utilities -I../Middlewares/ST/STM32_WPAN/ble/core -I../Middlewares/ST/STM32_WPAN/ble/core/auto -I../Middlewares/ST/STM32_WPAN/ble/core/template -I../Middlewares/ST/STM32_WPAN/ble/svc/Inc -I../Middlewares/ST/STM32_WPAN/ble/svc/Src -I../Middlewares/ST/STM32_USB_Device_Library/Core/Inc -I../Drivers/CMSIS/Device/ST/STM32WBxx/Include -I../Utilities/sequencer -I../Middlewares/ST/STM32_WPAN/ble -I../Drivers/CMSIS/Include -I"C:/Users/jaowe/Documents/Projects/DeltaTPlus_STM32WB55RG_Workspace/DeltaTPlus_STM32WB55RG_090525/Adafruit_MAX31856_Library" -I"C:/Users/jaowe/Documents/Projects/DeltaTPlus_STM32WB55RG_Workspace/DeltaTPlus_STM32WB55RG_090525/Adafruit_1704X_Library" -I"C:/Users/jaowe/Documents/Projects/DeltaTPlus_STM32WB55RG_Workspace/DeltaTPlus_STM32WB55RG_090525/lvgl" -I../Middlewares/ST/STM32_USB_Device_Library/Class/DFU/Inc -I"C:/Users/jaowe/Documents/Projects/DeltaTPlus_STM32WB55RG_Workspace/DeltaTPlus_STM32WB55RG_090525/AD7124_Library" -I"C:/Users/jaowe/Documents/Projects/DeltaTPlus_STM32WB55RG_Workspace/DeltaTPlus_STM32WB55RG_090525/FT5436" -O0 -ffunction-sections -fdata-sections -fno-exceptions -fno-rtti -fno-use-cxa-atexit -Wall -pedantic -fstack-usage -fcyclomatic-complexity -MMD -MP -MF"Core/Src/Thermocouples.d" -MT"Core/Src/Thermocouples.o" --specs=nano.specs -mfpu=fpv4-sp-d16 -mfloat-abi=hard -mthumb -o "Core/Src/Thermocouples.o"
arm-none-eabi-g++ "../Core/Src/main.cpp" -mcpu=cortex-m4 -std=gnu++14 -g3 -DDEBUG -DUSE_HAL_DRIVER -DSTM32WB55xx -c -I../Core/Inc -I../STM32_WPAN/App -I../USB_Device/App -I../USB_Device/Target -I../Drivers/STM32WBxx_HAL_Driver/Inc -I../Drivers/STM32WBxx_HAL_Driver/Inc/Legacy -I../Utilities/lpm/tiny_lpm -I../Middlewares/ST/STM32_WPAN -I../Middlewares/ST/STM32_WPAN/interface/patterns/ble_thread -I../Middlewares/ST/STM32_WPAN/interface/patterns/ble_thread/tl -I../Middlewares/ST/STM32_WPAN/interface/patterns/ble_thread/shci -I../Middlewares/ST/STM32_WPAN/utilities -I../Middlewares/ST/STM32_WPAN/ble/core -I../Middlewares/ST/STM32_WPAN/ble/core/auto -I../Middlewares/ST/STM32_WPAN/ble/core/template -I../Middlewares/ST/STM32_WPAN/ble/svc/Inc -I../Middlewares/ST/STM32_WPAN/ble/svc/Src -I../Middlewares/ST/STM32_USB_Device_Library/Core/Inc -I../Drivers/CMSIS/Device/ST/STM32WBxx/Include -I../Utilities/sequencer -I../Middlewares/ST/STM32_WPAN/ble -I../Drivers/CMSIS/Include -I"C:/Users/jaowe/Documents/Projects/DeltaTPlus_STM32WB55RG_Workspace/DeltaTPlus_STM32WB55RG_090525/Adafruit_MAX31856_Library" -I"C:/Users/jaowe/Documents/Projects/DeltaTPlus_STM32WB55RG_Workspace/DeltaTPlus_STM32WB55RG_090525/Adafruit_1704X_Library" -I"C:/Users/jaowe/Documents/Projects/DeltaTPlus_STM32WB55RG_Workspace/DeltaTPlus_STM32WB55RG_090525/lvgl" -I../Middlewares/ST/STM32_USB_Device_Library/Class/DFU/Inc -I"C:/Users/jaowe/Documents/Projects/DeltaTPlus_STM32WB55RG_Workspace/DeltaTPlus_STM32WB55RG_090525/AD7124_Library" -I"C:/Users/jaowe/Documents/Projects/DeltaTPlus_STM32WB55RG_Workspace/DeltaTPlus_STM32WB55RG_090525/FT5436" -O0 -ffunction-sections -fdata-sections -fno-exceptions -fno-rtti -fno-use-cxa-atexit -Wall -pedantic -fstack-usage -fcyclomatic-complexity -MMD -MP -MF"Core/Src/main.d" -MT"Core/Src/main.o" --specs=nano.specs -mfpu=fpv4-sp-d16 -mfloat-abi=hard -mthumb -o "Core/Src/main.o"
../Core/Src/Thermocouples.cpp: In member function 'void Thermocouples::setup()':
../Core/Src/Thermocouples.cpp:40:9: warning: unused variable 'channel2' [-Wunused-variable]
   40 |     int channel2 = 2;
      |         ^~~~~~~~
../Core/Src/main.cpp: In function 'void updateLeftHeaderLabel(lv_timer_t*)':
../Core/Src/main.cpp:145:19: warning: ISO C++ forbids converting a string constant to 'char*' [-Wwrite-strings]
  145 |     switchState = "HIGH";
      |                   ^~~~~~
../Core/Src/main.cpp:150:19: warning: ISO C++ forbids converting a string constant to 'char*' [-Wwrite-strings]
  150 |     switchState = "LOW";
      |                   ^~~~~
../Core/Src/main.cpp: At global scope:
../Core/Src/main.cpp:71:18: warning: 'meter_arc' defined but not used [-Wunused-variable]
   71 | static lv_obj_t *meter_arc = NULL;
      |                  ^~~~~~~~~
../Core/Src/main.cpp:70:18: warning: 'meter_value_label' defined but not used [-Wunused-variable]
   70 | static lv_obj_t *meter_value_label = NULL;
      |                  ^~~~~~~~~~~~~~~~~
../Core/Src/main.cpp:69:18: warning: 'meter_needle' defined but not used [-Wunused-variable]
   69 | static lv_obj_t *meter_needle = NULL;
      |                  ^~~~~~~~~~~~
arm-none-eabi-g++ -o "DeltaTPlus_STM32WB55RG_090525.elf" @"objects.list"   -mcpu=cortex-m4 -T"C:\Users\jaowe\Documents\Projects\DeltaTPlus_STM32WB55RG_Workspace\DeltaTPlus_STM32WB55RG_090525\STM32WB55RGVX_FLASH.ld" --specs=nosys.specs -Wl,-Map="DeltaTPlus_STM32WB55RG_090525.map" -Wl,--cref -Wl,--gc-sections -static -u _printf_float -Wl,--no-warn-execstack --specs=nano.specs -mfpu=fpv4-sp-d16 -mfloat-abi=hard -mthumb -u _printf_float -Wl,--start-group -lc -lm -lstdc++ -lsupc++ -Wl,--end-group
Finished building target: DeltaTPlus_STM32WB55RG_090525.elf
 
arm-none-eabi-size  DeltaTPlus_STM32WB55RG_090525.elf 
arm-none-eabi-objdump -h -S DeltaTPlus_STM32WB55RG_090525.elf  > "DeltaTPlus_STM32WB55RG_090525.list"
   text	   data	    bss	    dec	    hex	filename
 509812	   3205	  93395	 606412	  940cc	DeltaTPlus_STM32WB55RG_090525.elf
Finished building: default.size.stdout
 
Finished building: DeltaTPlus_STM32WB55RG_090525.list
 

18:34:33 Build Finished. 0 errors, 6 warnings. (took 15s.295ms)

