09:30:57 **** Incremental Build of configuration Debug for project DeltaTPlus_STM32WB55RG_090525 ****
make -j12 all 
arm-none-eabi-g++ "../Core/Src/main.cpp" -mcpu=cortex-m4 -std=gnu++14 -g3 -DDEBUG -DUSE_HAL_DRIVER -DSTM32WB55xx -c -I../Core/Inc -I../STM32_WPAN/App -I../USB_Device/App -I../USB_Device/Target -I../Drivers/STM32WBxx_HAL_Driver/Inc -I../Drivers/STM32WBxx_HAL_Driver/Inc/Legacy -I../Utilities/lpm/tiny_lpm -I../Middlewares/ST/STM32_WPAN -I../Middlewares/ST/STM32_WPAN/interface/patterns/ble_thread -I../Middlewares/ST/STM32_WPAN/interface/patterns/ble_thread/tl -I../Middlewares/ST/STM32_WPAN/interface/patterns/ble_thread/shci -I../Middlewares/ST/STM32_WPAN/utilities -I../Middlewares/ST/STM32_WPAN/ble/core -I../Middlewares/ST/STM32_WPAN/ble/core/auto -I../Middlewares/ST/STM32_WPAN/ble/core/template -I../Middlewares/ST/STM32_WPAN/ble/svc/Inc -I../Middlewares/ST/STM32_WPAN/ble/svc/Src -I../Middlewares/ST/STM32_USB_Device_Library/Core/Inc -I../Drivers/CMSIS/Device/ST/STM32WBxx/Include -I../Utilities/sequencer -I../Middlewares/ST/STM32_WPAN/ble -I../Drivers/CMSIS/Include -I"C:/Users/jaowe/Documents/Projects/DeltaTPlus_STM32WB55RG_Workspace/DeltaTPlus_STM32WB55RG_090525/Adafruit_GFX_Library-1.12.0" -I"C:/Users/jaowe/Documents/Projects/DeltaTPlus_STM32WB55RG_Workspace/DeltaTPlus_STM32WB55RG_090525/Adafruit_MAX31856_Library" -I"C:/Users/jaowe/Documents/Projects/DeltaTPlus_STM32WB55RG_Workspace/DeltaTPlus_STM32WB55RG_090525/Adafruit_1704X_Library" -I"C:/Users/jaowe/Documents/Projects/DeltaTPlus_STM32WB55RG_Workspace/DeltaTPlus_STM32WB55RG_090525/Screen" -I../Middlewares/ST/STM32_USB_Device_Library/Class/DFU/Inc -I"C:/Users/jaowe/Documents/Projects/DeltaTPlus_STM32WB55RG_Workspace/DeltaTPlus_STM32WB55RG_090525/AD7124_Library" -O0 -ffunction-sections -fdata-sections -fno-exceptions -fno-rtti -fno-use-cxa-atexit -Wall -pedantic -fstack-usage -fcyclomatic-complexity -MMD -MP -MF"Core/Src/main.d" -MT"Core/Src/main.o" --specs=nano.specs -mfpu=fpv4-sp-d16 -mfloat-abi=hard -mthumb -o "Core/Src/main.o"
In file included from ../Core/Src/main.cpp:38:
../Core/Inc/TEMP_MAX31856.h:59:1: warning: "/*" within comment [-Wcomment]
   59 | /** Noise filtering options enum. Use with setNoiseFilter()
      |  
../Core/Inc/TEMP_MAX31856.h:79:1: warning: "/*" within comment [-Wcomment]
   79 | /** Temperature conversion mode
      |  
../Core/Inc/TEMP_MAX31856.h:128:3: warning: "/*" within comment [-Wcomment]
  128 | } /* extern "C"
      |    
../Core/Src/main.cpp: In function 'int main()':
../Core/Src/main.cpp:355:16: warning: array subscript has type 'char' [-Wchar-subscripts]
  355 |         SBvolt[ch] = Ad7124Chip::toVoltage(SBraw[ch], 1, 2.5, true);
      |                ^~
../Core/Src/main.cpp:355:50: warning: array subscript has type 'char' [-Wchar-subscripts]
  355 |         SBvolt[ch] = Ad7124Chip::toVoltage(SBraw[ch], 1, 2.5, true);
      |                                                  ^~
../Core/Src/main.cpp:251:8: warning: unused variable 'statusWord' [-Wunused-variable]
  251 |   char statusWord;
      |        ^~~~~~~~~~
arm-none-eabi-g++ -o "DeltaTPlus_STM32WB55RG_090525.elf" @"objects.list"   -mcpu=cortex-m4 -T"C:\Users\jaowe\Documents\Projects\DeltaTPlus_STM32WB55RG_Workspace\DeltaTPlus_STM32WB55RG_090525\STM32WB55RGVX_FLASH.ld" --specs=nosys.specs -Wl,-Map="DeltaTPlus_STM32WB55RG_090525.map" -Wl,--gc-sections -static -u _printf_float --specs=nano.specs -mfpu=fpv4-sp-d16 -mfloat-abi=hard -mthumb -u _printf_float -Wl,--start-group -lc -lm -lstdc++ -lsupc++ -Wl,--end-group
Finished building target: DeltaTPlus_STM32WB55RG_090525.elf
 
arm-none-eabi-size  DeltaTPlus_STM32WB55RG_090525.elf 
arm-none-eabi-objdump -h -S DeltaTPlus_STM32WB55RG_090525.elf  > "DeltaTPlus_STM32WB55RG_090525.list"
   text	   data	    bss	    dec	    hex	filename
 126648	   2989	  12387	 142024	  22ac8	DeltaTPlus_STM32WB55RG_090525.elf
Finished building: default.size.stdout
 
Finished building: DeltaTPlus_STM32WB55RG_090525.list
 
09:31:04 **** Incremental Build of configuration Debug for project DeltaTPlus_STM32WB55RG_090525 ****
make -j12 all 
arm-none-eabi-size  DeltaTPlus_STM32WB55RG_090525.elf 
   text	   data	    bss	    dec	    hex	filename
 126648	   2989	  12387	 142024	  22ac8	DeltaTPlus_STM32WB55RG_090525.elf
Finished building: default.size.stdout
 
09:32:30 **** Incremental Build of configuration Debug for project DeltaTPlus_STM32WB55RG_090525 ****
make -j12 all 
arm-none-eabi-g++ "../Core/Src/main.cpp" -mcpu=cortex-m4 -std=gnu++14 -g3 -DDEBUG -DUSE_HAL_DRIVER -DSTM32WB55xx -c -I../Core/Inc -I../STM32_WPAN/App -I../USB_Device/App -I../USB_Device/Target -I../Drivers/STM32WBxx_HAL_Driver/Inc -I../Drivers/STM32WBxx_HAL_Driver/Inc/Legacy -I../Utilities/lpm/tiny_lpm -I../Middlewares/ST/STM32_WPAN -I../Middlewares/ST/STM32_WPAN/interface/patterns/ble_thread -I../Middlewares/ST/STM32_WPAN/interface/patterns/ble_thread/tl -I../Middlewares/ST/STM32_WPAN/interface/patterns/ble_thread/shci -I../Middlewares/ST/STM32_WPAN/utilities -I../Middlewares/ST/STM32_WPAN/ble/core -I../Middlewares/ST/STM32_WPAN/ble/core/auto -I../Middlewares/ST/STM32_WPAN/ble/core/template -I../Middlewares/ST/STM32_WPAN/ble/svc/Inc -I../Middlewares/ST/STM32_WPAN/ble/svc/Src -I../Middlewares/ST/STM32_USB_Device_Library/Core/Inc -I../Drivers/CMSIS/Device/ST/STM32WBxx/Include -I../Utilities/sequencer -I../Middlewares/ST/STM32_WPAN/ble -I../Drivers/CMSIS/Include -I"C:/Users/jaowe/Documents/Projects/DeltaTPlus_STM32WB55RG_Workspace/DeltaTPlus_STM32WB55RG_090525/Adafruit_GFX_Library-1.12.0" -I"C:/Users/jaowe/Documents/Projects/DeltaTPlus_STM32WB55RG_Workspace/DeltaTPlus_STM32WB55RG_090525/Adafruit_MAX31856_Library" -I"C:/Users/jaowe/Documents/Projects/DeltaTPlus_STM32WB55RG_Workspace/DeltaTPlus_STM32WB55RG_090525/Adafruit_1704X_Library" -I"C:/Users/jaowe/Documents/Projects/DeltaTPlus_STM32WB55RG_Workspace/DeltaTPlus_STM32WB55RG_090525/Screen" -I../Middlewares/ST/STM32_USB_Device_Library/Class/DFU/Inc -I"C:/Users/jaowe/Documents/Projects/DeltaTPlus_STM32WB55RG_Workspace/DeltaTPlus_STM32WB55RG_090525/AD7124_Library" -O0 -ffunction-sections -fdata-sections -fno-exceptions -fno-rtti -fno-use-cxa-atexit -Wall -pedantic -fstack-usage -fcyclomatic-complexity -MMD -MP -MF"Core/Src/main.d" -MT"Core/Src/main.o" --specs=nano.specs -mfpu=fpv4-sp-d16 -mfloat-abi=hard -mthumb -o "Core/Src/main.o"
In file included from ../Core/Src/main.cpp:38:
../Core/Inc/TEMP_MAX31856.h:59:1: warning: "/*" within comment [-Wcomment]
   59 | /** Noise filtering options enum. Use with setNoiseFilter()
      |  
../Core/Inc/TEMP_MAX31856.h:79:1: warning: "/*" within comment [-Wcomment]
   79 | /** Temperature conversion mode
      |  
../Core/Inc/TEMP_MAX31856.h:128:3: warning: "/*" within comment [-Wcomment]
  128 | } /* extern "C"
      |    
../Core/Src/main.cpp: In function 'int main()':
../Core/Src/main.cpp:355:16: warning: array subscript has type 'char' [-Wchar-subscripts]
  355 |         SBvolt[ch] = Ad7124Chip::toVoltage(SBraw[ch], 1, 2.5, true);
      |                ^~
../Core/Src/main.cpp:355:50: warning: array subscript has type 'char' [-Wchar-subscripts]
  355 |         SBvolt[ch] = Ad7124Chip::toVoltage(SBraw[ch], 1, 2.5, true);
      |                                                  ^~
../Core/Src/main.cpp:251:8: warning: unused variable 'statusWord' [-Wunused-variable]
  251 |   char statusWord;
      |        ^~~~~~~~~~
arm-none-eabi-g++ -o "DeltaTPlus_STM32WB55RG_090525.elf" @"objects.list"   -mcpu=cortex-m4 -T"C:\Users\jaowe\Documents\Projects\DeltaTPlus_STM32WB55RG_Workspace\DeltaTPlus_STM32WB55RG_090525\STM32WB55RGVX_FLASH.ld" --specs=nosys.specs -Wl,-Map="DeltaTPlus_STM32WB55RG_090525.map" -Wl,--gc-sections -static -u _printf_float --specs=nano.specs -mfpu=fpv4-sp-d16 -mfloat-abi=hard -mthumb -u _printf_float -Wl,--start-group -lc -lm -lstdc++ -lsupc++ -Wl,--end-group
Finished building target: DeltaTPlus_STM32WB55RG_090525.elf
 
arm-none-eabi-size  DeltaTPlus_STM32WB55RG_090525.elf 
arm-none-eabi-objdump -h -S DeltaTPlus_STM32WB55RG_090525.elf  > "DeltaTPlus_STM32WB55RG_090525.list"
   text	   data	    bss	    dec	    hex	filename
 123816	   2989	  12379	 139184	  21fb0	DeltaTPlus_STM32WB55RG_090525.elf
Finished building: default.size.stdout
 
Finished building: DeltaTPlus_STM32WB55RG_090525.list
 
12:50:40 **** Incremental Build of configuration Debug for project DeltaTPlus_STM32WB55RG_090525 ****
make -j12 all 
arm-none-eabi-g++ "../Core/Src/main.cpp" -mcpu=cortex-m4 -std=gnu++14 -g3 -DDEBUG -DUSE_HAL_DRIVER -DSTM32WB55xx -c -I../Core/Inc -I../STM32_WPAN/App -I../USB_Device/App -I../USB_Device/Target -I../Drivers/STM32WBxx_HAL_Driver/Inc -I../Drivers/STM32WBxx_HAL_Driver/Inc/Legacy -I../Utilities/lpm/tiny_lpm -I../Middlewares/ST/STM32_WPAN -I../Middlewares/ST/STM32_WPAN/interface/patterns/ble_thread -I../Middlewares/ST/STM32_WPAN/interface/patterns/ble_thread/tl -I../Middlewares/ST/STM32_WPAN/interface/patterns/ble_thread/shci -I../Middlewares/ST/STM32_WPAN/utilities -I../Middlewares/ST/STM32_WPAN/ble/core -I../Middlewares/ST/STM32_WPAN/ble/core/auto -I../Middlewares/ST/STM32_WPAN/ble/core/template -I../Middlewares/ST/STM32_WPAN/ble/svc/Inc -I../Middlewares/ST/STM32_WPAN/ble/svc/Src -I../Middlewares/ST/STM32_USB_Device_Library/Core/Inc -I../Drivers/CMSIS/Device/ST/STM32WBxx/Include -I../Utilities/sequencer -I../Middlewares/ST/STM32_WPAN/ble -I../Drivers/CMSIS/Include -I"C:/Users/jaowe/Documents/Projects/DeltaTPlus_STM32WB55RG_Workspace/DeltaTPlus_STM32WB55RG_090525/Adafruit_GFX_Library-1.12.0" -I"C:/Users/jaowe/Documents/Projects/DeltaTPlus_STM32WB55RG_Workspace/DeltaTPlus_STM32WB55RG_090525/Adafruit_MAX31856_Library" -I"C:/Users/jaowe/Documents/Projects/DeltaTPlus_STM32WB55RG_Workspace/DeltaTPlus_STM32WB55RG_090525/Adafruit_1704X_Library" -I"C:/Users/jaowe/Documents/Projects/DeltaTPlus_STM32WB55RG_Workspace/DeltaTPlus_STM32WB55RG_090525/Screen" -I../Middlewares/ST/STM32_USB_Device_Library/Class/DFU/Inc -I"C:/Users/jaowe/Documents/Projects/DeltaTPlus_STM32WB55RG_Workspace/DeltaTPlus_STM32WB55RG_090525/AD7124_Library" -O0 -ffunction-sections -fdata-sections -fno-exceptions -fno-rtti -fno-use-cxa-atexit -Wall -pedantic -fstack-usage -fcyclomatic-complexity -MMD -MP -MF"Core/Src/main.d" -MT"Core/Src/main.o" --specs=nano.specs -mfpu=fpv4-sp-d16 -mfloat-abi=hard -mthumb -o "Core/Src/main.o"
In file included from ../Core/Src/main.cpp:38:
../Core/Inc/TEMP_MAX31856.h:59:1: warning: "/*" within comment [-Wcomment]
   59 | /** Noise filtering options enum. Use with setNoiseFilter()
      |  
../Core/Inc/TEMP_MAX31856.h:79:1: warning: "/*" within comment [-Wcomment]
   79 | /** Temperature conversion mode
      |  
../Core/Inc/TEMP_MAX31856.h:128:3: warning: "/*" within comment [-Wcomment]
  128 | } /* extern "C"
      |    
../Core/Src/main.cpp: In function 'int main()':
../Core/Src/main.cpp:355:16: warning: array subscript has type 'char' [-Wchar-subscripts]
  355 |         SBvolt[ch] = Ad7124Chip::toVoltage(SBraw[ch], 1, 1.0, true);
      |                ^~
../Core/Src/main.cpp:355:50: warning: array subscript has type 'char' [-Wchar-subscripts]
  355 |         SBvolt[ch] = Ad7124Chip::toVoltage(SBraw[ch], 1, 1.0, true);
      |                                                  ^~
../Core/Src/main.cpp:251:8: warning: unused variable 'statusWord' [-Wunused-variable]
  251 |   char statusWord;
      |        ^~~~~~~~~~
arm-none-eabi-g++ -o "DeltaTPlus_STM32WB55RG_090525.elf" @"objects.list"   -mcpu=cortex-m4 -T"C:\Users\jaowe\Documents\Projects\DeltaTPlus_STM32WB55RG_Workspace\DeltaTPlus_STM32WB55RG_090525\STM32WB55RGVX_FLASH.ld" --specs=nosys.specs -Wl,-Map="DeltaTPlus_STM32WB55RG_090525.map" -Wl,--gc-sections -static -u _printf_float --specs=nano.specs -mfpu=fpv4-sp-d16 -mfloat-abi=hard -mthumb -u _printf_float -Wl,--start-group -lc -lm -lstdc++ -lsupc++ -Wl,--end-group
Finished building target: DeltaTPlus_STM32WB55RG_090525.elf
 
arm-none-eabi-size  DeltaTPlus_STM32WB55RG_090525.elf 
arm-none-eabi-objdump -h -S DeltaTPlus_STM32WB55RG_090525.elf  > "DeltaTPlus_STM32WB55RG_090525.list"
   text	   data	    bss	    dec	    hex	filename
 123816	   2989	  12379	 139184	  21fb0	DeltaTPlus_STM32WB55RG_090525.elf
Finished building: default.size.stdout
 
Finished building: DeltaTPlus_STM32WB55RG_090525.list
 
12:52:00 **** Incremental Build of configuration Debug for project DeltaTPlus_STM32WB55RG_090525 ****
make -j12 all 
arm-none-eabi-g++ "../Core/Src/main.cpp" -mcpu=cortex-m4 -std=gnu++14 -g3 -DDEBUG -DUSE_HAL_DRIVER -DSTM32WB55xx -c -I../Core/Inc -I../STM32_WPAN/App -I../USB_Device/App -I../USB_Device/Target -I../Drivers/STM32WBxx_HAL_Driver/Inc -I../Drivers/STM32WBxx_HAL_Driver/Inc/Legacy -I../Utilities/lpm/tiny_lpm -I../Middlewares/ST/STM32_WPAN -I../Middlewares/ST/STM32_WPAN/interface/patterns/ble_thread -I../Middlewares/ST/STM32_WPAN/interface/patterns/ble_thread/tl -I../Middlewares/ST/STM32_WPAN/interface/patterns/ble_thread/shci -I../Middlewares/ST/STM32_WPAN/utilities -I../Middlewares/ST/STM32_WPAN/ble/core -I../Middlewares/ST/STM32_WPAN/ble/core/auto -I../Middlewares/ST/STM32_WPAN/ble/core/template -I../Middlewares/ST/STM32_WPAN/ble/svc/Inc -I../Middlewares/ST/STM32_WPAN/ble/svc/Src -I../Middlewares/ST/STM32_USB_Device_Library/Core/Inc -I../Drivers/CMSIS/Device/ST/STM32WBxx/Include -I../Utilities/sequencer -I../Middlewares/ST/STM32_WPAN/ble -I../Drivers/CMSIS/Include -I"C:/Users/jaowe/Documents/Projects/DeltaTPlus_STM32WB55RG_Workspace/DeltaTPlus_STM32WB55RG_090525/Adafruit_GFX_Library-1.12.0" -I"C:/Users/jaowe/Documents/Projects/DeltaTPlus_STM32WB55RG_Workspace/DeltaTPlus_STM32WB55RG_090525/Adafruit_MAX31856_Library" -I"C:/Users/jaowe/Documents/Projects/DeltaTPlus_STM32WB55RG_Workspace/DeltaTPlus_STM32WB55RG_090525/Adafruit_1704X_Library" -I"C:/Users/jaowe/Documents/Projects/DeltaTPlus_STM32WB55RG_Workspace/DeltaTPlus_STM32WB55RG_090525/Screen" -I../Middlewares/ST/STM32_USB_Device_Library/Class/DFU/Inc -I"C:/Users/jaowe/Documents/Projects/DeltaTPlus_STM32WB55RG_Workspace/DeltaTPlus_STM32WB55RG_090525/AD7124_Library" -O0 -ffunction-sections -fdata-sections -fno-exceptions -fno-rtti -fno-use-cxa-atexit -Wall -pedantic -fstack-usage -fcyclomatic-complexity -MMD -MP -MF"Core/Src/main.d" -MT"Core/Src/main.o" --specs=nano.specs -mfpu=fpv4-sp-d16 -mfloat-abi=hard -mthumb -o "Core/Src/main.o"
In file included from ../Core/Src/main.cpp:38:
../Core/Inc/TEMP_MAX31856.h:59:1: warning: "/*" within comment [-Wcomment]
   59 | /** Noise filtering options enum. Use with setNoiseFilter()
      |  
../Core/Inc/TEMP_MAX31856.h:79:1: warning: "/*" within comment [-Wcomment]
   79 | /** Temperature conversion mode
      |  
../Core/Inc/TEMP_MAX31856.h:128:3: warning: "/*" within comment [-Wcomment]
  128 | } /* extern "C"
      |    
../Core/Src/main.cpp: In function 'int main()':
../Core/Src/main.cpp:354:15: warning: array subscript has type 'char' [-Wchar-subscripts]
  354 |         SBraw[ch] = dataWord;
      |               ^~
../Core/Src/main.cpp:355:16: warning: array subscript has type 'char' [-Wchar-subscripts]
  355 |         SBvolt[ch] = Ad7124Chip::toVoltage(SBraw[ch], 1, 1.0, true);
      |                ^~
../Core/Src/main.cpp:355:50: warning: array subscript has type 'char' [-Wchar-subscripts]
  355 |         SBvolt[ch] = Ad7124Chip::toVoltage(SBraw[ch], 1, 1.0, true);
      |                                                  ^~
../Core/Src/main.cpp:251:8: warning: unused variable 'statusWord' [-Wunused-variable]
  251 |   char statusWord;
      |        ^~~~~~~~~~
arm-none-eabi-g++ -o "DeltaTPlus_STM32WB55RG_090525.elf" @"objects.list"   -mcpu=cortex-m4 -T"C:\Users\jaowe\Documents\Projects\DeltaTPlus_STM32WB55RG_Workspace\DeltaTPlus_STM32WB55RG_090525\STM32WB55RGVX_FLASH.ld" --specs=nosys.specs -Wl,-Map="DeltaTPlus_STM32WB55RG_090525.map" -Wl,--gc-sections -static -u _printf_float --specs=nano.specs -mfpu=fpv4-sp-d16 -mfloat-abi=hard -mthumb -u _printf_float -Wl,--start-group -lc -lm -lstdc++ -lsupc++ -Wl,--end-group
Finished building target: DeltaTPlus_STM32WB55RG_090525.elf
 
arm-none-eabi-size  DeltaTPlus_STM32WB55RG_090525.elf 
arm-none-eabi-objdump -h -S DeltaTPlus_STM32WB55RG_090525.elf  > "DeltaTPlus_STM32WB55RG_090525.list"
   text	   data	    bss	    dec	    hex	filename
 123808	   2989	  12379	 139176	  21fa8	DeltaTPlus_STM32WB55RG_090525.elf
Finished building: default.size.stdout
 
Finished building: DeltaTPlus_STM32WB55RG_090525.list
 
12:52:36 **** Incremental Build of configuration Debug for project DeltaTPlus_STM32WB55RG_090525 ****
make -j12 all 
arm-none-eabi-g++ "../Core/Src/main.cpp" -mcpu=cortex-m4 -std=gnu++14 -g3 -DDEBUG -DUSE_HAL_DRIVER -DSTM32WB55xx -c -I../Core/Inc -I../STM32_WPAN/App -I../USB_Device/App -I../USB_Device/Target -I../Drivers/STM32WBxx_HAL_Driver/Inc -I../Drivers/STM32WBxx_HAL_Driver/Inc/Legacy -I../Utilities/lpm/tiny_lpm -I../Middlewares/ST/STM32_WPAN -I../Middlewares/ST/STM32_WPAN/interface/patterns/ble_thread -I../Middlewares/ST/STM32_WPAN/interface/patterns/ble_thread/tl -I../Middlewares/ST/STM32_WPAN/interface/patterns/ble_thread/shci -I../Middlewares/ST/STM32_WPAN/utilities -I../Middlewares/ST/STM32_WPAN/ble/core -I../Middlewares/ST/STM32_WPAN/ble/core/auto -I../Middlewares/ST/STM32_WPAN/ble/core/template -I../Middlewares/ST/STM32_WPAN/ble/svc/Inc -I../Middlewares/ST/STM32_WPAN/ble/svc/Src -I../Middlewares/ST/STM32_USB_Device_Library/Core/Inc -I../Drivers/CMSIS/Device/ST/STM32WBxx/Include -I../Utilities/sequencer -I../Middlewares/ST/STM32_WPAN/ble -I../Drivers/CMSIS/Include -I"C:/Users/jaowe/Documents/Projects/DeltaTPlus_STM32WB55RG_Workspace/DeltaTPlus_STM32WB55RG_090525/Adafruit_GFX_Library-1.12.0" -I"C:/Users/jaowe/Documents/Projects/DeltaTPlus_STM32WB55RG_Workspace/DeltaTPlus_STM32WB55RG_090525/Adafruit_MAX31856_Library" -I"C:/Users/jaowe/Documents/Projects/DeltaTPlus_STM32WB55RG_Workspace/DeltaTPlus_STM32WB55RG_090525/Adafruit_1704X_Library" -I"C:/Users/jaowe/Documents/Projects/DeltaTPlus_STM32WB55RG_Workspace/DeltaTPlus_STM32WB55RG_090525/Screen" -I../Middlewares/ST/STM32_USB_Device_Library/Class/DFU/Inc -I"C:/Users/jaowe/Documents/Projects/DeltaTPlus_STM32WB55RG_Workspace/DeltaTPlus_STM32WB55RG_090525/AD7124_Library" -O0 -ffunction-sections -fdata-sections -fno-exceptions -fno-rtti -fno-use-cxa-atexit -Wall -pedantic -fstack-usage -fcyclomatic-complexity -MMD -MP -MF"Core/Src/main.d" -MT"Core/Src/main.o" --specs=nano.specs -mfpu=fpv4-sp-d16 -mfloat-abi=hard -mthumb -o "Core/Src/main.o"
In file included from ../Core/Src/main.cpp:38:
../Core/Inc/TEMP_MAX31856.h:59:1: warning: "/*" within comment [-Wcomment]
   59 | /** Noise filtering options enum. Use with setNoiseFilter()
      |  
../Core/Inc/TEMP_MAX31856.h:79:1: warning: "/*" within comment [-Wcomment]
   79 | /** Temperature conversion mode
      |  
../Core/Inc/TEMP_MAX31856.h:128:3: warning: "/*" within comment [-Wcomment]
  128 | } /* extern "C"
      |    
../Core/Src/main.cpp: In function 'int main()':
../Core/Src/main.cpp:355:16: warning: array subscript has type 'char' [-Wchar-subscripts]
  355 |         SBvolt[ch] = Ad7124Chip::toVoltage(SBraw[ch], 1, 1.0, true);
      |                ^~
../Core/Src/main.cpp:355:50: warning: array subscript has type 'char' [-Wchar-subscripts]
  355 |         SBvolt[ch] = Ad7124Chip::toVoltage(SBraw[ch], 1, 1.0, true);
      |                                                  ^~
../Core/Src/main.cpp:251:8: warning: unused variable 'statusWord' [-Wunused-variable]
  251 |   char statusWord;
      |        ^~~~~~~~~~
arm-none-eabi-g++ -o "DeltaTPlus_STM32WB55RG_090525.elf" @"objects.list"   -mcpu=cortex-m4 -T"C:\Users\jaowe\Documents\Projects\DeltaTPlus_STM32WB55RG_Workspace\DeltaTPlus_STM32WB55RG_090525\STM32WB55RGVX_FLASH.ld" --specs=nosys.specs -Wl,-Map="DeltaTPlus_STM32WB55RG_090525.map" -Wl,--gc-sections -static -u _printf_float --specs=nano.specs -mfpu=fpv4-sp-d16 -mfloat-abi=hard -mthumb -u _printf_float -Wl,--start-group -lc -lm -lstdc++ -lsupc++ -Wl,--end-group
Finished building target: DeltaTPlus_STM32WB55RG_090525.elf
 
arm-none-eabi-size  DeltaTPlus_STM32WB55RG_090525.elf 
arm-none-eabi-objdump -h -S DeltaTPlus_STM32WB55RG_090525.elf  > "DeltaTPlus_STM32WB55RG_090525.list"
   text	   data	    bss	    dec	    hex	filename
 123816	   2989	  12379	 139184	  21fb0	DeltaTPlus_STM32WB55RG_090525.elf
Finished building: default.size.stdout
 
Finished building: DeltaTPlus_STM32WB55RG_090525.list
 
13:01:41 **** Incremental Build of configuration Debug for project DeltaTPlus_STM32WB55RG_090525 ****
make -j12 all 
arm-none-eabi-g++ "../Core/Src/main.cpp" -mcpu=cortex-m4 -std=gnu++14 -g3 -DDEBUG -DUSE_HAL_DRIVER -DSTM32WB55xx -c -I../Core/Inc -I../STM32_WPAN/App -I../USB_Device/App -I../USB_Device/Target -I../Drivers/STM32WBxx_HAL_Driver/Inc -I../Drivers/STM32WBxx_HAL_Driver/Inc/Legacy -I../Utilities/lpm/tiny_lpm -I../Middlewares/ST/STM32_WPAN -I../Middlewares/ST/STM32_WPAN/interface/patterns/ble_thread -I../Middlewares/ST/STM32_WPAN/interface/patterns/ble_thread/tl -I../Middlewares/ST/STM32_WPAN/interface/patterns/ble_thread/shci -I../Middlewares/ST/STM32_WPAN/utilities -I../Middlewares/ST/STM32_WPAN/ble/core -I../Middlewares/ST/STM32_WPAN/ble/core/auto -I../Middlewares/ST/STM32_WPAN/ble/core/template -I../Middlewares/ST/STM32_WPAN/ble/svc/Inc -I../Middlewares/ST/STM32_WPAN/ble/svc/Src -I../Middlewares/ST/STM32_USB_Device_Library/Core/Inc -I../Drivers/CMSIS/Device/ST/STM32WBxx/Include -I../Utilities/sequencer -I../Middlewares/ST/STM32_WPAN/ble -I../Drivers/CMSIS/Include -I"C:/Users/jaowe/Documents/Projects/DeltaTPlus_STM32WB55RG_Workspace/DeltaTPlus_STM32WB55RG_090525/Adafruit_GFX_Library-1.12.0" -I"C:/Users/jaowe/Documents/Projects/DeltaTPlus_STM32WB55RG_Workspace/DeltaTPlus_STM32WB55RG_090525/Adafruit_MAX31856_Library" -I"C:/Users/jaowe/Documents/Projects/DeltaTPlus_STM32WB55RG_Workspace/DeltaTPlus_STM32WB55RG_090525/Adafruit_1704X_Library" -I"C:/Users/jaowe/Documents/Projects/DeltaTPlus_STM32WB55RG_Workspace/DeltaTPlus_STM32WB55RG_090525/Screen" -I../Middlewares/ST/STM32_USB_Device_Library/Class/DFU/Inc -I"C:/Users/jaowe/Documents/Projects/DeltaTPlus_STM32WB55RG_Workspace/DeltaTPlus_STM32WB55RG_090525/AD7124_Library" -O0 -ffunction-sections -fdata-sections -fno-exceptions -fno-rtti -fno-use-cxa-atexit -Wall -pedantic -fstack-usage -fcyclomatic-complexity -MMD -MP -MF"Core/Src/main.d" -MT"Core/Src/main.o" --specs=nano.specs -mfpu=fpv4-sp-d16 -mfloat-abi=hard -mthumb -o "Core/Src/main.o"
In file included from ../Core/Src/main.cpp:38:
../Core/Inc/TEMP_MAX31856.h:59:1: warning: "/*" within comment [-Wcomment]
   59 | /** Noise filtering options enum. Use with setNoiseFilter()
      |  
../Core/Inc/TEMP_MAX31856.h:79:1: warning: "/*" within comment [-Wcomment]
   79 | /** Temperature conversion mode
      |  
../Core/Inc/TEMP_MAX31856.h:128:3: warning: "/*" within comment [-Wcomment]
  128 | } /* extern "C"
      |    
../Core/Src/main.cpp: In function 'int main()':
../Core/Src/main.cpp:251:8: warning: unused variable 'statusWord' [-Wunused-variable]
  251 |   char statusWord;
      |        ^~~~~~~~~~
arm-none-eabi-g++ -o "DeltaTPlus_STM32WB55RG_090525.elf" @"objects.list"   -mcpu=cortex-m4 -T"C:\Users\jaowe\Documents\Projects\DeltaTPlus_STM32WB55RG_Workspace\DeltaTPlus_STM32WB55RG_090525\STM32WB55RGVX_FLASH.ld" --specs=nosys.specs -Wl,-Map="DeltaTPlus_STM32WB55RG_090525.map" -Wl,--gc-sections -static -u _printf_float --specs=nano.specs -mfpu=fpv4-sp-d16 -mfloat-abi=hard -mthumb -u _printf_float -Wl,--start-group -lc -lm -lstdc++ -lsupc++ -Wl,--end-group
Finished building target: DeltaTPlus_STM32WB55RG_090525.elf
 
arm-none-eabi-size  DeltaTPlus_STM32WB55RG_090525.elf 
arm-none-eabi-objdump -h -S DeltaTPlus_STM32WB55RG_090525.elf  > "DeltaTPlus_STM32WB55RG_090525.list"
   text	   data	    bss	    dec	    hex	filename
 123896	   2989	  12379	 139264	  22000	DeltaTPlus_STM32WB55RG_090525.elf
Finished building: default.size.stdout
 
Finished building: DeltaTPlus_STM32WB55RG_090525.list
 
13:04:22 **** Incremental Build of configuration Debug for project DeltaTPlus_STM32WB55RG_090525 ****
make -j12 all 
arm-none-eabi-g++ "../Core/Src/main.cpp" -mcpu=cortex-m4 -std=gnu++14 -g3 -DDEBUG -DUSE_HAL_DRIVER -DSTM32WB55xx -c -I../Core/Inc -I../STM32_WPAN/App -I../USB_Device/App -I../USB_Device/Target -I../Drivers/STM32WBxx_HAL_Driver/Inc -I../Drivers/STM32WBxx_HAL_Driver/Inc/Legacy -I../Utilities/lpm/tiny_lpm -I../Middlewares/ST/STM32_WPAN -I../Middlewares/ST/STM32_WPAN/interface/patterns/ble_thread -I../Middlewares/ST/STM32_WPAN/interface/patterns/ble_thread/tl -I../Middlewares/ST/STM32_WPAN/interface/patterns/ble_thread/shci -I../Middlewares/ST/STM32_WPAN/utilities -I../Middlewares/ST/STM32_WPAN/ble/core -I../Middlewares/ST/STM32_WPAN/ble/core/auto -I../Middlewares/ST/STM32_WPAN/ble/core/template -I../Middlewares/ST/STM32_WPAN/ble/svc/Inc -I../Middlewares/ST/STM32_WPAN/ble/svc/Src -I../Middlewares/ST/STM32_USB_Device_Library/Core/Inc -I../Drivers/CMSIS/Device/ST/STM32WBxx/Include -I../Utilities/sequencer -I../Middlewares/ST/STM32_WPAN/ble -I../Drivers/CMSIS/Include -I"C:/Users/jaowe/Documents/Projects/DeltaTPlus_STM32WB55RG_Workspace/DeltaTPlus_STM32WB55RG_090525/Adafruit_GFX_Library-1.12.0" -I"C:/Users/jaowe/Documents/Projects/DeltaTPlus_STM32WB55RG_Workspace/DeltaTPlus_STM32WB55RG_090525/Adafruit_MAX31856_Library" -I"C:/Users/jaowe/Documents/Projects/DeltaTPlus_STM32WB55RG_Workspace/DeltaTPlus_STM32WB55RG_090525/Adafruit_1704X_Library" -I"C:/Users/jaowe/Documents/Projects/DeltaTPlus_STM32WB55RG_Workspace/DeltaTPlus_STM32WB55RG_090525/Screen" -I../Middlewares/ST/STM32_USB_Device_Library/Class/DFU/Inc -I"C:/Users/jaowe/Documents/Projects/DeltaTPlus_STM32WB55RG_Workspace/DeltaTPlus_STM32WB55RG_090525/AD7124_Library" -O0 -ffunction-sections -fdata-sections -fno-exceptions -fno-rtti -fno-use-cxa-atexit -Wall -pedantic -fstack-usage -fcyclomatic-complexity -MMD -MP -MF"Core/Src/main.d" -MT"Core/Src/main.o" --specs=nano.specs -mfpu=fpv4-sp-d16 -mfloat-abi=hard -mthumb -o "Core/Src/main.o"
In file included from ../Core/Src/main.cpp:38:
../Core/Inc/TEMP_MAX31856.h:59:1: warning: "/*" within comment [-Wcomment]
   59 | /** Noise filtering options enum. Use with setNoiseFilter()
      |  
../Core/Inc/TEMP_MAX31856.h:79:1: warning: "/*" within comment [-Wcomment]
   79 | /** Temperature conversion mode
      |  
../Core/Inc/TEMP_MAX31856.h:128:3: warning: "/*" within comment [-Wcomment]
  128 | } /* extern "C"
      |    
../Core/Src/main.cpp: In function 'int main()':
../Core/Src/main.cpp:355:16: warning: array subscript has type 'char' [-Wchar-subscripts]
  355 |         SBvolt[ch] = Ad7124Chip::toVoltage(SBraw[ch], 1, 1.0, true);
      |                ^~
../Core/Src/main.cpp:355:50: warning: array subscript has type 'char' [-Wchar-subscripts]
  355 |         SBvolt[ch] = Ad7124Chip::toVoltage(SBraw[ch], 1, 1.0, true);
      |                                                  ^~
../Core/Src/main.cpp:251:8: warning: unused variable 'statusWord' [-Wunused-variable]
  251 |   char statusWord;
      |        ^~~~~~~~~~
arm-none-eabi-g++ -o "DeltaTPlus_STM32WB55RG_090525.elf" @"objects.list"   -mcpu=cortex-m4 -T"C:\Users\jaowe\Documents\Projects\DeltaTPlus_STM32WB55RG_Workspace\DeltaTPlus_STM32WB55RG_090525\STM32WB55RGVX_FLASH.ld" --specs=nosys.specs -Wl,-Map="DeltaTPlus_STM32WB55RG_090525.map" -Wl,--gc-sections -static -u _printf_float --specs=nano.specs -mfpu=fpv4-sp-d16 -mfloat-abi=hard -mthumb -u _printf_float -Wl,--start-group -lc -lm -lstdc++ -lsupc++ -Wl,--end-group
Finished building target: DeltaTPlus_STM32WB55RG_090525.elf
 
arm-none-eabi-size  DeltaTPlus_STM32WB55RG_090525.elf 
arm-none-eabi-objdump -h -S DeltaTPlus_STM32WB55RG_090525.elf  > "DeltaTPlus_STM32WB55RG_090525.list"
   text	   data	    bss	    dec	    hex	filename
 123816	   2989	  12379	 139184	  21fb0	DeltaTPlus_STM32WB55RG_090525.elf
Finished building: default.size.stdout
 
Finished building: DeltaTPlus_STM32WB55RG_090525.list
 
13:07:42 **** Incremental Build of configuration Debug for project DeltaTPlus_STM32WB55RG_090525 ****
make -j12 all 
arm-none-eabi-g++ "../Core/Src/main.cpp" -mcpu=cortex-m4 -std=gnu++14 -g3 -DDEBUG -DUSE_HAL_DRIVER -DSTM32WB55xx -c -I../Core/Inc -I../STM32_WPAN/App -I../USB_Device/App -I../USB_Device/Target -I../Drivers/STM32WBxx_HAL_Driver/Inc -I../Drivers/STM32WBxx_HAL_Driver/Inc/Legacy -I../Utilities/lpm/tiny_lpm -I../Middlewares/ST/STM32_WPAN -I../Middlewares/ST/STM32_WPAN/interface/patterns/ble_thread -I../Middlewares/ST/STM32_WPAN/interface/patterns/ble_thread/tl -I../Middlewares/ST/STM32_WPAN/interface/patterns/ble_thread/shci -I../Middlewares/ST/STM32_WPAN/utilities -I../Middlewares/ST/STM32_WPAN/ble/core -I../Middlewares/ST/STM32_WPAN/ble/core/auto -I../Middlewares/ST/STM32_WPAN/ble/core/template -I../Middlewares/ST/STM32_WPAN/ble/svc/Inc -I../Middlewares/ST/STM32_WPAN/ble/svc/Src -I../Middlewares/ST/STM32_USB_Device_Library/Core/Inc -I../Drivers/CMSIS/Device/ST/STM32WBxx/Include -I../Utilities/sequencer -I../Middlewares/ST/STM32_WPAN/ble -I../Drivers/CMSIS/Include -I"C:/Users/jaowe/Documents/Projects/DeltaTPlus_STM32WB55RG_Workspace/DeltaTPlus_STM32WB55RG_090525/Adafruit_GFX_Library-1.12.0" -I"C:/Users/jaowe/Documents/Projects/DeltaTPlus_STM32WB55RG_Workspace/DeltaTPlus_STM32WB55RG_090525/Adafruit_MAX31856_Library" -I"C:/Users/jaowe/Documents/Projects/DeltaTPlus_STM32WB55RG_Workspace/DeltaTPlus_STM32WB55RG_090525/Adafruit_1704X_Library" -I"C:/Users/jaowe/Documents/Projects/DeltaTPlus_STM32WB55RG_Workspace/DeltaTPlus_STM32WB55RG_090525/Screen" -I../Middlewares/ST/STM32_USB_Device_Library/Class/DFU/Inc -I"C:/Users/jaowe/Documents/Projects/DeltaTPlus_STM32WB55RG_Workspace/DeltaTPlus_STM32WB55RG_090525/AD7124_Library" -O0 -ffunction-sections -fdata-sections -fno-exceptions -fno-rtti -fno-use-cxa-atexit -Wall -pedantic -fstack-usage -fcyclomatic-complexity -MMD -MP -MF"Core/Src/main.d" -MT"Core/Src/main.o" --specs=nano.specs -mfpu=fpv4-sp-d16 -mfloat-abi=hard -mthumb -o "Core/Src/main.o"
In file included from ../Core/Src/main.cpp:38:
../Core/Inc/TEMP_MAX31856.h:59:1: warning: "/*" within comment [-Wcomment]
   59 | /** Noise filtering options enum. Use with setNoiseFilter()
      |  
../Core/Inc/TEMP_MAX31856.h:79:1: warning: "/*" within comment [-Wcomment]
   79 | /** Temperature conversion mode
      |  
../Core/Inc/TEMP_MAX31856.h:128:3: warning: "/*" within comment [-Wcomment]
  128 | } /* extern "C"
      |    
../Core/Src/main.cpp: In function 'int main()':
../Core/Src/main.cpp:354:15: warning: array subscript has type 'char' [-Wchar-subscripts]
  354 |         SBraw[ch] = dataWord;
      |               ^~
../Core/Src/main.cpp:355:16: warning: array subscript has type 'char' [-Wchar-subscripts]
  355 |         SBvolt[ch] = Ad7124Chip::toVoltage(SBraw[ch], 1, 1.0, true);
      |                ^~
../Core/Src/main.cpp:355:50: warning: array subscript has type 'char' [-Wchar-subscripts]
  355 |         SBvolt[ch] = Ad7124Chip::toVoltage(SBraw[ch], 1, 1.0, true);
      |                                                  ^~
../Core/Src/main.cpp:251:8: warning: unused variable 'statusWord' [-Wunused-variable]
  251 |   char statusWord;
      |        ^~~~~~~~~~
arm-none-eabi-g++ -o "DeltaTPlus_STM32WB55RG_090525.elf" @"objects.list"   -mcpu=cortex-m4 -T"C:\Users\jaowe\Documents\Projects\DeltaTPlus_STM32WB55RG_Workspace\DeltaTPlus_STM32WB55RG_090525\STM32WB55RGVX_FLASH.ld" --specs=nosys.specs -Wl,-Map="DeltaTPlus_STM32WB55RG_090525.map" -Wl,--gc-sections -static -u _printf_float --specs=nano.specs -mfpu=fpv4-sp-d16 -mfloat-abi=hard -mthumb -u _printf_float -Wl,--start-group -lc -lm -lstdc++ -lsupc++ -Wl,--end-group
Finished building target: DeltaTPlus_STM32WB55RG_090525.elf
 
arm-none-eabi-size  DeltaTPlus_STM32WB55RG_090525.elf 
arm-none-eabi-objdump -h -S DeltaTPlus_STM32WB55RG_090525.elf  > "DeltaTPlus_STM32WB55RG_090525.list"
   text	   data	    bss	    dec	    hex	filename
 123808	   2989	  12379	 139176	  21fa8	DeltaTPlus_STM32WB55RG_090525.elf
Finished building: default.size.stdout
 
Finished building: DeltaTPlus_STM32WB55RG_090525.list
 
13:09:26 **** Incremental Build of configuration Debug for project DeltaTPlus_STM32WB55RG_090525 ****
make -j12 all 
arm-none-eabi-g++ "../Core/Src/main.cpp" -mcpu=cortex-m4 -std=gnu++14 -g3 -DDEBUG -DUSE_HAL_DRIVER -DSTM32WB55xx -c -I../Core/Inc -I../STM32_WPAN/App -I../USB_Device/App -I../USB_Device/Target -I../Drivers/STM32WBxx_HAL_Driver/Inc -I../Drivers/STM32WBxx_HAL_Driver/Inc/Legacy -I../Utilities/lpm/tiny_lpm -I../Middlewares/ST/STM32_WPAN -I../Middlewares/ST/STM32_WPAN/interface/patterns/ble_thread -I../Middlewares/ST/STM32_WPAN/interface/patterns/ble_thread/tl -I../Middlewares/ST/STM32_WPAN/interface/patterns/ble_thread/shci -I../Middlewares/ST/STM32_WPAN/utilities -I../Middlewares/ST/STM32_WPAN/ble/core -I../Middlewares/ST/STM32_WPAN/ble/core/auto -I../Middlewares/ST/STM32_WPAN/ble/core/template -I../Middlewares/ST/STM32_WPAN/ble/svc/Inc -I../Middlewares/ST/STM32_WPAN/ble/svc/Src -I../Middlewares/ST/STM32_USB_Device_Library/Core/Inc -I../Drivers/CMSIS/Device/ST/STM32WBxx/Include -I../Utilities/sequencer -I../Middlewares/ST/STM32_WPAN/ble -I../Drivers/CMSIS/Include -I"C:/Users/jaowe/Documents/Projects/DeltaTPlus_STM32WB55RG_Workspace/DeltaTPlus_STM32WB55RG_090525/Adafruit_GFX_Library-1.12.0" -I"C:/Users/jaowe/Documents/Projects/DeltaTPlus_STM32WB55RG_Workspace/DeltaTPlus_STM32WB55RG_090525/Adafruit_MAX31856_Library" -I"C:/Users/jaowe/Documents/Projects/DeltaTPlus_STM32WB55RG_Workspace/DeltaTPlus_STM32WB55RG_090525/Adafruit_1704X_Library" -I"C:/Users/jaowe/Documents/Projects/DeltaTPlus_STM32WB55RG_Workspace/DeltaTPlus_STM32WB55RG_090525/Screen" -I../Middlewares/ST/STM32_USB_Device_Library/Class/DFU/Inc -I"C:/Users/jaowe/Documents/Projects/DeltaTPlus_STM32WB55RG_Workspace/DeltaTPlus_STM32WB55RG_090525/AD7124_Library" -O0 -ffunction-sections -fdata-sections -fno-exceptions -fno-rtti -fno-use-cxa-atexit -Wall -pedantic -fstack-usage -fcyclomatic-complexity -MMD -MP -MF"Core/Src/main.d" -MT"Core/Src/main.o" --specs=nano.specs -mfpu=fpv4-sp-d16 -mfloat-abi=hard -mthumb -o "Core/Src/main.o"
In file included from ../Core/Src/main.cpp:38:
../Core/Inc/TEMP_MAX31856.h:59:1: warning: "/*" within comment [-Wcomment]
   59 | /** Noise filtering options enum. Use with setNoiseFilter()
      |  
../Core/Inc/TEMP_MAX31856.h:79:1: warning: "/*" within comment [-Wcomment]
   79 | /** Temperature conversion mode
      |  
../Core/Inc/TEMP_MAX31856.h:128:3: warning: "/*" within comment [-Wcomment]
  128 | } /* extern "C"
      |    
../Core/Src/main.cpp: In function 'int main()':
../Core/Src/main.cpp:354:15: warning: array subscript has type 'char' [-Wchar-subscripts]
  354 |         SBraw[ch] = dataWord;
      |               ^~
../Core/Src/main.cpp:355:16: warning: array subscript has type 'char' [-Wchar-subscripts]
  355 |         SBvolt[ch] = Ad7124Chip::toVoltage(SBraw[ch], 1, 1.0, true);
      |                ^~
../Core/Src/main.cpp:355:50: warning: array subscript has type 'char' [-Wchar-subscripts]
  355 |         SBvolt[ch] = Ad7124Chip::toVoltage(SBraw[ch], 1, 1.0, true);
      |                                                  ^~
../Core/Src/main.cpp:251:8: warning: unused variable 'statusWord' [-Wunused-variable]
  251 |   char statusWord;
      |        ^~~~~~~~~~
arm-none-eabi-g++ -o "DeltaTPlus_STM32WB55RG_090525.elf" @"objects.list"   -mcpu=cortex-m4 -T"C:\Users\jaowe\Documents\Projects\DeltaTPlus_STM32WB55RG_Workspace\DeltaTPlus_STM32WB55RG_090525\STM32WB55RGVX_FLASH.ld" --specs=nosys.specs -Wl,-Map="DeltaTPlus_STM32WB55RG_090525.map" -Wl,--gc-sections -static -u _printf_float --specs=nano.specs -mfpu=fpv4-sp-d16 -mfloat-abi=hard -mthumb -u _printf_float -Wl,--start-group -lc -lm -lstdc++ -lsupc++ -Wl,--end-group
Finished building target: DeltaTPlus_STM32WB55RG_090525.elf
 
arm-none-eabi-size  DeltaTPlus_STM32WB55RG_090525.elf 
arm-none-eabi-objdump -h -S DeltaTPlus_STM32WB55RG_090525.elf  > "DeltaTPlus_STM32WB55RG_090525.list"
   text	   data	    bss	    dec	    hex	filename
 123808	   2989	  12379	 139176	  21fa8	DeltaTPlus_STM32WB55RG_090525.elf
Finished building: default.size.stdout
 
Finished building: DeltaTPlus_STM32WB55RG_090525.list
 
13:10:42 **** Incremental Build of configuration Debug for project DeltaTPlus_STM32WB55RG_090525 ****
make -j12 all 
arm-none-eabi-g++ "../Core/Src/main.cpp" -mcpu=cortex-m4 -std=gnu++14 -g3 -DDEBUG -DUSE_HAL_DRIVER -DSTM32WB55xx -c -I../Core/Inc -I../STM32_WPAN/App -I../USB_Device/App -I../USB_Device/Target -I../Drivers/STM32WBxx_HAL_Driver/Inc -I../Drivers/STM32WBxx_HAL_Driver/Inc/Legacy -I../Utilities/lpm/tiny_lpm -I../Middlewares/ST/STM32_WPAN -I../Middlewares/ST/STM32_WPAN/interface/patterns/ble_thread -I../Middlewares/ST/STM32_WPAN/interface/patterns/ble_thread/tl -I../Middlewares/ST/STM32_WPAN/interface/patterns/ble_thread/shci -I../Middlewares/ST/STM32_WPAN/utilities -I../Middlewares/ST/STM32_WPAN/ble/core -I../Middlewares/ST/STM32_WPAN/ble/core/auto -I../Middlewares/ST/STM32_WPAN/ble/core/template -I../Middlewares/ST/STM32_WPAN/ble/svc/Inc -I../Middlewares/ST/STM32_WPAN/ble/svc/Src -I../Middlewares/ST/STM32_USB_Device_Library/Core/Inc -I../Drivers/CMSIS/Device/ST/STM32WBxx/Include -I../Utilities/sequencer -I../Middlewares/ST/STM32_WPAN/ble -I../Drivers/CMSIS/Include -I"C:/Users/jaowe/Documents/Projects/DeltaTPlus_STM32WB55RG_Workspace/DeltaTPlus_STM32WB55RG_090525/Adafruit_GFX_Library-1.12.0" -I"C:/Users/jaowe/Documents/Projects/DeltaTPlus_STM32WB55RG_Workspace/DeltaTPlus_STM32WB55RG_090525/Adafruit_MAX31856_Library" -I"C:/Users/jaowe/Documents/Projects/DeltaTPlus_STM32WB55RG_Workspace/DeltaTPlus_STM32WB55RG_090525/Adafruit_1704X_Library" -I"C:/Users/jaowe/Documents/Projects/DeltaTPlus_STM32WB55RG_Workspace/DeltaTPlus_STM32WB55RG_090525/Screen" -I../Middlewares/ST/STM32_USB_Device_Library/Class/DFU/Inc -I"C:/Users/jaowe/Documents/Projects/DeltaTPlus_STM32WB55RG_Workspace/DeltaTPlus_STM32WB55RG_090525/AD7124_Library" -O0 -ffunction-sections -fdata-sections -fno-exceptions -fno-rtti -fno-use-cxa-atexit -Wall -pedantic -fstack-usage -fcyclomatic-complexity -MMD -MP -MF"Core/Src/main.d" -MT"Core/Src/main.o" --specs=nano.specs -mfpu=fpv4-sp-d16 -mfloat-abi=hard -mthumb -o "Core/Src/main.o"
In file included from ../Core/Src/main.cpp:38:
../Core/Inc/TEMP_MAX31856.h:59:1: warning: "/*" within comment [-Wcomment]
   59 | /** Noise filtering options enum. Use with setNoiseFilter()
      |  
../Core/Inc/TEMP_MAX31856.h:79:1: warning: "/*" within comment [-Wcomment]
   79 | /** Temperature conversion mode
      |  
../Core/Inc/TEMP_MAX31856.h:128:3: warning: "/*" within comment [-Wcomment]
  128 | } /* extern "C"
      |    
../Core/Src/main.cpp: In function 'int main()':
../Core/Src/main.cpp:354:15: warning: array subscript has type 'char' [-Wchar-subscripts]
  354 |         SBraw[ch] = dataWord;
      |               ^~
../Core/Src/main.cpp:355:16: warning: array subscript has type 'char' [-Wchar-subscripts]
  355 |         SBvolt[ch] = Ad7124Chip::toVoltage(SBraw[ch], 1, 1.0, true);
      |                ^~
../Core/Src/main.cpp:355:50: warning: array subscript has type 'char' [-Wchar-subscripts]
  355 |         SBvolt[ch] = Ad7124Chip::toVoltage(SBraw[ch], 1, 1.0, true);
      |                                                  ^~
../Core/Src/main.cpp:251:8: warning: unused variable 'statusWord' [-Wunused-variable]
  251 |   char statusWord;
      |        ^~~~~~~~~~
arm-none-eabi-g++ -o "DeltaTPlus_STM32WB55RG_090525.elf" @"objects.list"   -mcpu=cortex-m4 -T"C:\Users\jaowe\Documents\Projects\DeltaTPlus_STM32WB55RG_Workspace\DeltaTPlus_STM32WB55RG_090525\STM32WB55RGVX_FLASH.ld" --specs=nosys.specs -Wl,-Map="DeltaTPlus_STM32WB55RG_090525.map" -Wl,--gc-sections -static -u _printf_float --specs=nano.specs -mfpu=fpv4-sp-d16 -mfloat-abi=hard -mthumb -u _printf_float -Wl,--start-group -lc -lm -lstdc++ -lsupc++ -Wl,--end-group
Finished building target: DeltaTPlus_STM32WB55RG_090525.elf
 
arm-none-eabi-size  DeltaTPlus_STM32WB55RG_090525.elf 
arm-none-eabi-objdump -h -S DeltaTPlus_STM32WB55RG_090525.elf  > "DeltaTPlus_STM32WB55RG_090525.list"
   text	   data	    bss	    dec	    hex	filename
 123808	   2989	  12379	 139176	  21fa8	DeltaTPlus_STM32WB55RG_090525.elf
Finished building: default.size.stdout
 
Finished building: DeltaTPlus_STM32WB55RG_090525.list
 
13:13:58 **** Incremental Build of configuration Debug for project DeltaTPlus_STM32WB55RG_090525 ****
make -j12 all 
arm-none-eabi-g++ "../Core/Src/main.cpp" -mcpu=cortex-m4 -std=gnu++14 -g3 -DDEBUG -DUSE_HAL_DRIVER -DSTM32WB55xx -c -I../Core/Inc -I../STM32_WPAN/App -I../USB_Device/App -I../USB_Device/Target -I../Drivers/STM32WBxx_HAL_Driver/Inc -I../Drivers/STM32WBxx_HAL_Driver/Inc/Legacy -I../Utilities/lpm/tiny_lpm -I../Middlewares/ST/STM32_WPAN -I../Middlewares/ST/STM32_WPAN/interface/patterns/ble_thread -I../Middlewares/ST/STM32_WPAN/interface/patterns/ble_thread/tl -I../Middlewares/ST/STM32_WPAN/interface/patterns/ble_thread/shci -I../Middlewares/ST/STM32_WPAN/utilities -I../Middlewares/ST/STM32_WPAN/ble/core -I../Middlewares/ST/STM32_WPAN/ble/core/auto -I../Middlewares/ST/STM32_WPAN/ble/core/template -I../Middlewares/ST/STM32_WPAN/ble/svc/Inc -I../Middlewares/ST/STM32_WPAN/ble/svc/Src -I../Middlewares/ST/STM32_USB_Device_Library/Core/Inc -I../Drivers/CMSIS/Device/ST/STM32WBxx/Include -I../Utilities/sequencer -I../Middlewares/ST/STM32_WPAN/ble -I../Drivers/CMSIS/Include -I"C:/Users/jaowe/Documents/Projects/DeltaTPlus_STM32WB55RG_Workspace/DeltaTPlus_STM32WB55RG_090525/Adafruit_GFX_Library-1.12.0" -I"C:/Users/jaowe/Documents/Projects/DeltaTPlus_STM32WB55RG_Workspace/DeltaTPlus_STM32WB55RG_090525/Adafruit_MAX31856_Library" -I"C:/Users/jaowe/Documents/Projects/DeltaTPlus_STM32WB55RG_Workspace/DeltaTPlus_STM32WB55RG_090525/Adafruit_1704X_Library" -I"C:/Users/jaowe/Documents/Projects/DeltaTPlus_STM32WB55RG_Workspace/DeltaTPlus_STM32WB55RG_090525/Screen" -I../Middlewares/ST/STM32_USB_Device_Library/Class/DFU/Inc -I"C:/Users/jaowe/Documents/Projects/DeltaTPlus_STM32WB55RG_Workspace/DeltaTPlus_STM32WB55RG_090525/AD7124_Library" -O0 -ffunction-sections -fdata-sections -fno-exceptions -fno-rtti -fno-use-cxa-atexit -Wall -pedantic -fstack-usage -fcyclomatic-complexity -MMD -MP -MF"Core/Src/main.d" -MT"Core/Src/main.o" --specs=nano.specs -mfpu=fpv4-sp-d16 -mfloat-abi=hard -mthumb -o "Core/Src/main.o"
In file included from ../Core/Src/main.cpp:38:
../Core/Inc/TEMP_MAX31856.h:59:1: warning: "/*" within comment [-Wcomment]
   59 | /** Noise filtering options enum. Use with setNoiseFilter()
      |  
../Core/Inc/TEMP_MAX31856.h:79:1: warning: "/*" within comment [-Wcomment]
   79 | /** Temperature conversion mode
      |  
../Core/Inc/TEMP_MAX31856.h:128:3: warning: "/*" within comment [-Wcomment]
  128 | } /* extern "C"
      |    
../Core/Src/main.cpp: In function 'int main()':
../Core/Src/main.cpp:354:15: warning: array subscript has type 'char' [-Wchar-subscripts]
  354 |         SBraw[ch] = dataWord;
      |               ^~
../Core/Src/main.cpp:355:16: warning: array subscript has type 'char' [-Wchar-subscripts]
  355 |         SBvolt[ch] = Ad7124Chip::toVoltage(SBraw[ch], 1, 1.0, true);
      |                ^~
../Core/Src/main.cpp:355:50: warning: array subscript has type 'char' [-Wchar-subscripts]
  355 |         SBvolt[ch] = Ad7124Chip::toVoltage(SBraw[ch], 1, 1.0, true);
      |                                                  ^~
../Core/Src/main.cpp:251:8: warning: unused variable 'statusWord' [-Wunused-variable]
  251 |   char statusWord;
      |        ^~~~~~~~~~
arm-none-eabi-g++ -o "DeltaTPlus_STM32WB55RG_090525.elf" @"objects.list"   -mcpu=cortex-m4 -T"C:\Users\jaowe\Documents\Projects\DeltaTPlus_STM32WB55RG_Workspace\DeltaTPlus_STM32WB55RG_090525\STM32WB55RGVX_FLASH.ld" --specs=nosys.specs -Wl,-Map="DeltaTPlus_STM32WB55RG_090525.map" -Wl,--gc-sections -static -u _printf_float --specs=nano.specs -mfpu=fpv4-sp-d16 -mfloat-abi=hard -mthumb -u _printf_float -Wl,--start-group -lc -lm -lstdc++ -lsupc++ -Wl,--end-group
Finished building target: DeltaTPlus_STM32WB55RG_090525.elf
 
arm-none-eabi-size  DeltaTPlus_STM32WB55RG_090525.elf 
arm-none-eabi-objdump -h -S DeltaTPlus_STM32WB55RG_090525.elf  > "DeltaTPlus_STM32WB55RG_090525.list"
   text	   data	    bss	    dec	    hex	filename
 123808	   2989	  12379	 139176	  21fa8	DeltaTPlus_STM32WB55RG_090525.elf
Finished building: default.size.stdout
 
Finished building: DeltaTPlus_STM32WB55RG_090525.list
 
13:16:57 **** Incremental Build of configuration Debug for project DeltaTPlus_STM32WB55RG_090525 ****
make -j12 all 
arm-none-eabi-g++ "../Core/Src/main.cpp" -mcpu=cortex-m4 -std=gnu++14 -g3 -DDEBUG -DUSE_HAL_DRIVER -DSTM32WB55xx -c -I../Core/Inc -I../STM32_WPAN/App -I../USB_Device/App -I../USB_Device/Target -I../Drivers/STM32WBxx_HAL_Driver/Inc -I../Drivers/STM32WBxx_HAL_Driver/Inc/Legacy -I../Utilities/lpm/tiny_lpm -I../Middlewares/ST/STM32_WPAN -I../Middlewares/ST/STM32_WPAN/interface/patterns/ble_thread -I../Middlewares/ST/STM32_WPAN/interface/patterns/ble_thread/tl -I../Middlewares/ST/STM32_WPAN/interface/patterns/ble_thread/shci -I../Middlewares/ST/STM32_WPAN/utilities -I../Middlewares/ST/STM32_WPAN/ble/core -I../Middlewares/ST/STM32_WPAN/ble/core/auto -I../Middlewares/ST/STM32_WPAN/ble/core/template -I../Middlewares/ST/STM32_WPAN/ble/svc/Inc -I../Middlewares/ST/STM32_WPAN/ble/svc/Src -I../Middlewares/ST/STM32_USB_Device_Library/Core/Inc -I../Drivers/CMSIS/Device/ST/STM32WBxx/Include -I../Utilities/sequencer -I../Middlewares/ST/STM32_WPAN/ble -I../Drivers/CMSIS/Include -I"C:/Users/jaowe/Documents/Projects/DeltaTPlus_STM32WB55RG_Workspace/DeltaTPlus_STM32WB55RG_090525/Adafruit_GFX_Library-1.12.0" -I"C:/Users/jaowe/Documents/Projects/DeltaTPlus_STM32WB55RG_Workspace/DeltaTPlus_STM32WB55RG_090525/Adafruit_MAX31856_Library" -I"C:/Users/jaowe/Documents/Projects/DeltaTPlus_STM32WB55RG_Workspace/DeltaTPlus_STM32WB55RG_090525/Adafruit_1704X_Library" -I"C:/Users/jaowe/Documents/Projects/DeltaTPlus_STM32WB55RG_Workspace/DeltaTPlus_STM32WB55RG_090525/Screen" -I../Middlewares/ST/STM32_USB_Device_Library/Class/DFU/Inc -I"C:/Users/jaowe/Documents/Projects/DeltaTPlus_STM32WB55RG_Workspace/DeltaTPlus_STM32WB55RG_090525/AD7124_Library" -O0 -ffunction-sections -fdata-sections -fno-exceptions -fno-rtti -fno-use-cxa-atexit -Wall -pedantic -fstack-usage -fcyclomatic-complexity -MMD -MP -MF"Core/Src/main.d" -MT"Core/Src/main.o" --specs=nano.specs -mfpu=fpv4-sp-d16 -mfloat-abi=hard -mthumb -o "Core/Src/main.o"
In file included from ../Core/Src/main.cpp:38:
../Core/Inc/TEMP_MAX31856.h:59:1: warning: "/*" within comment [-Wcomment]
   59 | /** Noise filtering options enum. Use with setNoiseFilter()
      |  
../Core/Inc/TEMP_MAX31856.h:79:1: warning: "/*" within comment [-Wcomment]
   79 | /** Temperature conversion mode
      |  
../Core/Inc/TEMP_MAX31856.h:128:3: warning: "/*" within comment [-Wcomment]
  128 | } /* extern "C"
      |    
../Core/Src/main.cpp: In function 'int main()':
../Core/Src/main.cpp:354:15: warning: array subscript has type 'char' [-Wchar-subscripts]
  354 |         SBraw[ch] = dataWord;
      |               ^~
../Core/Src/main.cpp:355:16: warning: array subscript has type 'char' [-Wchar-subscripts]
  355 |         SBvolt[ch] = Ad7124Chip::toVoltage(SBraw[ch], 128, 1.0, true);
      |                ^~
../Core/Src/main.cpp:355:50: warning: array subscript has type 'char' [-Wchar-subscripts]
  355 |         SBvolt[ch] = Ad7124Chip::toVoltage(SBraw[ch], 128, 1.0, true);
      |                                                  ^~
../Core/Src/main.cpp:251:8: warning: unused variable 'statusWord' [-Wunused-variable]
  251 |   char statusWord;
      |        ^~~~~~~~~~
arm-none-eabi-g++ -o "DeltaTPlus_STM32WB55RG_090525.elf" @"objects.list"   -mcpu=cortex-m4 -T"C:\Users\jaowe\Documents\Projects\DeltaTPlus_STM32WB55RG_Workspace\DeltaTPlus_STM32WB55RG_090525\STM32WB55RGVX_FLASH.ld" --specs=nosys.specs -Wl,-Map="DeltaTPlus_STM32WB55RG_090525.map" -Wl,--gc-sections -static -u _printf_float --specs=nano.specs -mfpu=fpv4-sp-d16 -mfloat-abi=hard -mthumb -u _printf_float -Wl,--start-group -lc -lm -lstdc++ -lsupc++ -Wl,--end-group
Finished building target: DeltaTPlus_STM32WB55RG_090525.elf
 
arm-none-eabi-size  DeltaTPlus_STM32WB55RG_090525.elf 
arm-none-eabi-objdump -h -S DeltaTPlus_STM32WB55RG_090525.elf  > "DeltaTPlus_STM32WB55RG_090525.list"
   text	   data	    bss	    dec	    hex	filename
 123808	   2989	  12379	 139176	  21fa8	DeltaTPlus_STM32WB55RG_090525.elf
Finished building: default.size.stdout
 
Finished building: DeltaTPlus_STM32WB55RG_090525.list
 
04:07:55 **** Incremental Build of configuration Debug for project DeltaTPlus_STM32WB55RG_090525 ****
make -j12 all 
arm-none-eabi-gcc -mcpu=cortex-m4 -g3 -DDEBUG -c -x assembler-with-cpp -MMD -MP -MF"Core/Startup/startup_stm32wb55rgvx.d" -MT"Core/Startup/startup_stm32wb55rgvx.o" --specs=nano.specs -mfpu=fpv4-sp-d16 -mfloat-abi=hard -mthumb -o "Core/Startup/startup_stm32wb55rgvx.o" "../Core/Startup/startup_stm32wb55rgvx.s"
arm-none-eabi-g++ "../Core/Src/main.cpp" -mcpu=cortex-m4 -std=gnu++14 -g3 -DDEBUG -DUSE_HAL_DRIVER -DSTM32WB55xx -c -I../Core/Inc -I../STM32_WPAN/App -I../USB_Device/App -I../USB_Device/Target -I../Drivers/STM32WBxx_HAL_Driver/Inc -I../Drivers/STM32WBxx_HAL_Driver/Inc/Legacy -I../Utilities/lpm/tiny_lpm -I../Middlewares/ST/STM32_WPAN -I../Middlewares/ST/STM32_WPAN/interface/patterns/ble_thread -I../Middlewares/ST/STM32_WPAN/interface/patterns/ble_thread/tl -I../Middlewares/ST/STM32_WPAN/interface/patterns/ble_thread/shci -I../Middlewares/ST/STM32_WPAN/utilities -I../Middlewares/ST/STM32_WPAN/ble/core -I../Middlewares/ST/STM32_WPAN/ble/core/auto -I../Middlewares/ST/STM32_WPAN/ble/core/template -I../Middlewares/ST/STM32_WPAN/ble/svc/Inc -I../Middlewares/ST/STM32_WPAN/ble/svc/Src -I../Middlewares/ST/STM32_USB_Device_Library/Core/Inc -I../Drivers/CMSIS/Device/ST/STM32WBxx/Include -I../Utilities/sequencer -I../Middlewares/ST/STM32_WPAN/ble -I../Drivers/CMSIS/Include -I"C:/Users/jaowe/Documents/Projects/DeltaTPlus_STM32WB55RG_Workspace/DeltaTPlus_STM32WB55RG_090525/Adafruit_GFX_Library-1.12.0" -I"C:/Users/jaowe/Documents/Projects/DeltaTPlus_STM32WB55RG_Workspace/DeltaTPlus_STM32WB55RG_090525/Adafruit_MAX31856_Library" -I"C:/Users/jaowe/Documents/Projects/DeltaTPlus_STM32WB55RG_Workspace/DeltaTPlus_STM32WB55RG_090525/Adafruit_1704X_Library" -I"C:/Users/jaowe/Documents/Projects/DeltaTPlus_STM32WB55RG_Workspace/DeltaTPlus_STM32WB55RG_090525/Screen" -I../Middlewares/ST/STM32_USB_Device_Library/Class/DFU/Inc -I"C:/Users/jaowe/Documents/Projects/DeltaTPlus_STM32WB55RG_Workspace/DeltaTPlus_STM32WB55RG_090525/AD7124_Library" -O0 -ffunction-sections -fdata-sections -fno-exceptions -fno-rtti -fno-use-cxa-atexit -Wall -pedantic -fstack-usage -fcyclomatic-complexity -MMD -MP -MF"Core/Src/main.d" -MT"Core/Src/main.o" --specs=nano.specs -mfpu=fpv4-sp-d16 -mfloat-abi=hard -mthumb -o "Core/Src/main.o"
arm-none-eabi-g++ "../AD7124_Library/ad7124-private.cpp" -mcpu=cortex-m4 -std=gnu++14 -g3 -DDEBUG -DUSE_HAL_DRIVER -DSTM32WB55xx -c -I../Core/Inc -I../STM32_WPAN/App -I../USB_Device/App -I../USB_Device/Target -I../Drivers/STM32WBxx_HAL_Driver/Inc -I../Drivers/STM32WBxx_HAL_Driver/Inc/Legacy -I../Utilities/lpm/tiny_lpm -I../Middlewares/ST/STM32_WPAN -I../Middlewares/ST/STM32_WPAN/interface/patterns/ble_thread -I../Middlewares/ST/STM32_WPAN/interface/patterns/ble_thread/tl -I../Middlewares/ST/STM32_WPAN/interface/patterns/ble_thread/shci -I../Middlewares/ST/STM32_WPAN/utilities -I../Middlewares/ST/STM32_WPAN/ble/core -I../Middlewares/ST/STM32_WPAN/ble/core/auto -I../Middlewares/ST/STM32_WPAN/ble/core/template -I../Middlewares/ST/STM32_WPAN/ble/svc/Inc -I../Middlewares/ST/STM32_WPAN/ble/svc/Src -I../Middlewares/ST/STM32_USB_Device_Library/Core/Inc -I../Drivers/CMSIS/Device/ST/STM32WBxx/Include -I../Utilities/sequencer -I../Middlewares/ST/STM32_WPAN/ble -I../Drivers/CMSIS/Include -I"C:/Users/jaowe/Documents/Projects/DeltaTPlus_STM32WB55RG_Workspace/DeltaTPlus_STM32WB55RG_090525/Adafruit_GFX_Library-1.12.0" -I"C:/Users/jaowe/Documents/Projects/DeltaTPlus_STM32WB55RG_Workspace/DeltaTPlus_STM32WB55RG_090525/Adafruit_MAX31856_Library" -I"C:/Users/jaowe/Documents/Projects/DeltaTPlus_STM32WB55RG_Workspace/DeltaTPlus_STM32WB55RG_090525/Adafruit_1704X_Library" -I"C:/Users/jaowe/Documents/Projects/DeltaTPlus_STM32WB55RG_Workspace/DeltaTPlus_STM32WB55RG_090525/Screen" -I../Middlewares/ST/STM32_USB_Device_Library/Class/DFU/Inc -I"C:/Users/jaowe/Documents/Projects/DeltaTPlus_STM32WB55RG_Workspace/DeltaTPlus_STM32WB55RG_090525/AD7124_Library" -O0 -ffunction-sections -fdata-sections -fno-exceptions -fno-rtti -fno-use-cxa-atexit -Wall -pedantic -fstack-usage -fcyclomatic-complexity -MMD -MP -MF"AD7124_Library/ad7124-private.d" -MT"AD7124_Library/ad7124-private.o" --specs=nano.specs -mfpu=fpv4-sp-d16 -mfloat-abi=hard -mthumb -o "AD7124_Library/ad7124-private.o"
../Core/Startup/startup_stm32wb55rgvx.s: Assembler messages:
../Core/Startup/startup_stm32wb55rgvx.s:96: Error: bad instruction `rh r r r ldr r0,=_estack'
make: *** [Core/Startup/subdir.mk:19: Core/Startup/startup_stm32wb55rgvx.o] Error 1
make: *** Waiting for unfinished jobs....
In file included from ../Core/Src/main.cpp:38:
../Core/Inc/TEMP_MAX31856.h:59:1: warning: "/*" within comment [-Wcomment]
   59 | /** Noise filtering options enum. Use with setNoiseFilter()
      |  
../Core/Inc/TEMP_MAX31856.h:79:1: warning: "/*" within comment [-Wcomment]
   79 | /** Temperature conversion mode
      |  
../Core/Inc/TEMP_MAX31856.h:128:3: warning: "/*" within comment [-Wcomment]
  128 | } /* extern "C"
      |    
../Core/Src/main.cpp: In function 'int main()':
../Core/Src/main.cpp:353:15: warning: array subscript has type 'char' [-Wchar-subscripts]
  353 |         SBraw[ch] = dataWord;
      |               ^~
../Core/Src/main.cpp:357:18: warning: array subscript has type 'char' [-Wchar-subscripts]
  357 |           SBvolt[ch] = Ad7124Chip::toVoltage(SBraw[ch], 1, 1.0, true);
      |                  ^~
../Core/Src/main.cpp:357:52: warning: array subscript has type 'char' [-Wchar-subscripts]
  357 |           SBvolt[ch] = Ad7124Chip::toVoltage(SBraw[ch], 1, 1.0, true);
      |                                                    ^~
../Core/Src/main.cpp:361:18: warning: array subscript has type 'char' [-Wchar-subscripts]
  361 |           SBvolt[ch] = Ad7124Chip::toVoltage(SBraw[ch], 128, 2.5, true);
      |                  ^~
../Core/Src/main.cpp:361:52: warning: array subscript has type 'char' [-Wchar-subscripts]
  361 |           SBvolt[ch] = Ad7124Chip::toVoltage(SBraw[ch], 128, 2.5, true);
      |                                                    ^~
../Core/Src/main.cpp:251:8: warning: unused variable 'statusWord' [-Wunused-variable]
  251 |   char statusWord;
      |        ^~~~~~~~~~
"make -j12 all" terminated with exit code 2. Build might be incomplete.
04:08:00 **** Incremental Build of configuration Debug for project DeltaTPlus_STM32WB55RG_090525 ****
make -j12 all 
arm-none-eabi-gcc -mcpu=cortex-m4 -g3 -DDEBUG -c -x assembler-with-cpp -MMD -MP -MF"Core/Startup/startup_stm32wb55rgvx.d" -MT"Core/Startup/startup_stm32wb55rgvx.o" --specs=nano.specs -mfpu=fpv4-sp-d16 -mfloat-abi=hard -mthumb -o "Core/Startup/startup_stm32wb55rgvx.o" "../Core/Startup/startup_stm32wb55rgvx.s"
../Core/Startup/startup_stm32wb55rgvx.s: Assembler messages:
../Core/Startup/startup_stm32wb55rgvx.s:96: Error: bad instruction `rh r r r ldr r0,=_estack'
make: *** [Core/Startup/subdir.mk:19: Core/Startup/startup_stm32wb55rgvx.o] Error 1
"make -j12 all" terminated with exit code 2. Build might be incomplete.
04:08:18 **** Incremental Build of configuration Debug for project DeltaTPlus_STM32WB55RG_090525 ****
make -j12 all 
arm-none-eabi-gcc -mcpu=cortex-m4 -g3 -DDEBUG -c -x assembler-with-cpp -MMD -MP -MF"Core/Startup/startup_stm32wb55rgvx.d" -MT"Core/Startup/startup_stm32wb55rgvx.o" --specs=nano.specs -mfpu=fpv4-sp-d16 -mfloat-abi=hard -mthumb -o "Core/Startup/startup_stm32wb55rgvx.o" "../Core/Startup/startup_stm32wb55rgvx.s"
../Core/Startup/startup_stm32wb55rgvx.s: Assembler messages:
../Core/Startup/startup_stm32wb55rgvx.s:96: Error: bad instruction `rh r r r ldr r0,=_estack'
make: *** [Core/Startup/subdir.mk:19: Core/Startup/startup_stm32wb55rgvx.o] Error 1
"make -j12 all" terminated with exit code 2. Build might be incomplete.
04:09:36 **** Incremental Build of configuration Debug for project DeltaTPlus_STM32WB55RG_090525 ****
make -j12 all 
arm-none-eabi-gcc -mcpu=cortex-m4 -g3 -DDEBUG -c -x assembler-with-cpp -MMD -MP -MF"Core/Startup/startup_stm32wb55rgvx.d" -MT"Core/Startup/startup_stm32wb55rgvx.o" --specs=nano.specs -mfpu=fpv4-sp-d16 -mfloat-abi=hard -mthumb -o "Core/Startup/startup_stm32wb55rgvx.o" "../Core/Startup/startup_stm32wb55rgvx.s"
arm-none-eabi-g++ -o "DeltaTPlus_STM32WB55RG_090525.elf" @"objects.list"   -mcpu=cortex-m4 -T"C:\Users\jaowe\Documents\Projects\DeltaTPlus_STM32WB55RG_Workspace\DeltaTPlus_STM32WB55RG_090525\STM32WB55RGVX_FLASH.ld" --specs=nosys.specs -Wl,-Map="DeltaTPlus_STM32WB55RG_090525.map" -Wl,--gc-sections -static -u _printf_float --specs=nano.specs -mfpu=fpv4-sp-d16 -mfloat-abi=hard -mthumb -u _printf_float -Wl,--start-group -lc -lm -lstdc++ -lsupc++ -Wl,--end-group
Finished building target: DeltaTPlus_STM32WB55RG_090525.elf
 
arm-none-eabi-size  DeltaTPlus_STM32WB55RG_090525.elf 
arm-none-eabi-objdump -h -S DeltaTPlus_STM32WB55RG_090525.elf  > "DeltaTPlus_STM32WB55RG_090525.list"
   text	   data	    bss	    dec	    hex	filename
 123896	   2989	  12379	 139264	  22000	DeltaTPlus_STM32WB55RG_090525.elf
Finished building: default.size.stdout
 
Finished building: DeltaTPlus_STM32WB55RG_090525.list
 
05:23:31 **** Incremental Build of configuration Debug for project DeltaTPlus_STM32WB55RG_090525 ****
make -j12 all 
arm-none-eabi-g++ "../Core/Src/main.cpp" -mcpu=cortex-m4 -std=gnu++14 -g3 -DDEBUG -DUSE_HAL_DRIVER -DSTM32WB55xx -c -I../Core/Inc -I../STM32_WPAN/App -I../USB_Device/App -I../USB_Device/Target -I../Drivers/STM32WBxx_HAL_Driver/Inc -I../Drivers/STM32WBxx_HAL_Driver/Inc/Legacy -I../Utilities/lpm/tiny_lpm -I../Middlewares/ST/STM32_WPAN -I../Middlewares/ST/STM32_WPAN/interface/patterns/ble_thread -I../Middlewares/ST/STM32_WPAN/interface/patterns/ble_thread/tl -I../Middlewares/ST/STM32_WPAN/interface/patterns/ble_thread/shci -I../Middlewares/ST/STM32_WPAN/utilities -I../Middlewares/ST/STM32_WPAN/ble/core -I../Middlewares/ST/STM32_WPAN/ble/core/auto -I../Middlewares/ST/STM32_WPAN/ble/core/template -I../Middlewares/ST/STM32_WPAN/ble/svc/Inc -I../Middlewares/ST/STM32_WPAN/ble/svc/Src -I../Middlewares/ST/STM32_USB_Device_Library/Core/Inc -I../Drivers/CMSIS/Device/ST/STM32WBxx/Include -I../Utilities/sequencer -I../Middlewares/ST/STM32_WPAN/ble -I../Drivers/CMSIS/Include -I"C:/Users/jaowe/Documents/Projects/DeltaTPlus_STM32WB55RG_Workspace/DeltaTPlus_STM32WB55RG_090525/Adafruit_GFX_Library-1.12.0" -I"C:/Users/jaowe/Documents/Projects/DeltaTPlus_STM32WB55RG_Workspace/DeltaTPlus_STM32WB55RG_090525/Adafruit_MAX31856_Library" -I"C:/Users/jaowe/Documents/Projects/DeltaTPlus_STM32WB55RG_Workspace/DeltaTPlus_STM32WB55RG_090525/Adafruit_1704X_Library" -I"C:/Users/jaowe/Documents/Projects/DeltaTPlus_STM32WB55RG_Workspace/DeltaTPlus_STM32WB55RG_090525/Screen" -I../Middlewares/ST/STM32_USB_Device_Library/Class/DFU/Inc -I"C:/Users/jaowe/Documents/Projects/DeltaTPlus_STM32WB55RG_Workspace/DeltaTPlus_STM32WB55RG_090525/AD7124_Library" -O0 -ffunction-sections -fdata-sections -fno-exceptions -fno-rtti -fno-use-cxa-atexit -Wall -pedantic -fstack-usage -fcyclomatic-complexity -MMD -MP -MF"Core/Src/main.d" -MT"Core/Src/main.o" --specs=nano.specs -mfpu=fpv4-sp-d16 -mfloat-abi=hard -mthumb -o "Core/Src/main.o"
In file included from ../Core/Src/main.cpp:38:
../Core/Inc/TEMP_MAX31856.h:59:1: warning: "/*" within comment [-Wcomment]
   59 | /** Noise filtering options enum. Use with setNoiseFilter()
      |  
../Core/Inc/TEMP_MAX31856.h:79:1: warning: "/*" within comment [-Wcomment]
   79 | /** Temperature conversion mode
      |  
../Core/Inc/TEMP_MAX31856.h:128:3: warning: "/*" within comment [-Wcomment]
  128 | } /* extern "C"
      |    
../Core/Src/main.cpp: In function 'int main()':
../Core/Src/main.cpp:353:15: warning: array subscript has type 'char' [-Wchar-subscripts]
  353 |         SBraw[ch] = dataWord;
      |               ^~
../Core/Src/main.cpp:357:18: warning: array subscript has type 'char' [-Wchar-subscripts]
  357 |           SBvolt[ch] = Ad7124Chip::toVoltage(SBraw[ch], 1, 1.0, true);
      |                  ^~
../Core/Src/main.cpp:357:52: warning: array subscript has type 'char' [-Wchar-subscripts]
  357 |           SBvolt[ch] = Ad7124Chip::toVoltage(SBraw[ch], 1, 1.0, true);
      |                                                    ^~
../Core/Src/main.cpp:361:18: warning: array subscript has type 'char' [-Wchar-subscripts]
  361 |           SBvolt[ch] = Ad7124Chip::toVoltage(SBraw[ch], 128, 2.5, true);
      |                  ^~
../Core/Src/main.cpp:361:52: warning: array subscript has type 'char' [-Wchar-subscripts]
  361 |           SBvolt[ch] = Ad7124Chip::toVoltage(SBraw[ch], 128, 2.5, true);
      |                                                    ^~
../Core/Src/main.cpp:251:8: warning: unused variable 'statusWord' [-Wunused-variable]
  251 |   char statusWord;
      |        ^~~~~~~~~~
arm-none-eabi-g++ -o "DeltaTPlus_STM32WB55RG_090525.elf" @"objects.list"   -mcpu=cortex-m4 -T"C:\Users\jaowe\Documents\Projects\DeltaTPlus_STM32WB55RG_Workspace\DeltaTPlus_STM32WB55RG_090525\STM32WB55RGVX_FLASH.ld" --specs=nosys.specs -Wl,-Map="DeltaTPlus_STM32WB55RG_090525.map" -Wl,--gc-sections -static -u _printf_float --specs=nano.specs -mfpu=fpv4-sp-d16 -mfloat-abi=hard -mthumb -u _printf_float -Wl,--start-group -lc -lm -lstdc++ -lsupc++ -Wl,--end-group
Finished building target: DeltaTPlus_STM32WB55RG_090525.elf
 
arm-none-eabi-size  DeltaTPlus_STM32WB55RG_090525.elf 
arm-none-eabi-objdump -h -S DeltaTPlus_STM32WB55RG_090525.elf  > "DeltaTPlus_STM32WB55RG_090525.list"
   text	   data	    bss	    dec	    hex	filename
 123896	   2989	  12379	 139264	  22000	DeltaTPlus_STM32WB55RG_090525.elf
Finished building: default.size.stdout
 
Finished building: DeltaTPlus_STM32WB55RG_090525.list
 
05:24:05 **** Incremental Build of configuration Debug for project DeltaTPlus_STM32WB55RG_090525 ****
make -j12 all 
arm-none-eabi-size  DeltaTPlus_STM32WB55RG_090525.elf 
   text	   data	    bss	    dec	    hex	filename
 123896	   2989	  12379	 139264	  22000	DeltaTPlus_STM32WB55RG_090525.elf
Finished building: default.size.stdout
 
05:25:17 **** Incremental Build of configuration Debug for project DeltaTPlus_STM32WB55RG_090525 ****
make -j12 all 
arm-none-eabi-g++ "../Core/Src/main.cpp" -mcpu=cortex-m4 -std=gnu++14 -g3 -DDEBUG -DUSE_HAL_DRIVER -DSTM32WB55xx -c -I../Core/Inc -I../STM32_WPAN/App -I../USB_Device/App -I../USB_Device/Target -I../Drivers/STM32WBxx_HAL_Driver/Inc -I../Drivers/STM32WBxx_HAL_Driver/Inc/Legacy -I../Utilities/lpm/tiny_lpm -I../Middlewares/ST/STM32_WPAN -I../Middlewares/ST/STM32_WPAN/interface/patterns/ble_thread -I../Middlewares/ST/STM32_WPAN/interface/patterns/ble_thread/tl -I../Middlewares/ST/STM32_WPAN/interface/patterns/ble_thread/shci -I../Middlewares/ST/STM32_WPAN/utilities -I../Middlewares/ST/STM32_WPAN/ble/core -I../Middlewares/ST/STM32_WPAN/ble/core/auto -I../Middlewares/ST/STM32_WPAN/ble/core/template -I../Middlewares/ST/STM32_WPAN/ble/svc/Inc -I../Middlewares/ST/STM32_WPAN/ble/svc/Src -I../Middlewares/ST/STM32_USB_Device_Library/Core/Inc -I../Drivers/CMSIS/Device/ST/STM32WBxx/Include -I../Utilities/sequencer -I../Middlewares/ST/STM32_WPAN/ble -I../Drivers/CMSIS/Include -I"C:/Users/jaowe/Documents/Projects/DeltaTPlus_STM32WB55RG_Workspace/DeltaTPlus_STM32WB55RG_090525/Adafruit_GFX_Library-1.12.0" -I"C:/Users/jaowe/Documents/Projects/DeltaTPlus_STM32WB55RG_Workspace/DeltaTPlus_STM32WB55RG_090525/Adafruit_MAX31856_Library" -I"C:/Users/jaowe/Documents/Projects/DeltaTPlus_STM32WB55RG_Workspace/DeltaTPlus_STM32WB55RG_090525/Adafruit_1704X_Library" -I"C:/Users/jaowe/Documents/Projects/DeltaTPlus_STM32WB55RG_Workspace/DeltaTPlus_STM32WB55RG_090525/Screen" -I../Middlewares/ST/STM32_USB_Device_Library/Class/DFU/Inc -I"C:/Users/jaowe/Documents/Projects/DeltaTPlus_STM32WB55RG_Workspace/DeltaTPlus_STM32WB55RG_090525/AD7124_Library" -O0 -ffunction-sections -fdata-sections -fno-exceptions -fno-rtti -fno-use-cxa-atexit -Wall -pedantic -fstack-usage -fcyclomatic-complexity -MMD -MP -MF"Core/Src/main.d" -MT"Core/Src/main.o" --specs=nano.specs -mfpu=fpv4-sp-d16 -mfloat-abi=hard -mthumb -o "Core/Src/main.o"
In file included from ../Core/Src/main.cpp:38:
../Core/Inc/TEMP_MAX31856.h:59:1: warning: "/*" within comment [-Wcomment]
   59 | /** Noise filtering options enum. Use with setNoiseFilter()
      |  
../Core/Inc/TEMP_MAX31856.h:79:1: warning: "/*" within comment [-Wcomment]
   79 | /** Temperature conversion mode
      |  
../Core/Inc/TEMP_MAX31856.h:128:3: warning: "/*" within comment [-Wcomment]
  128 | } /* extern "C"
      |    
../Core/Src/main.cpp: In function 'int main()':
../Core/Src/main.cpp:353:15: warning: array subscript has type 'char' [-Wchar-subscripts]
  353 |         SBraw[ch] = dataWord;
      |               ^~
../Core/Src/main.cpp:357:18: warning: array subscript has type 'char' [-Wchar-subscripts]
  357 |           SBvolt[ch] = Ad7124Chip::toVoltage(SBraw[ch], 1, 1.0, true);
      |                  ^~
../Core/Src/main.cpp:357:52: warning: array subscript has type 'char' [-Wchar-subscripts]
  357 |           SBvolt[ch] = Ad7124Chip::toVoltage(SBraw[ch], 1, 1.0, true);
      |                                                    ^~
../Core/Src/main.cpp:361:18: warning: array subscript has type 'char' [-Wchar-subscripts]
  361 |           SBvolt[ch] = Ad7124Chip::toVoltage(SBraw[ch], 128, 2.5, true);
      |                  ^~
../Core/Src/main.cpp:361:52: warning: array subscript has type 'char' [-Wchar-subscripts]
  361 |           SBvolt[ch] = Ad7124Chip::toVoltage(SBraw[ch], 128, 2.5, true);
      |                                                    ^~
../Core/Src/main.cpp:251:8: warning: unused variable 'statusWord' [-Wunused-variable]
  251 |   char statusWord;
      |        ^~~~~~~~~~
arm-none-eabi-g++ -o "DeltaTPlus_STM32WB55RG_090525.elf" @"objects.list"   -mcpu=cortex-m4 -T"C:\Users\jaowe\Documents\Projects\DeltaTPlus_STM32WB55RG_Workspace\DeltaTPlus_STM32WB55RG_090525\STM32WB55RGVX_FLASH.ld" --specs=nosys.specs -Wl,-Map="DeltaTPlus_STM32WB55RG_090525.map" -Wl,--gc-sections -static -u _printf_float --specs=nano.specs -mfpu=fpv4-sp-d16 -mfloat-abi=hard -mthumb -u _printf_float -Wl,--start-group -lc -lm -lstdc++ -lsupc++ -Wl,--end-group
Finished building target: DeltaTPlus_STM32WB55RG_090525.elf
 
arm-none-eabi-size  DeltaTPlus_STM32WB55RG_090525.elf 
arm-none-eabi-objdump -h -S DeltaTPlus_STM32WB55RG_090525.elf  > "DeltaTPlus_STM32WB55RG_090525.list"
   text	   data	    bss	    dec	    hex	filename
 123896	   2989	  12379	 139264	  22000	DeltaTPlus_STM32WB55RG_090525.elf
Finished building: default.size.stdout
 
Finished building: DeltaTPlus_STM32WB55RG_090525.list
 
05:27:02 **** Incremental Build of configuration Debug for project DeltaTPlus_STM32WB55RG_090525 ****
make -j12 all 
arm-none-eabi-g++ "../Core/Src/main.cpp" -mcpu=cortex-m4 -std=gnu++14 -g3 -DDEBUG -DUSE_HAL_DRIVER -DSTM32WB55xx -c -I../Core/Inc -I../STM32_WPAN/App -I../USB_Device/App -I../USB_Device/Target -I../Drivers/STM32WBxx_HAL_Driver/Inc -I../Drivers/STM32WBxx_HAL_Driver/Inc/Legacy -I../Utilities/lpm/tiny_lpm -I../Middlewares/ST/STM32_WPAN -I../Middlewares/ST/STM32_WPAN/interface/patterns/ble_thread -I../Middlewares/ST/STM32_WPAN/interface/patterns/ble_thread/tl -I../Middlewares/ST/STM32_WPAN/interface/patterns/ble_thread/shci -I../Middlewares/ST/STM32_WPAN/utilities -I../Middlewares/ST/STM32_WPAN/ble/core -I../Middlewares/ST/STM32_WPAN/ble/core/auto -I../Middlewares/ST/STM32_WPAN/ble/core/template -I../Middlewares/ST/STM32_WPAN/ble/svc/Inc -I../Middlewares/ST/STM32_WPAN/ble/svc/Src -I../Middlewares/ST/STM32_USB_Device_Library/Core/Inc -I../Drivers/CMSIS/Device/ST/STM32WBxx/Include -I../Utilities/sequencer -I../Middlewares/ST/STM32_WPAN/ble -I../Drivers/CMSIS/Include -I"C:/Users/jaowe/Documents/Projects/DeltaTPlus_STM32WB55RG_Workspace/DeltaTPlus_STM32WB55RG_090525/Adafruit_GFX_Library-1.12.0" -I"C:/Users/jaowe/Documents/Projects/DeltaTPlus_STM32WB55RG_Workspace/DeltaTPlus_STM32WB55RG_090525/Adafruit_MAX31856_Library" -I"C:/Users/jaowe/Documents/Projects/DeltaTPlus_STM32WB55RG_Workspace/DeltaTPlus_STM32WB55RG_090525/Adafruit_1704X_Library" -I"C:/Users/jaowe/Documents/Projects/DeltaTPlus_STM32WB55RG_Workspace/DeltaTPlus_STM32WB55RG_090525/Screen" -I../Middlewares/ST/STM32_USB_Device_Library/Class/DFU/Inc -I"C:/Users/jaowe/Documents/Projects/DeltaTPlus_STM32WB55RG_Workspace/DeltaTPlus_STM32WB55RG_090525/AD7124_Library" -O0 -ffunction-sections -fdata-sections -fno-exceptions -fno-rtti -fno-use-cxa-atexit -Wall -pedantic -fstack-usage -fcyclomatic-complexity -MMD -MP -MF"Core/Src/main.d" -MT"Core/Src/main.o" --specs=nano.specs -mfpu=fpv4-sp-d16 -mfloat-abi=hard -mthumb -o "Core/Src/main.o"
In file included from ../Core/Src/main.cpp:38:
../Core/Inc/TEMP_MAX31856.h:59:1: warning: "/*" within comment [-Wcomment]
   59 | /** Noise filtering options enum. Use with setNoiseFilter()
      |  
../Core/Inc/TEMP_MAX31856.h:79:1: warning: "/*" within comment [-Wcomment]
   79 | /** Temperature conversion mode
      |  
../Core/Inc/TEMP_MAX31856.h:128:3: warning: "/*" within comment [-Wcomment]
  128 | } /* extern "C"
      |    
../Core/Src/main.cpp: In function 'int main()':
../Core/Src/main.cpp:353:15: warning: array subscript has type 'char' [-Wchar-subscripts]
  353 |         SBraw[ch] = dataWord;
      |               ^~
../Core/Src/main.cpp:357:18: warning: array subscript has type 'char' [-Wchar-subscripts]
  357 |           SBvolt[ch] = Ad7124Chip::toVoltage(SBraw[ch], 1, 1.0, true);
      |                  ^~
../Core/Src/main.cpp:357:52: warning: array subscript has type 'char' [-Wchar-subscripts]
  357 |           SBvolt[ch] = Ad7124Chip::toVoltage(SBraw[ch], 1, 1.0, true);
      |                                                    ^~
../Core/Src/main.cpp:361:18: warning: array subscript has type 'char' [-Wchar-subscripts]
  361 |           SBvolt[ch] = Ad7124Chip::toVoltage(SBraw[ch], 128, 2.5, true);
      |                  ^~
../Core/Src/main.cpp:361:52: warning: array subscript has type 'char' [-Wchar-subscripts]
  361 |           SBvolt[ch] = Ad7124Chip::toVoltage(SBraw[ch], 128, 2.5, true);
      |                                                    ^~
../Core/Src/main.cpp:251:8: warning: unused variable 'statusWord' [-Wunused-variable]
  251 |   char statusWord;
      |        ^~~~~~~~~~
../Core/Src/main.cpp:260:7: warning: unused variable 'filterWord' [-Wunused-variable]
  260 |   int filterWord = 100;
      |       ^~~~~~~~~~
arm-none-eabi-g++ -o "DeltaTPlus_STM32WB55RG_090525.elf" @"objects.list"   -mcpu=cortex-m4 -T"C:\Users\jaowe\Documents\Projects\DeltaTPlus_STM32WB55RG_Workspace\DeltaTPlus_STM32WB55RG_090525\STM32WB55RGVX_FLASH.ld" --specs=nosys.specs -Wl,-Map="DeltaTPlus_STM32WB55RG_090525.map" -Wl,--gc-sections -static -u _printf_float --specs=nano.specs -mfpu=fpv4-sp-d16 -mfloat-abi=hard -mthumb -u _printf_float -Wl,--start-group -lc -lm -lstdc++ -lsupc++ -Wl,--end-group
Finished building target: DeltaTPlus_STM32WB55RG_090525.elf
 
arm-none-eabi-size  DeltaTPlus_STM32WB55RG_090525.elf 
arm-none-eabi-objdump -h -S DeltaTPlus_STM32WB55RG_090525.elf  > "DeltaTPlus_STM32WB55RG_090525.list"
   text	   data	    bss	    dec	    hex	filename
 123064	   2989	  12379	 138432	  21cc0	DeltaTPlus_STM32WB55RG_090525.elf
Finished building: default.size.stdout
 
Finished building: DeltaTPlus_STM32WB55RG_090525.list
 
19:29:03 **** Incremental Build of configuration Debug for project DeltaTPlus_STM32WB55RG_090525 ****
make -j12 all 
arm-none-eabi-g++ "../Core/Src/main.cpp" -mcpu=cortex-m4 -std=gnu++14 -g3 -DDEBUG -DUSE_HAL_DRIVER -DSTM32WB55xx -c -I../Core/Inc -I../STM32_WPAN/App -I../USB_Device/App -I../USB_Device/Target -I../Drivers/STM32WBxx_HAL_Driver/Inc -I../Drivers/STM32WBxx_HAL_Driver/Inc/Legacy -I../Utilities/lpm/tiny_lpm -I../Middlewares/ST/STM32_WPAN -I../Middlewares/ST/STM32_WPAN/interface/patterns/ble_thread -I../Middlewares/ST/STM32_WPAN/interface/patterns/ble_thread/tl -I../Middlewares/ST/STM32_WPAN/interface/patterns/ble_thread/shci -I../Middlewares/ST/STM32_WPAN/utilities -I../Middlewares/ST/STM32_WPAN/ble/core -I../Middlewares/ST/STM32_WPAN/ble/core/auto -I../Middlewares/ST/STM32_WPAN/ble/core/template -I../Middlewares/ST/STM32_WPAN/ble/svc/Inc -I../Middlewares/ST/STM32_WPAN/ble/svc/Src -I../Middlewares/ST/STM32_USB_Device_Library/Core/Inc -I../Drivers/CMSIS/Device/ST/STM32WBxx/Include -I../Utilities/sequencer -I../Middlewares/ST/STM32_WPAN/ble -I../Drivers/CMSIS/Include -I"C:/Users/jaowe/Documents/Projects/DeltaTPlus_STM32WB55RG_Workspace/DeltaTPlus_STM32WB55RG_090525/Adafruit_GFX_Library-1.12.0" -I"C:/Users/jaowe/Documents/Projects/DeltaTPlus_STM32WB55RG_Workspace/DeltaTPlus_STM32WB55RG_090525/Adafruit_MAX31856_Library" -I"C:/Users/jaowe/Documents/Projects/DeltaTPlus_STM32WB55RG_Workspace/DeltaTPlus_STM32WB55RG_090525/Adafruit_1704X_Library" -I"C:/Users/jaowe/Documents/Projects/DeltaTPlus_STM32WB55RG_Workspace/DeltaTPlus_STM32WB55RG_090525/Screen" -I../Middlewares/ST/STM32_USB_Device_Library/Class/DFU/Inc -I"C:/Users/jaowe/Documents/Projects/DeltaTPlus_STM32WB55RG_Workspace/DeltaTPlus_STM32WB55RG_090525/AD7124_Library" -O0 -ffunction-sections -fdata-sections -fno-exceptions -fno-rtti -fno-use-cxa-atexit -Wall -pedantic -fstack-usage -fcyclomatic-complexity -MMD -MP -MF"Core/Src/main.d" -MT"Core/Src/main.o" --specs=nano.specs -mfpu=fpv4-sp-d16 -mfloat-abi=hard -mthumb -o "Core/Src/main.o"
In file included from ../Core/Src/main.cpp:38:
../Core/Inc/TEMP_MAX31856.h:59:1: warning: "/*" within comment [-Wcomment]
   59 | /** Noise filtering options enum. Use with setNoiseFilter()
      |  
../Core/Inc/TEMP_MAX31856.h:79:1: warning: "/*" within comment [-Wcomment]
   79 | /** Temperature conversion mode
      |  
../Core/Inc/TEMP_MAX31856.h:128:3: warning: "/*" within comment [-Wcomment]
  128 | } /* extern "C"
      |    
../Core/Src/main.cpp: In function 'int main()':
../Core/Src/main.cpp:353:15: warning: array subscript has type 'char' [-Wchar-subscripts]
  353 |         SBraw[ch] = dataWord;
      |               ^~
../Core/Src/main.cpp:357:18: warning: array subscript has type 'char' [-Wchar-subscripts]
  357 |           SBvolt[ch] = Ad7124Chip::toVoltage(SBraw[ch], 1, 1.0, true);
      |                  ^~
../Core/Src/main.cpp:357:52: warning: array subscript has type 'char' [-Wchar-subscripts]
  357 |           SBvolt[ch] = Ad7124Chip::toVoltage(SBraw[ch], 1, 1.0, true);
      |                                                    ^~
../Core/Src/main.cpp:361:18: warning: array subscript has type 'char' [-Wchar-subscripts]
  361 |           SBvolt[ch] = Ad7124Chip::toVoltage(SBraw[ch], 128, 2.5, true);
      |                  ^~
../Core/Src/main.cpp:361:52: warning: array subscript has type 'char' [-Wchar-subscripts]
  361 |           SBvolt[ch] = Ad7124Chip::toVoltage(SBraw[ch], 128, 2.5, true);
      |                                                    ^~
../Core/Src/main.cpp:251:8: warning: unused variable 'statusWord' [-Wunused-variable]
  251 |   char statusWord;
      |        ^~~~~~~~~~
arm-none-eabi-g++ -o "DeltaTPlus_STM32WB55RG_090525.elf" @"objects.list"   -mcpu=cortex-m4 -T"C:\Users\jaowe\Documents\Projects\DeltaTPlus_STM32WB55RG_Workspace\DeltaTPlus_STM32WB55RG_090525\STM32WB55RGVX_FLASH.ld" --specs=nosys.specs -Wl,-Map="DeltaTPlus_STM32WB55RG_090525.map" -Wl,--gc-sections -static -u _printf_float --specs=nano.specs -mfpu=fpv4-sp-d16 -mfloat-abi=hard -mthumb -u _printf_float -Wl,--start-group -lc -lm -lstdc++ -lsupc++ -Wl,--end-group
Finished building target: DeltaTPlus_STM32WB55RG_090525.elf
 
arm-none-eabi-size  DeltaTPlus_STM32WB55RG_090525.elf 
arm-none-eabi-objdump -h -S DeltaTPlus_STM32WB55RG_090525.elf  > "DeltaTPlus_STM32WB55RG_090525.list"
   text	   data	    bss	    dec	    hex	filename
 123584	   2989	  12379	 138952	  21ec8	DeltaTPlus_STM32WB55RG_090525.elf
Finished building: default.size.stdout
 
Finished building: DeltaTPlus_STM32WB55RG_090525.list
 
19:29:40 **** Incremental Build of configuration Debug for project DeltaTPlus_STM32WB55RG_090525 ****
make -j12 all 
arm-none-eabi-g++ "../Core/Src/main.cpp" -mcpu=cortex-m4 -std=gnu++14 -g3 -DDEBUG -DUSE_HAL_DRIVER -DSTM32WB55xx -c -I../Core/Inc -I../STM32_WPAN/App -I../USB_Device/App -I../USB_Device/Target -I../Drivers/STM32WBxx_HAL_Driver/Inc -I../Drivers/STM32WBxx_HAL_Driver/Inc/Legacy -I../Utilities/lpm/tiny_lpm -I../Middlewares/ST/STM32_WPAN -I../Middlewares/ST/STM32_WPAN/interface/patterns/ble_thread -I../Middlewares/ST/STM32_WPAN/interface/patterns/ble_thread/tl -I../Middlewares/ST/STM32_WPAN/interface/patterns/ble_thread/shci -I../Middlewares/ST/STM32_WPAN/utilities -I../Middlewares/ST/STM32_WPAN/ble/core -I../Middlewares/ST/STM32_WPAN/ble/core/auto -I../Middlewares/ST/STM32_WPAN/ble/core/template -I../Middlewares/ST/STM32_WPAN/ble/svc/Inc -I../Middlewares/ST/STM32_WPAN/ble/svc/Src -I../Middlewares/ST/STM32_USB_Device_Library/Core/Inc -I../Drivers/CMSIS/Device/ST/STM32WBxx/Include -I../Utilities/sequencer -I../Middlewares/ST/STM32_WPAN/ble -I../Drivers/CMSIS/Include -I"C:/Users/jaowe/Documents/Projects/DeltaTPlus_STM32WB55RG_Workspace/DeltaTPlus_STM32WB55RG_090525/Adafruit_GFX_Library-1.12.0" -I"C:/Users/jaowe/Documents/Projects/DeltaTPlus_STM32WB55RG_Workspace/DeltaTPlus_STM32WB55RG_090525/Adafruit_MAX31856_Library" -I"C:/Users/jaowe/Documents/Projects/DeltaTPlus_STM32WB55RG_Workspace/DeltaTPlus_STM32WB55RG_090525/Adafruit_1704X_Library" -I"C:/Users/jaowe/Documents/Projects/DeltaTPlus_STM32WB55RG_Workspace/DeltaTPlus_STM32WB55RG_090525/Screen" -I../Middlewares/ST/STM32_USB_Device_Library/Class/DFU/Inc -I"C:/Users/jaowe/Documents/Projects/DeltaTPlus_STM32WB55RG_Workspace/DeltaTPlus_STM32WB55RG_090525/AD7124_Library" -O0 -ffunction-sections -fdata-sections -fno-exceptions -fno-rtti -fno-use-cxa-atexit -Wall -pedantic -fstack-usage -fcyclomatic-complexity -MMD -MP -MF"Core/Src/main.d" -MT"Core/Src/main.o" --specs=nano.specs -mfpu=fpv4-sp-d16 -mfloat-abi=hard -mthumb -o "Core/Src/main.o"
In file included from ../Core/Src/main.cpp:38:
../Core/Inc/TEMP_MAX31856.h:59:1: warning: "/*" within comment [-Wcomment]
   59 | /** Noise filtering options enum. Use with setNoiseFilter()
      |  
../Core/Inc/TEMP_MAX31856.h:79:1: warning: "/*" within comment [-Wcomment]
   79 | /** Temperature conversion mode
      |  
../Core/Inc/TEMP_MAX31856.h:128:3: warning: "/*" within comment [-Wcomment]
  128 | } /* extern "C"
      |    
../Core/Src/main.cpp: In function 'int main()':
../Core/Src/main.cpp:353:15: warning: array subscript has type 'char' [-Wchar-subscripts]
  353 |         SBraw[ch] = dataWord;
      |               ^~
../Core/Src/main.cpp:357:18: warning: array subscript has type 'char' [-Wchar-subscripts]
  357 |           SBvolt[ch] = Ad7124Chip::toVoltage(SBraw[ch], 1, 1.0, true);
      |                  ^~
../Core/Src/main.cpp:357:52: warning: array subscript has type 'char' [-Wchar-subscripts]
  357 |           SBvolt[ch] = Ad7124Chip::toVoltage(SBraw[ch], 1, 1.0, true);
      |                                                    ^~
../Core/Src/main.cpp:361:18: warning: array subscript has type 'char' [-Wchar-subscripts]
  361 |           SBvolt[ch] = Ad7124Chip::toVoltage(SBraw[ch], 128, 2.5, true);
      |                  ^~
../Core/Src/main.cpp:361:52: warning: array subscript has type 'char' [-Wchar-subscripts]
  361 |           SBvolt[ch] = Ad7124Chip::toVoltage(SBraw[ch], 128, 2.5, true);
      |                                                    ^~
../Core/Src/main.cpp:251:8: warning: unused variable 'statusWord' [-Wunused-variable]
[...]
  353 |         SBraw[ch] = dataWord;
      |               ^~
../Core/Src/main.cpp:357:18: warning: array subscript has type 'char' [-Wchar-subscripts]
  357 |           SBvolt[ch] = Ad7124Chip::toVoltage(SBraw[ch], 1, 1.0, true);
      |                  ^~
../Core/Src/main.cpp:357:52: warning: array subscript has type 'char' [-Wchar-subscripts]
  357 |           SBvolt[ch] = Ad7124Chip::toVoltage(SBraw[ch], 1, 1.0, true);
      |                                                    ^~
../Core/Src/main.cpp:361:18: warning: array subscript has type 'char' [-Wchar-subscripts]
  361 |           SBvolt[ch] = Ad7124Chip::toVoltage(SBraw[ch], 128, 2.5, true);
      |                  ^~
../Core/Src/main.cpp:361:52: warning: array subscript has type 'char' [-Wchar-subscripts]
  361 |           SBvolt[ch] = Ad7124Chip::toVoltage(SBraw[ch], 128, 2.5, true);
      |                                                    ^~
../Core/Src/main.cpp:251:8: warning: unused variable 'statusWord' [-Wunused-variable]
  251 |   char statusWord;
      |        ^~~~~~~~~~
arm-none-eabi-g++ -o "DeltaTPlus_STM32WB55RG_090525.elf" @"objects.list"   -mcpu=cortex-m4 -T"C:\Users\jaowe\Documents\Projects\DeltaTPlus_STM32WB55RG_Workspace\DeltaTPlus_STM32WB55RG_090525\STM32WB55RGVX_FLASH.ld" --specs=nosys.specs -Wl,-Map="DeltaTPlus_STM32WB55RG_090525.map" -Wl,--gc-sections -static -u _printf_float --specs=nano.specs -mfpu=fpv4-sp-d16 -mfloat-abi=hard -mthumb -u _printf_float -Wl,--start-group -lc -lm -lstdc++ -lsupc++ -Wl,--end-group
Finished building target: DeltaTPlus_STM32WB55RG_090525.elf
 
arm-none-eabi-size  DeltaTPlus_STM32WB55RG_090525.elf 
arm-none-eabi-objdump -h -S DeltaTPlus_STM32WB55RG_090525.elf  > "DeltaTPlus_STM32WB55RG_090525.list"
   text	   data	    bss	    dec	    hex	filename
 123808	   2989	  12379	 139176	  21fa8	DeltaTPlus_STM32WB55RG_090525.elf
Finished building: default.size.stdout
 
Finished building: DeltaTPlus_STM32WB55RG_090525.list
 
19:43:16 **** Incremental Build of configuration Debug for project DeltaTPlus_STM32WB55RG_090525 ****
make -j12 all 
arm-none-eabi-g++ "../Core/Src/main.cpp" -mcpu=cortex-m4 -std=gnu++14 -g3 -DDEBUG -DUSE_HAL_DRIVER -DSTM32WB55xx -c -I../Core/Inc -I../STM32_WPAN/App -I../USB_Device/App -I../USB_Device/Target -I../Drivers/STM32WBxx_HAL_Driver/Inc -I../Drivers/STM32WBxx_HAL_Driver/Inc/Legacy -I../Utilities/lpm/tiny_lpm -I../Middlewares/ST/STM32_WPAN -I../Middlewares/ST/STM32_WPAN/interface/patterns/ble_thread -I../Middlewares/ST/STM32_WPAN/interface/patterns/ble_thread/tl -I../Middlewares/ST/STM32_WPAN/interface/patterns/ble_thread/shci -I../Middlewares/ST/STM32_WPAN/utilities -I../Middlewares/ST/STM32_WPAN/ble/core -I../Middlewares/ST/STM32_WPAN/ble/core/auto -I../Middlewares/ST/STM32_WPAN/ble/core/template -I../Middlewares/ST/STM32_WPAN/ble/svc/Inc -I../Middlewares/ST/STM32_WPAN/ble/svc/Src -I../Middlewares/ST/STM32_USB_Device_Library/Core/Inc -I../Drivers/CMSIS/Device/ST/STM32WBxx/Include -I../Utilities/sequencer -I../Middlewares/ST/STM32_WPAN/ble -I../Drivers/CMSIS/Include -I"C:/Users/jaowe/Documents/Projects/DeltaTPlus_STM32WB55RG_Workspace/DeltaTPlus_STM32WB55RG_090525/Adafruit_GFX_Library-1.12.0" -I"C:/Users/jaowe/Documents/Projects/DeltaTPlus_STM32WB55RG_Workspace/DeltaTPlus_STM32WB55RG_090525/Adafruit_MAX31856_Library" -I"C:/Users/jaowe/Documents/Projects/DeltaTPlus_STM32WB55RG_Workspace/DeltaTPlus_STM32WB55RG_090525/Adafruit_1704X_Library" -I"C:/Users/jaowe/Documents/Projects/DeltaTPlus_STM32WB55RG_Workspace/DeltaTPlus_STM32WB55RG_090525/Screen" -I../Middlewares/ST/STM32_USB_Device_Library/Class/DFU/Inc -I"C:/Users/jaowe/Documents/Projects/DeltaTPlus_STM32WB55RG_Workspace/DeltaTPlus_STM32WB55RG_090525/AD7124_Library" -O0 -ffunction-sections -fdata-sections -fno-exceptions -fno-rtti -fno-use-cxa-atexit -Wall -pedantic -fstack-usage -fcyclomatic-complexity -MMD -MP -MF"Core/Src/main.d" -MT"Core/Src/main.o" --specs=nano.specs -mfpu=fpv4-sp-d16 -mfloat-abi=hard -mthumb -o "Core/Src/main.o"
In file included from ../Core/Src/main.cpp:38:
../Core/Inc/TEMP_MAX31856.h:59:1: warning: "/*" within comment [-Wcomment]
   59 | /** Noise filtering options enum. Use with setNoiseFilter()
      |  
../Core/Inc/TEMP_MAX31856.h:79:1: warning: "/*" within comment [-Wcomment]
   79 | /** Temperature conversion mode
      |  
../Core/Inc/TEMP_MAX31856.h:128:3: warning: "/*" within comment [-Wcomment]
  128 | } /* extern "C"
      |    
../Core/Src/main.cpp: In function 'int main()':
../Core/Src/main.cpp:353:15: warning: array subscript has type 'char' [-Wchar-subscripts]
  353 |         SBraw[ch] = dataWord;
      |               ^~
../Core/Src/main.cpp:357:18: warning: array subscript has type 'char' [-Wchar-subscripts]
  357 |           SBvolt[ch] = Ad7124Chip::toVoltage(SBraw[ch], 1, 1.0, true);
      |                  ^~
../Core/Src/main.cpp:357:52: warning: array subscript has type 'char' [-Wchar-subscripts]
  357 |           SBvolt[ch] = Ad7124Chip::toVoltage(SBraw[ch], 1, 1.0, true);
      |                                                    ^~
../Core/Src/main.cpp:361:18: warning: array subscript has type 'char' [-Wchar-subscripts]
  361 |           SBvolt[ch] = Ad7124Chip::toVoltage(SBraw[ch], 128, 2.5, true);
      |                  ^~
../Core/Src/main.cpp:361:52: warning: array subscript has type 'char' [-Wchar-subscripts]
  361 |           SBvolt[ch] = Ad7124Chip::toVoltage(SBraw[ch], 128, 2.5, true);
      |                                                    ^~
../Core/Src/main.cpp:251:8: warning: unused variable 'statusWord' [-Wunused-variable]
  251 |   char statusWord;
      |        ^~~~~~~~~~
arm-none-eabi-g++ -o "DeltaTPlus_STM32WB55RG_090525.elf" @"objects.list"   -mcpu=cortex-m4 -T"C:\Users\jaowe\Documents\Projects\DeltaTPlus_STM32WB55RG_Workspace\DeltaTPlus_STM32WB55RG_090525\STM32WB55RGVX_FLASH.ld" --specs=nosys.specs -Wl,-Map="DeltaTPlus_STM32WB55RG_090525.map" -Wl,--gc-sections -static -u _printf_float --specs=nano.specs -mfpu=fpv4-sp-d16 -mfloat-abi=hard -mthumb -u _printf_float -Wl,--start-group -lc -lm -lstdc++ -lsupc++ -Wl,--end-group
Finished building target: DeltaTPlus_STM32WB55RG_090525.elf
 
arm-none-eabi-size  DeltaTPlus_STM32WB55RG_090525.elf 
arm-none-eabi-objdump -h -S DeltaTPlus_STM32WB55RG_090525.elf  > "DeltaTPlus_STM32WB55RG_090525.list"
   text	   data	    bss	    dec	    hex	filename
 123632	   2989	  12379	 139000	  21ef8	DeltaTPlus_STM32WB55RG_090525.elf
Finished building: default.size.stdout
 
Finished building: DeltaTPlus_STM32WB55RG_090525.list
 
19:49:18 **** Incremental Build of configuration Debug for project DeltaTPlus_STM32WB55RG_090525 ****
make -j12 all 
arm-none-eabi-g++ "../AD7124_Library/ad7124-driver.cpp" -mcpu=cortex-m4 -std=gnu++14 -g3 -DDEBUG -DUSE_HAL_DRIVER -DSTM32WB55xx -c -I../Core/Inc -I../STM32_WPAN/App -I../USB_Device/App -I../USB_Device/Target -I../Drivers/STM32WBxx_HAL_Driver/Inc -I../Drivers/STM32WBxx_HAL_Driver/Inc/Legacy -I../Utilities/lpm/tiny_lpm -I../Middlewares/ST/STM32_WPAN -I../Middlewares/ST/STM32_WPAN/interface/patterns/ble_thread -I../Middlewares/ST/STM32_WPAN/interface/patterns/ble_thread/tl -I../Middlewares/ST/STM32_WPAN/interface/patterns/ble_thread/shci -I../Middlewares/ST/STM32_WPAN/utilities -I../Middlewares/ST/STM32_WPAN/ble/core -I../Middlewares/ST/STM32_WPAN/ble/core/auto -I../Middlewares/ST/STM32_WPAN/ble/core/template -I../Middlewares/ST/STM32_WPAN/ble/svc/Inc -I../Middlewares/ST/STM32_WPAN/ble/svc/Src -I../Middlewares/ST/STM32_USB_Device_Library/Core/Inc -I../Drivers/CMSIS/Device/ST/STM32WBxx/Include -I../Utilities/sequencer -I../Middlewares/ST/STM32_WPAN/ble -I../Drivers/CMSIS/Include -I"C:/Users/jaowe/Documents/Projects/DeltaTPlus_STM32WB55RG_Workspace/DeltaTPlus_STM32WB55RG_090525/Adafruit_GFX_Library-1.12.0" -I"C:/Users/jaowe/Documents/Projects/DeltaTPlus_STM32WB55RG_Workspace/DeltaTPlus_STM32WB55RG_090525/Adafruit_MAX31856_Library" -I"C:/Users/jaowe/Documents/Projects/DeltaTPlus_STM32WB55RG_Workspace/DeltaTPlus_STM32WB55RG_090525/Adafruit_1704X_Library" -I"C:/Users/jaowe/Documents/Projects/DeltaTPlus_STM32WB55RG_Workspace/DeltaTPlus_STM32WB55RG_090525/Screen" -I../Middlewares/ST/STM32_USB_Device_Library/Class/DFU/Inc -I"C:/Users/jaowe/Documents/Projects/DeltaTPlus_STM32WB55RG_Workspace/DeltaTPlus_STM32WB55RG_090525/AD7124_Library" -O0 -ffunction-sections -fdata-sections -fno-exceptions -fno-rtti -fno-use-cxa-atexit -Wall -pedantic -fstack-usage -fcyclomatic-complexity -MMD -MP -MF"AD7124_Library/ad7124-driver.d" -MT"AD7124_Library/ad7124-driver.o" --specs=nano.specs -mfpu=fpv4-sp-d16 -mfloat-abi=hard -mthumb -o "AD7124_Library/ad7124-driver.o"
../AD7124_Library/ad7124-driver.cpp: In member function 'int Ad7124Driver::read(uint8_t*, uint8_t)':
../AD7124_Library/ad7124-driver.cpp:72:11: warning: ISO C++ forbids variable length array 'dummy_tx' [-Wvla]
   72 |   uint8_t dummy_tx[len];
      |           ^~~~~~~~
arm-none-eabi-g++ -o "DeltaTPlus_STM32WB55RG_090525.elf" @"objects.list"   -mcpu=cortex-m4 -T"C:\Users\jaowe\Documents\Projects\DeltaTPlus_STM32WB55RG_Workspace\DeltaTPlus_STM32WB55RG_090525\STM32WB55RGVX_FLASH.ld" --specs=nosys.specs -Wl,-Map="DeltaTPlus_STM32WB55RG_090525.map" -Wl,--gc-sections -static -u _printf_float --specs=nano.specs -mfpu=fpv4-sp-d16 -mfloat-abi=hard -mthumb -u _printf_float -Wl,--start-group -lc -lm -lstdc++ -lsupc++ -Wl,--end-group
C:/ST/STM32CubeIDE_1.18.0/STM32CubeIDE/plugins/com.st.stm32cube.ide.mcu.externaltools.gnu-tools-for-stm32.13.3.rel1.win32_1.0.0.202411081344/tools/bin/../lib/gcc/arm-none-eabi/13.3.1/../../../../arm-none-eabi/bin/ld.exe: ./AD7124_Library/ad7124-private.o: in function `Ad7124Private::waitForSpiReady(unsigned long)':
C:/Users/jaowe/Documents/Projects/DeltaTPlus_STM32WB55RG_Workspace/DeltaTPlus_STM32WB55RG_090525/Debug/../AD7124_Library/ad7124-private.cpp:290:(.text._ZN13Ad7124Private15waitForSpiReadyEm+0x56): undefined reference to `Ad7124Driver::delay(unsigned long)'
C:/ST/STM32CubeIDE_1.18.0/STM32CubeIDE/plugins/com.st.stm32cube.ide.mcu.externaltools.gnu-tools-for-stm32.13.3.rel1.win32_1.0.0.202411081344/tools/bin/../lib/gcc/arm-none-eabi/13.3.1/../../../../arm-none-eabi/bin/ld.exe: ./AD7124_Library/ad7124-private.o: in function `Ad7124Private::waitToPowerOn(unsigned long)':
C:/Users/jaowe/Documents/Projects/DeltaTPlus_STM32WB55RG_Workspace/DeltaTPlus_STM32WB55RG_090525/Debug/../AD7124_Library/ad7124-private.cpp:331:(.text._ZN13Ad7124Private13waitToPowerOnEm+0x5e): undefined reference to `Ad7124Driver::delay(unsigned long)'
C:/ST/STM32CubeIDE_1.18.0/STM32CubeIDE/plugins/com.st.stm32cube.ide.mcu.externaltools.gnu-tools-for-stm32.13.3.rel1.win32_1.0.0.202411081344/tools/bin/../lib/gcc/arm-none-eabi/13.3.1/../../../../arm-none-eabi/bin/ld.exe: ./AD7124_Library/ad7124-private.o: in function `Ad7124Private::waitForConvReady(unsigned long)':
C:/Users/jaowe/Documents/Projects/DeltaTPlus_STM32WB55RG_Workspace/DeltaTPlus_STM32WB55RG_090525/Debug/../AD7124_Library/ad7124-private.cpp:373:(.text._ZN13Ad7124Private16waitForConvReadyEm+0x52): undefined reference to `Ad7124Driver::delay(unsigned long)'
collect2.exe: error: ld returned 1 exit status
make: *** [makefile:109: DeltaTPlus_STM32WB55RG_090525.elf] Error 1
"make -j12 all" terminated with exit code 2. Build might be incomplete.
19:57:03 **** Incremental Build of configuration Debug for project DeltaTPlus_STM32WB55RG_090525 ****
make -j12 all 
arm-none-eabi-g++ "../Core/Src/main.cpp" -mcpu=cortex-m4 -std=gnu++14 -g3 -DDEBUG -DUSE_HAL_DRIVER -DSTM32WB55xx -c -I../Core/Inc -I../STM32_WPAN/App -I../USB_Device/App -I../USB_Device/Target -I../Drivers/STM32WBxx_HAL_Driver/Inc -I../Drivers/STM32WBxx_HAL_Driver/Inc/Legacy -I../Utilities/lpm/tiny_lpm -I../Middlewares/ST/STM32_WPAN -I../Middlewares/ST/STM32_WPAN/interface/patterns/ble_thread -I../Middlewares/ST/STM32_WPAN/interface/patterns/ble_thread/tl -I../Middlewares/ST/STM32_WPAN/interface/patterns/ble_thread/shci -I../Middlewares/ST/STM32_WPAN/utilities -I../Middlewares/ST/STM32_WPAN/ble/core -I../Middlewares/ST/STM32_WPAN/ble/core/auto -I../Middlewares/ST/STM32_WPAN/ble/core/template -I../Middlewares/ST/STM32_WPAN/ble/svc/Inc -I../Middlewares/ST/STM32_WPAN/ble/svc/Src -I../Middlewares/ST/STM32_USB_Device_Library/Core/Inc -I../Drivers/CMSIS/Device/ST/STM32WBxx/Include -I../Utilities/sequencer -I../Middlewares/ST/STM32_WPAN/ble -I../Drivers/CMSIS/Include -I"C:/Users/jaowe/Documents/Projects/DeltaTPlus_STM32WB55RG_Workspace/DeltaTPlus_STM32WB55RG_090525/Adafruit_GFX_Library-1.12.0" -I"C:/Users/jaowe/Documents/Projects/DeltaTPlus_STM32WB55RG_Workspace/DeltaTPlus_STM32WB55RG_090525/Adafruit_MAX31856_Library" -I"C:/Users/jaowe/Documents/Projects/DeltaTPlus_STM32WB55RG_Workspace/DeltaTPlus_STM32WB55RG_090525/Adafruit_1704X_Library" -I"C:/Users/jaowe/Documents/Projects/DeltaTPlus_STM32WB55RG_Workspace/DeltaTPlus_STM32WB55RG_090525/Screen" -I../Middlewares/ST/STM32_USB_Device_Library/Class/DFU/Inc -I"C:/Users/jaowe/Documents/Projects/DeltaTPlus_STM32WB55RG_Workspace/DeltaTPlus_STM32WB55RG_090525/AD7124_Library" -O0 -ffunction-sections -fdata-sections -fno-exceptions -fno-rtti -fno-use-cxa-atexit -Wall -pedantic -fstack-usage -fcyclomatic-complexity -MMD -MP -MF"Core/Src/main.d" -MT"Core/Src/main.o" --specs=nano.specs -mfpu=fpv4-sp-d16 -mfloat-abi=hard -mthumb -o "Core/Src/main.o"
arm-none-eabi-g++ "../AD7124_Library/ad7124-driver.cpp" -mcpu=cortex-m4 -std=gnu++14 -g3 -DDEBUG -DUSE_HAL_DRIVER -DSTM32WB55xx -c -I../Core/Inc -I../STM32_WPAN/App -I../USB_Device/App -I../USB_Device/Target -I../Drivers/STM32WBxx_HAL_Driver/Inc -I../Drivers/STM32WBxx_HAL_Driver/Inc/Legacy -I../Utilities/lpm/tiny_lpm -I../Middlewares/ST/STM32_WPAN -I../Middlewares/ST/STM32_WPAN/interface/patterns/ble_thread -I../Middlewares/ST/STM32_WPAN/interface/patterns/ble_thread/tl -I../Middlewares/ST/STM32_WPAN/interface/patterns/ble_thread/shci -I../Middlewares/ST/STM32_WPAN/utilities -I../Middlewares/ST/STM32_WPAN/ble/core -I../Middlewares/ST/STM32_WPAN/ble/core/auto -I../Middlewares/ST/STM32_WPAN/ble/core/template -I../Middlewares/ST/STM32_WPAN/ble/svc/Inc -I../Middlewares/ST/STM32_WPAN/ble/svc/Src -I../Middlewares/ST/STM32_USB_Device_Library/Core/Inc -I../Drivers/CMSIS/Device/ST/STM32WBxx/Include -I../Utilities/sequencer -I../Middlewares/ST/STM32_WPAN/ble -I../Drivers/CMSIS/Include -I"C:/Users/jaowe/Documents/Projects/DeltaTPlus_STM32WB55RG_Workspace/DeltaTPlus_STM32WB55RG_090525/Adafruit_GFX_Library-1.12.0" -I"C:/Users/jaowe/Documents/Projects/DeltaTPlus_STM32WB55RG_Workspace/DeltaTPlus_STM32WB55RG_090525/Adafruit_MAX31856_Library" -I"C:/Users/jaowe/Documents/Projects/DeltaTPlus_STM32WB55RG_Workspace/DeltaTPlus_STM32WB55RG_090525/Adafruit_1704X_Library" -I"C:/Users/jaowe/Documents/Projects/DeltaTPlus_STM32WB55RG_Workspace/DeltaTPlus_STM32WB55RG_090525/Screen" -I../Middlewares/ST/STM32_USB_Device_Library/Class/DFU/Inc -I"C:/Users/jaowe/Documents/Projects/DeltaTPlus_STM32WB55RG_Workspace/DeltaTPlus_STM32WB55RG_090525/AD7124_Library" -O0 -ffunction-sections -fdata-sections -fno-exceptions -fno-rtti -fno-use-cxa-atexit -Wall -pedantic -fstack-usage -fcyclomatic-complexity -MMD -MP -MF"AD7124_Library/ad7124-driver.d" -MT"AD7124_Library/ad7124-driver.o" --specs=nano.specs -mfpu=fpv4-sp-d16 -mfloat-abi=hard -mthumb -o "AD7124_Library/ad7124-driver.o"
arm-none-eabi-g++ "../AD7124_Library/ad7124-private.cpp" -mcpu=cortex-m4 -std=gnu++14 -g3 -DDEBUG -DUSE_HAL_DRIVER -DSTM32WB55xx -c -I../Core/Inc -I../STM32_WPAN/App -I../USB_Device/App -I../USB_Device/Target -I../Drivers/STM32WBxx_HAL_Driver/Inc -I../Drivers/STM32WBxx_HAL_Driver/Inc/Legacy -I../Utilities/lpm/tiny_lpm -I../Middlewares/ST/STM32_WPAN -I../Middlewares/ST/STM32_WPAN/interface/patterns/ble_thread -I../Middlewares/ST/STM32_WPAN/interface/patterns/ble_thread/tl -I../Middlewares/ST/STM32_WPAN/interface/patterns/ble_thread/shci -I../Middlewares/ST/STM32_WPAN/utilities -I../Middlewares/ST/STM32_WPAN/ble/core -I../Middlewares/ST/STM32_WPAN/ble/core/auto -I../Middlewares/ST/STM32_WPAN/ble/core/template -I../Middlewares/ST/STM32_WPAN/ble/svc/Inc -I../Middlewares/ST/STM32_WPAN/ble/svc/Src -I../Middlewares/ST/STM32_USB_Device_Library/Core/Inc -I../Drivers/CMSIS/Device/ST/STM32WBxx/Include -I../Utilities/sequencer -I../Middlewares/ST/STM32_WPAN/ble -I../Drivers/CMSIS/Include -I"C:/Users/jaowe/Documents/Projects/DeltaTPlus_STM32WB55RG_Workspace/DeltaTPlus_STM32WB55RG_090525/Adafruit_GFX_Library-1.12.0" -I"C:/Users/jaowe/Documents/Projects/DeltaTPlus_STM32WB55RG_Workspace/DeltaTPlus_STM32WB55RG_090525/Adafruit_MAX31856_Library" -I"C:/Users/jaowe/Documents/Projects/DeltaTPlus_STM32WB55RG_Workspace/DeltaTPlus_STM32WB55RG_090525/Adafruit_1704X_Library" -I"C:/Users/jaowe/Documents/Projects/DeltaTPlus_STM32WB55RG_Workspace/DeltaTPlus_STM32WB55RG_090525/Screen" -I../Middlewares/ST/STM32_USB_Device_Library/Class/DFU/Inc -I"C:/Users/jaowe/Documents/Projects/DeltaTPlus_STM32WB55RG_Workspace/DeltaTPlus_STM32WB55RG_090525/AD7124_Library" -O0 -ffunction-sections -fdata-sections -fno-exceptions -fno-rtti -fno-use-cxa-atexit -Wall -pedantic -fstack-usage -fcyclomatic-complexity -MMD -MP -MF"AD7124_Library/ad7124-private.d" -MT"AD7124_Library/ad7124-private.o" --specs=nano.specs -mfpu=fpv4-sp-d16 -mfloat-abi=hard -mthumb -o "AD7124_Library/ad7124-private.o"
../AD7124_Library/ad7124-driver.cpp: In member function 'int Ad7124Driver::read(uint8_t*, uint8_t)':
../AD7124_Library/ad7124-driver.cpp:72:11: warning: ISO C++ forbids variable length array 'dummy_tx' [-Wvla]
   72 |   uint8_t dummy_tx[len];
      |           ^~~~~~~~
In file included from ../Core/Src/main.cpp:38:
../Core/Inc/TEMP_MAX31856.h:59:1: warning: "/*" within comment [-Wcomment]
   59 | /** Noise filtering options enum. Use with setNoiseFilter()
      |  
../Core/Inc/TEMP_MAX31856.h:79:1: warning: "/*" within comment [-Wcomment]
   79 | /** Temperature conversion mode
      |  
../Core/Inc/TEMP_MAX31856.h:128:3: warning: "/*" within comment [-Wcomment]
  128 | } /* extern "C"
      |    
../Core/Src/main.cpp: In function 'int main()':
../Core/Src/main.cpp:353:15: warning: array subscript has type 'char' [-Wchar-subscripts]
  353 |         SBraw[ch] = dataWord;
      |               ^~
../Core/Src/main.cpp:361:16: warning: array subscript has type 'char' [-Wchar-subscripts]
  361 |         SBvolt[ch] = Ad7124Chip::toVoltage(SBraw[ch], 128, 2.5, true);
      |                ^~
../Core/Src/main.cpp:361:50: warning: array subscript has type 'char' [-Wchar-subscripts]
  361 |         SBvolt[ch] = Ad7124Chip::toVoltage(SBraw[ch], 128, 2.5, true);
      |                                                  ^~
../Core/Src/main.cpp:251:8: warning: unused variable 'statusWord' [-Wunused-variable]
  251 |   char statusWord;
      |        ^~~~~~~~~~
arm-none-eabi-g++ -o "DeltaTPlus_STM32WB55RG_090525.elf" @"objects.list"   -mcpu=cortex-m4 -T"C:\Users\jaowe\Documents\Projects\DeltaTPlus_STM32WB55RG_Workspace\DeltaTPlus_STM32WB55RG_090525\STM32WB55RGVX_FLASH.ld" --specs=nosys.specs -Wl,-Map="DeltaTPlus_STM32WB55RG_090525.map" -Wl,--gc-sections -static -u _printf_float --specs=nano.specs -mfpu=fpv4-sp-d16 -mfloat-abi=hard -mthumb -u _printf_float -Wl,--start-group -lc -lm -lstdc++ -lsupc++ -Wl,--end-group
Finished building target: DeltaTPlus_STM32WB55RG_090525.elf
 
arm-none-eabi-size  DeltaTPlus_STM32WB55RG_090525.elf 
arm-none-eabi-objdump -h -S DeltaTPlus_STM32WB55RG_090525.elf  > "DeltaTPlus_STM32WB55RG_090525.list"
   text	   data	    bss	    dec	    hex	filename
 123376	   2989	  12379	 138744	  21df8	DeltaTPlus_STM32WB55RG_090525.elf
Finished building: default.size.stdout
 
Finished building: DeltaTPlus_STM32WB55RG_090525.list
 
20:40:13 **** Incremental Build of configuration Debug for project DeltaTPlus_STM32WB55RG_090525 ****
make -j12 all 
arm-none-eabi-size  DeltaTPlus_STM32WB55RG_090525.elf 
   text	   data	    bss	    dec	    hex	filename
 123376	   2989	  12379	 138744	  21df8	DeltaTPlus_STM32WB55RG_090525.elf
Finished building: default.size.stdout
 
